14:03:49 **** Build of configuration Debug for project lab7_ex1.3_project ****
make -j8 all 
arm-none-eabi-gcc "../Drivers/STM32F4xx_HAL_Driver/Src/stm32f4xx_ll_exti.c" -mcpu=cortex-m4 -std=gnu11 -g3 '-DLSI_VALUE=32000' -DSTM32F401xE '-DHSE_STARTUP_TIMEOUT=100' '-DHSI_VALUE=16000000' '-DLSE_STARTUP_TIMEOUT=5000' -DDEBUG '-DLSE_VALUE=32768' '-DDATA_CACHE_ENABLE=1' '-DEXTERNAL_CLOCK_VALUE=12288000' '-DVDD_VALUE=3300' '-DINSTRUCTION_CACHE_ENABLE=1' '-DHSE_VALUE=25000000' -DUSE_FULL_LL_DRIVER '-DPREFETCH_ENABLE=1' -c -I../Drivers/CMSIS/Include -I../Drivers/STM32F4xx_HAL_Driver/Inc -I../Core/Inc -I../Drivers/CMSIS/Device/ST/STM32F4xx/Include -O0 -ffunction-sections -fdata-sections -Wall -fstack-usage -MMD -MP -MF"Drivers/STM32F4xx_HAL_Driver/Src/stm32f4xx_ll_exti.d" -MT"Drivers/STM32F4xx_HAL_Driver/Src/stm32f4xx_ll_exti.o" --specs=nano.specs -mfpu=fpv4-sp-d16 -mfloat-abi=hard -mthumb -o "Drivers/STM32F4xx_HAL_Driver/Src/stm32f4xx_ll_exti.o"
arm-none-eabi-gcc "../Drivers/STM32F4xx_HAL_Driver/Src/stm32f4xx_ll_gpio.c" -mcpu=cortex-m4 -std=gnu11 -g3 '-DLSI_VALUE=32000' -DSTM32F401xE '-DHSE_STARTUP_TIMEOUT=100' '-DHSI_VALUE=16000000' '-DLSE_STARTUP_TIMEOUT=5000' -DDEBUG '-DLSE_VALUE=32768' '-DDATA_CACHE_ENABLE=1' '-DEXTERNAL_CLOCK_VALUE=12288000' '-DVDD_VALUE=3300' '-DINSTRUCTION_CACHE_ENABLE=1' '-DHSE_VALUE=25000000' -DUSE_FULL_LL_DRIVER '-DPREFETCH_ENABLE=1' -c -I../Drivers/CMSIS/Include -I../Drivers/STM32F4xx_HAL_Driver/Inc -I../Core/Inc -I../Drivers/CMSIS/Device/ST/STM32F4xx/Include -O0 -ffunction-sections -fdata-sections -Wall -fstack-usage -MMD -MP -MF"Drivers/STM32F4xx_HAL_Driver/Src/stm32f4xx_ll_gpio.d" -MT"Drivers/STM32F4xx_HAL_Driver/Src/stm32f4xx_ll_gpio.o" --specs=nano.specs -mfpu=fpv4-sp-d16 -mfloat-abi=hard -mthumb -o "Drivers/STM32F4xx_HAL_Driver/Src/stm32f4xx_ll_gpio.o"
arm-none-eabi-gcc "../Drivers/STM32F4xx_HAL_Driver/Src/stm32f4xx_ll_rcc.c" -mcpu=cortex-m4 -std=gnu11 -g3 '-DLSI_VALUE=32000' -DSTM32F401xE '-DHSE_STARTUP_TIMEOUT=100' '-DHSI_VALUE=16000000' '-DLSE_STARTUP_TIMEOUT=5000' -DDEBUG '-DLSE_VALUE=32768' '-DDATA_CACHE_ENABLE=1' '-DEXTERNAL_CLOCK_VALUE=12288000' '-DVDD_VALUE=3300' '-DINSTRUCTION_CACHE_ENABLE=1' '-DHSE_VALUE=25000000' -DUSE_FULL_LL_DRIVER '-DPREFETCH_ENABLE=1' -c -I../Drivers/CMSIS/Include -I../Drivers/STM32F4xx_HAL_Driver/Inc -I../Core/Inc -I../Drivers/CMSIS/Device/ST/STM32F4xx/Include -O0 -ffunction-sections -fdata-sections -Wall -fstack-usage -MMD -MP -MF"Drivers/STM32F4xx_HAL_Driver/Src/stm32f4xx_ll_rcc.d" -MT"Drivers/STM32F4xx_HAL_Driver/Src/stm32f4xx_ll_rcc.o" --specs=nano.specs -mfpu=fpv4-sp-d16 -mfloat-abi=hard -mthumb -o "Drivers/STM32F4xx_HAL_Driver/Src/stm32f4xx_ll_rcc.o"
arm-none-eabi-gcc "../Drivers/STM32F4xx_HAL_Driver/Src/stm32f4xx_ll_utils.c" -mcpu=cortex-m4 -std=gnu11 -g3 '-DLSI_VALUE=32000' -DSTM32F401xE '-DHSE_STARTUP_TIMEOUT=100' '-DHSI_VALUE=16000000' '-DLSE_STARTUP_TIMEOUT=5000' -DDEBUG '-DLSE_VALUE=32768' '-DDATA_CACHE_ENABLE=1' '-DEXTERNAL_CLOCK_VALUE=12288000' '-DVDD_VALUE=3300' '-DINSTRUCTION_CACHE_ENABLE=1' '-DHSE_VALUE=25000000' -DUSE_FULL_LL_DRIVER '-DPREFETCH_ENABLE=1' -c -I../Drivers/CMSIS/Include -I../Drivers/STM32F4xx_HAL_Driver/Inc -I../Core/Inc -I../Drivers/CMSIS/Device/ST/STM32F4xx/Include -O0 -ffunction-sections -fdata-sections -Wall -fstack-usage -MMD -MP -MF"Drivers/STM32F4xx_HAL_Driver/Src/stm32f4xx_ll_utils.d" -MT"Drivers/STM32F4xx_HAL_Driver/Src/stm32f4xx_ll_utils.o" --specs=nano.specs -mfpu=fpv4-sp-d16 -mfloat-abi=hard -mthumb -o "Drivers/STM32F4xx_HAL_Driver/Src/stm32f4xx_ll_utils.o"
arm-none-eabi-gcc -mcpu=cortex-m4 -g3 -c -x assembler-with-cpp --specs=nano.specs -mfpu=fpv4-sp-d16 -mfloat-abi=hard -mthumb -o "Core/Startup/startup_stm32f401retx.o" "../Core/Startup/startup_stm32f401retx.s"
arm-none-eabi-gcc "../Core/Src/main.c" -mcpu=cortex-m4 -std=gnu11 -g3 '-DLSI_VALUE=32000' -DSTM32F401xE '-DHSE_STARTUP_TIMEOUT=100' '-DHSI_VALUE=16000000' '-DLSE_STARTUP_TIMEOUT=5000' -DDEBUG '-DLSE_VALUE=32768' '-DDATA_CACHE_ENABLE=1' '-DEXTERNAL_CLOCK_VALUE=12288000' '-DVDD_VALUE=3300' '-DINSTRUCTION_CACHE_ENABLE=1' '-DHSE_VALUE=25000000' -DUSE_FULL_LL_DRIVER '-DPREFETCH_ENABLE=1' -c -I../Drivers/CMSIS/Include -I../Drivers/STM32F4xx_HAL_Driver/Inc -I../Core/Inc -I../Drivers/CMSIS/Device/ST/STM32F4xx/Include -O0 -ffunction-sections -fdata-sections -Wall -fstack-usage -MMD -MP -MF"Core/Src/main.d" -MT"Core/Src/main.o" --specs=nano.specs -mfpu=fpv4-sp-d16 -mfloat-abi=hard -mthumb -o "Core/Src/main.o"
arm-none-eabi-gcc "../Core/Src/stm32f4xx_it.c" -mcpu=cortex-m4 -std=gnu11 -g3 '-DLSI_VALUE=32000' -DSTM32F401xE '-DHSE_STARTUP_TIMEOUT=100' '-DHSI_VALUE=16000000' '-DLSE_STARTUP_TIMEOUT=5000' -DDEBUG '-DLSE_VALUE=32768' '-DDATA_CACHE_ENABLE=1' '-DEXTERNAL_CLOCK_VALUE=12288000' '-DVDD_VALUE=3300' '-DINSTRUCTION_CACHE_ENABLE=1' '-DHSE_VALUE=25000000' -DUSE_FULL_LL_DRIVER '-DPREFETCH_ENABLE=1' -c -I../Drivers/CMSIS/Include -I../Drivers/STM32F4xx_HAL_Driver/Inc -I../Core/Inc -I../Drivers/CMSIS/Device/ST/STM32F4xx/Include -O0 -ffunction-sections -fdata-sections -Wall -fstack-usage -MMD -MP -MF"Core/Src/stm32f4xx_it.d" -MT"Core/Src/stm32f4xx_it.o" --specs=nano.specs -mfpu=fpv4-sp-d16 -mfloat-abi=hard -mthumb -o "Core/Src/stm32f4xx_it.o"
arm-none-eabi-gcc "../Core/Src/syscalls.c" -mcpu=cortex-m4 -std=gnu11 -g3 '-DLSI_VALUE=32000' -DSTM32F401xE '-DHSE_STARTUP_TIMEOUT=100' '-DHSI_VALUE=16000000' '-DLSE_STARTUP_TIMEOUT=5000' -DDEBUG '-DLSE_VALUE=32768' '-DDATA_CACHE_ENABLE=1' '-DEXTERNAL_CLOCK_VALUE=12288000' '-DVDD_VALUE=3300' '-DINSTRUCTION_CACHE_ENABLE=1' '-DHSE_VALUE=25000000' -DUSE_FULL_LL_DRIVER '-DPREFETCH_ENABLE=1' -c -I../Drivers/CMSIS/Include -I../Drivers/STM32F4xx_HAL_Driver/Inc -I../Core/Inc -I../Drivers/CMSIS/Device/ST/STM32F4xx/Include -O0 -ffunction-sections -fdata-sections -Wall -fstack-usage -MMD -MP -MF"Core/Src/syscalls.d" -MT"Core/Src/syscalls.o" --specs=nano.specs -mfpu=fpv4-sp-d16 -mfloat-abi=hard -mthumb -o "Core/Src/syscalls.o"
arm-none-eabi-gcc "../Core/Src/sysmem.c" -mcpu=cortex-m4 -std=gnu11 -g3 '-DLSI_VALUE=32000' -DSTM32F401xE '-DHSE_STARTUP_TIMEOUT=100' '-DHSI_VALUE=16000000' '-DLSE_STARTUP_TIMEOUT=5000' -DDEBUG '-DLSE_VALUE=32768' '-DDATA_CACHE_ENABLE=1' '-DEXTERNAL_CLOCK_VALUE=12288000' '-DVDD_VALUE=3300' '-DINSTRUCTION_CACHE_ENABLE=1' '-DHSE_VALUE=25000000' -DUSE_FULL_LL_DRIVER '-DPREFETCH_ENABLE=1' -c -I../Drivers/CMSIS/Include -I../Drivers/STM32F4xx_HAL_Driver/Inc -I../Core/Inc -I../Drivers/CMSIS/Device/ST/STM32F4xx/Include -O0 -ffunction-sections -fdata-sections -Wall -fstack-usage -MMD -MP -MF"Core/Src/sysmem.d" -MT"Core/Src/sysmem.o" --specs=nano.specs -mfpu=fpv4-sp-d16 -mfloat-abi=hard -mthumb -o "Core/Src/sysmem.o"
../Core/Src/main.c: In function 'main':
../Core/Src/main.c:99:7: warning: unused variable 'i' [-Wunused-variable]
   int i,flag =0 , delay = 2000;
       ^
arm-none-eabi-gcc "../Core/Src/system_stm32f4xx.c" -mcpu=cortex-m4 -std=gnu11 -g3 '-DLSI_VALUE=32000' -DSTM32F401xE '-DHSE_STARTUP_TIMEOUT=100' '-DHSI_VALUE=16000000' '-DLSE_STARTUP_TIMEOUT=5000' -DDEBUG '-DLSE_VALUE=32768' '-DDATA_CACHE_ENABLE=1' '-DEXTERNAL_CLOCK_VALUE=12288000' '-DVDD_VALUE=3300' '-DINSTRUCTION_CACHE_ENABLE=1' '-DHSE_VALUE=25000000' -DUSE_FULL_LL_DRIVER '-DPREFETCH_ENABLE=1' -c -I../Drivers/CMSIS/Include -I../Drivers/STM32F4xx_HAL_Driver/Inc -I../Core/Inc -I../Drivers/CMSIS/Device/ST/STM32F4xx/Include -O0 -ffunction-sections -fdata-sections -Wall -fstack-usage -MMD -MP -MF"Core/Src/system_stm32f4xx.d" -MT"Core/Src/system_stm32f4xx.o" --specs=nano.specs -mfpu=fpv4-sp-d16 -mfloat-abi=hard -mthumb -o "Core/Src/system_stm32f4xx.o"
arm-none-eabi-gcc -o "lab7_ex1.3_project.elf" @"objects.list"   -mcpu=cortex-m4 -T"D:\POLITO\3rd year\digital systema electronics\STM32\lab7_ex1.3\lab7_ex1.3_project\STM32F401RETX_FLASH.ld" --specs=nosys.specs -Wl,-Map="lab7_ex1.3_project.map" -Wl,--gc-sections -static --specs=nano.specs -mfpu=fpv4-sp-d16 -mfloat-abi=hard -mthumb -Wl,--start-group -lc -lm -Wl,--end-group
Finished building target: lab7_ex1.3_project.elf
 
arm-none-eabi-size   lab7_ex1.3_project.elf 
arm-none-eabi-objdump -h -S  lab7_ex1.3_project.elf  > "lab7_ex1.3_project.list"
arm-none-eabi-objcopy  -O binary  lab7_ex1.3_project.elf  "lab7_ex1.3_project.bin"
   text	   data	    bss	    dec	    hex	filename
   2800	     12	   1564	   4376	   1118	lab7_ex1.3_project.elf
Finished building: default.size.stdout
 
Finished building: lab7_ex1.3_project.bin
Finished building: lab7_ex1.3_project.list
 
 
14:04:01 **** Incremental Build of configuration Debug for project lab7_ex1.3_project ****
make -j8 all 
arm-none-eabi-size   lab7_ex1.3_project.elf 
   text	   data	    bss	    dec	    hex	filename
   2800	     12	   1564	   4376	   1118	lab7_ex1.3_project.elf
Finished building: default.size.stdout
 
14:04:22 **** Incremental Build of configuration Debug for project lab7_ex1.3_project ****
make -j8 all 
arm-none-eabi-size   lab7_ex1.3_project.elf 
   text	   data	    bss	    dec	    hex	filename
   2800	     12	   1564	   4376	   1118	lab7_ex1.3_project.elf
Finished building: default.size.stdout
 
14:27:50 **** Incremental Build of configuration Debug for project lab7_ex1.3_project ****
make -j8 all 
arm-none-eabi-gcc "../Drivers/STM32F4xx_HAL_Driver/Src/stm32f4xx_ll_utils.c" -mcpu=cortex-m4 -std=gnu11 -g3 '-DLSI_VALUE=32000' -DSTM32F401xE '-DHSE_STARTUP_TIMEOUT=100' '-DHSI_VALUE=16000000' '-DLSE_STARTUP_TIMEOUT=5000' -DDEBUG '-DLSE_VALUE=32768' '-DDATA_CACHE_ENABLE=1' '-DEXTERNAL_CLOCK_VALUE=12288000' '-DVDD_VALUE=3300' '-DINSTRUCTION_CACHE_ENABLE=1' '-DHSE_VALUE=25000000' -DUSE_FULL_LL_DRIVER '-DPREFETCH_ENABLE=1' -c -I../Drivers/CMSIS/Include -I../Drivers/STM32F4xx_HAL_Driver/Inc -I../Core/Inc -I../Drivers/CMSIS/Device/ST/STM32F4xx/Include -O0 -ffunction-sections -fdata-sections -Wall -fstack-usage -MMD -MP -MF"Drivers/STM32F4xx_HAL_Driver/Src/stm32f4xx_ll_utils.d" -MT"Drivers/STM32F4xx_HAL_Driver/Src/stm32f4xx_ll_utils.o" --specs=nano.specs -mfpu=fpv4-sp-d16 -mfloat-abi=hard -mthumb -o "Drivers/STM32F4xx_HAL_Driver/Src/stm32f4xx_ll_utils.o"
arm-none-eabi-gcc "../Core/Src/main.c" -mcpu=cortex-m4 -std=gnu11 -g3 '-DLSI_VALUE=32000' -DSTM32F401xE '-DHSE_STARTUP_TIMEOUT=100' '-DHSI_VALUE=16000000' '-DLSE_STARTUP_TIMEOUT=5000' -DDEBUG '-DLSE_VALUE=32768' '-DDATA_CACHE_ENABLE=1' '-DEXTERNAL_CLOCK_VALUE=12288000' '-DVDD_VALUE=3300' '-DINSTRUCTION_CACHE_ENABLE=1' '-DHSE_VALUE=25000000' -DUSE_FULL_LL_DRIVER '-DPREFETCH_ENABLE=1' -c -I../Drivers/CMSIS/Include -I../Drivers/STM32F4xx_HAL_Driver/Inc -I../Core/Inc -I../Drivers/CMSIS/Device/ST/STM32F4xx/Include -O0 -ffunction-sections -fdata-sections -Wall -fstack-usage -MMD -MP -MF"Core/Src/main.d" -MT"Core/Src/main.o" --specs=nano.specs -mfpu=fpv4-sp-d16 -mfloat-abi=hard -mthumb -o "Core/Src/main.o"
arm-none-eabi-gcc "../Core/Src/stm32f4xx_it.c" -mcpu=cortex-m4 -std=gnu11 -g3 '-DLSI_VALUE=32000' -DSTM32F401xE '-DHSE_STARTUP_TIMEOUT=100' '-DHSI_VALUE=16000000' '-DLSE_STARTUP_TIMEOUT=5000' -DDEBUG '-DLSE_VALUE=32768' '-DDATA_CACHE_ENABLE=1' '-DEXTERNAL_CLOCK_VALUE=12288000' '-DVDD_VALUE=3300' '-DINSTRUCTION_CACHE_ENABLE=1' '-DHSE_VALUE=25000000' -DUSE_FULL_LL_DRIVER '-DPREFETCH_ENABLE=1' -c -I../Drivers/CMSIS/Include -I../Drivers/STM32F4xx_HAL_Driver/Inc -I../Core/Inc -I../Drivers/CMSIS/Device/ST/STM32F4xx/Include -O0 -ffunction-sections -fdata-sections -Wall -fstack-usage -MMD -MP -MF"Core/Src/stm32f4xx_it.d" -MT"Core/Src/stm32f4xx_it.o" --specs=nano.specs -mfpu=fpv4-sp-d16 -mfloat-abi=hard -mthumb -o "Core/Src/stm32f4xx_it.o"
arm-none-eabi-gcc -o "lab7_ex1.3_project.elf" @"objects.list"   -mcpu=cortex-m4 -T"D:\POLITO\3rd year\digital systema electronics\STM32\lab7_ex1.3\lab7_ex1.3_project\STM32F401RETX_FLASH.ld" --specs=nosys.specs -Wl,-Map="lab7_ex1.3_project.map" -Wl,--gc-sections -static --specs=nano.specs -mfpu=fpv4-sp-d16 -mfloat-abi=hard -mthumb -Wl,--start-group -lc -lm -Wl,--end-group
Finished building target: lab7_ex1.3_project.elf
 
arm-none-eabi-objdump -h -S  lab7_ex1.3_project.elf  > "lab7_ex1.3_project.list"
arm-none-eabi-objcopy  -O binary  lab7_ex1.3_project.elf  "lab7_ex1.3_project.bin"
arm-none-eabi-size   lab7_ex1.3_project.elf 
   text	   data	    bss	    dec	    hex	filename
   2856	     12	   1564	   4432	   1150	lab7_ex1.3_project.elf
Finished building: default.size.stdout
 
Finished building: lab7_ex1.3_project.bin
Finished building: lab7_ex1.3_project.list
 
 
14:28:06 **** Incremental Build of configuration Debug for project lab7_ex1.3_project ****
make -j8 all 
arm-none-eabi-size   lab7_ex1.3_project.elf 
   text	   data	    bss	    dec	    hex	filename
   2856	     12	   1564	   4432	   1150	lab7_ex1.3_project.elf
Finished building: default.size.stdout
 
14:43:20 **** Incremental Build of configuration Debug for project lab7_ex1.3_project ****
make -j8 all 
arm-none-eabi-size   lab7_ex1.3_project.elf 
   text	   data	    bss	    dec	    hex	filename
   2856	     12	   1564	   4432	   1150	lab7_ex1.3_project.elf
Finished building: default.size.stdout
 
19:23:01 **** Incremental Build of configuration Debug for project lab7_ex1.3_project ****
make -j8 all 
arm-none-eabi-gcc "../Core/Src/main.c" -mcpu=cortex-m4 -std=gnu11 -g3 '-DLSI_VALUE=32000' -DSTM32F401xE '-DHSE_STARTUP_TIMEOUT=100' '-DHSI_VALUE=16000000' '-DLSE_STARTUP_TIMEOUT=5000' -DDEBUG '-DLSE_VALUE=32768' '-DDATA_CACHE_ENABLE=1' '-DEXTERNAL_CLOCK_VALUE=12288000' '-DVDD_VALUE=3300' '-DINSTRUCTION_CACHE_ENABLE=1' '-DHSE_VALUE=25000000' -DUSE_FULL_LL_DRIVER '-DPREFETCH_ENABLE=1' -c -I../Drivers/CMSIS/Include -I../Drivers/STM32F4xx_HAL_Driver/Inc -I../Core/Inc -I../Drivers/CMSIS/Device/ST/STM32F4xx/Include -O0 -ffunction-sections -fdata-sections -Wall -fstack-usage -MMD -MP -MF"Core/Src/main.d" -MT"Core/Src/main.o" --specs=nano.specs -mfpu=fpv4-sp-d16 -mfloat-abi=hard -mthumb -o "Core/Src/main.o"
arm-none-eabi-gcc -o "lab7_ex1.3_project.elf" @"objects.list"   -mcpu=cortex-m4 -T"D:\POLITO\3rd year\digital systema electronics\STM32\lab7_ex1.3\lab7_ex1.3_project\STM32F401RETX_FLASH.ld" --specs=nosys.specs -Wl,-Map="lab7_ex1.3_project.map" -Wl,--gc-sections -static --specs=nano.specs -mfpu=fpv4-sp-d16 -mfloat-abi=hard -mthumb -Wl,--start-group -lc -lm -Wl,--end-group
Finished building target: lab7_ex1.3_project.elf
 
arm-none-eabi-objdump -h -S  lab7_ex1.3_project.elf  > "lab7_ex1.3_project.list"
arm-none-eabi-objcopy  -O binary  lab7_ex1.3_project.elf  "lab7_ex1.3_project.bin"
arm-none-eabi-size   lab7_ex1.3_project.elf 
   text	   data	    bss	    dec	    hex	filename
   2856	     12	   1564	   4432	   1150	lab7_ex1.3_project.elf
Finished building: default.size.stdout
 
Finished building: lab7_ex1.3_project.bin
 
Finished building: lab7_ex1.3_project.list
 
19:23:10 **** Incremental Build of configuration Debug for project lab7_ex1.3_project ****
make -j8 all 
arm-none-eabi-size   lab7_ex1.3_project.elf 
   text	   data	    bss	    dec	    hex	filename
   2856	     12	   1564	   4432	   1150	lab7_ex1.3_project.elf
Finished building: default.size.stdout
 
19:25:32 **** Incremental Build of configuration Debug for project lab7_ex1.3_project ****
make -j8 all 
arm-none-eabi-size   lab7_ex1.3_project.elf 
   text	   data	    bss	    dec	    hex	filename
   2856	     12	   1564	   4432	   1150	lab7_ex1.3_project.elf
Finished building: default.size.stdout
 
19:27:02 **** Incremental Build of configuration Debug for project lab7_ex1.3_project ****
make -j8 all 
arm-none-eabi-size   lab7_ex1.3_project.elf 
   text	   data	    bss	    dec	    hex	filename
   2856	     12	   1564	   4432	   1150	lab7_ex1.3_project.elf
Finished building: default.size.stdout
 
19:32:52 **** Incremental Build of configuration Debug for project lab7_ex1.3_project ****
make -j8 all 
arm-none-eabi-size   lab7_ex1.3_project.elf 
   text	   data	    bss	    dec	    hex	filename
   2856	     12	   1564	   4432	   1150	lab7_ex1.3_project.elf
Finished building: default.size.stdout
 
19:36:11 **** Incremental Build of configuration Debug for project lab7_ex1.3_project ****
make -j8 all 
arm-none-eabi-gcc "../Core/Src/main.c" -mcpu=cortex-m4 -std=gnu11 -g3 '-DLSI_VALUE=32000' -DSTM32F401xE '-DHSE_STARTUP_TIMEOUT=100' '-DHSI_VALUE=16000000' '-DLSE_STARTUP_TIMEOUT=5000' -DDEBUG '-DLSE_VALUE=32768' '-DDATA_CACHE_ENABLE=1' '-DEXTERNAL_CLOCK_VALUE=12288000' '-DVDD_VALUE=3300' '-DINSTRUCTION_CACHE_ENABLE=1' '-DHSE_VALUE=25000000' -DUSE_FULL_LL_DRIVER '-DPREFETCH_ENABLE=1' -c -I../Drivers/CMSIS/Include -I../Drivers/STM32F4xx_HAL_Driver/Inc -I../Core/Inc -I../Drivers/CMSIS/Device/ST/STM32F4xx/Include -O0 -ffunction-sections -fdata-sections -Wall -fstack-usage -MMD -MP -MF"Core/Src/main.d" -MT"Core/Src/main.o" --specs=nano.specs -mfpu=fpv4-sp-d16 -mfloat-abi=hard -mthumb -o "Core/Src/main.o"
arm-none-eabi-gcc -o "lab7_ex1.3_project.elf" @"objects.list"   -mcpu=cortex-m4 -T"D:\POLITO\3rd year\digital systema electronics\STM32\lab7_ex1.3\lab7_ex1.3_project\STM32F401RETX_FLASH.ld" --specs=nosys.specs -Wl,-Map="lab7_ex1.3_project.map" -Wl,--gc-sections -static --specs=nano.specs -mfpu=fpv4-sp-d16 -mfloat-abi=hard -mthumb -Wl,--start-group -lc -lm -Wl,--end-group
Finished building target: lab7_ex1.3_project.elf
 
arm-none-eabi-objdump -h -S  lab7_ex1.3_project.elf  > "lab7_ex1.3_project.list"
arm-none-eabi-objcopy  -O binary  lab7_ex1.3_project.elf  "lab7_ex1.3_project.bin"
arm-none-eabi-size   lab7_ex1.3_project.elf 
   text	   data	    bss	    dec	    hex	filename
   2856	     12	   1564	   4432	   1150	lab7_ex1.3_project.elf
Finished building: default.size.stdout
 
Finished building: lab7_ex1.3_project.bin
Finished building: lab7_ex1.3_project.list
 
 
19:36:18 **** Incremental Build of configuration Debug for project lab7_ex1.3_project ****
make -j8 all 
arm-none-eabi-size   lab7_ex1.3_project.elf 
   text	   data	    bss	    dec	    hex	filename
   2856	     12	   1564	   4432	   1150	lab7_ex1.3_project.elf
Finished building: default.size.stdout
 
19:52:10 **** Incremental Build of configuration Debug for project lab7_ex1.3_project ****
make -j8 all 
arm-none-eabi-size   lab7_ex1.3_project.elf 
   text	   data	    bss	    dec	    hex	filename
   2856	     12	   1564	   4432	   1150	lab7_ex1.3_project.elf
Finished building: default.size.stdout
 
19:52:11 **** Build of configuration Debug for project trial ****
make -j8 all 
arm-none-eabi-gcc "../Drivers/STM32F4xx_HAL_Driver/Src/stm32f4xx_ll_exti.c" -mcpu=cortex-m4 -std=gnu11 -g3 '-DLSI_VALUE=32000' -DSTM32F401xE '-DHSE_STARTUP_TIMEOUT=100' '-DHSI_VALUE=16000000' '-DLSE_STARTUP_TIMEOUT=5000' -DDEBUG '-DLSE_VALUE=32768' '-DDATA_CACHE_ENABLE=1' '-DEXTERNAL_CLOCK_VALUE=12288000' '-DVDD_VALUE=3300' '-DINSTRUCTION_CACHE_ENABLE=1' '-DHSE_VALUE=25000000' -DUSE_FULL_LL_DRIVER '-DPREFETCH_ENABLE=1' -c -I../Drivers/CMSIS/Include -I../Drivers/STM32F4xx_HAL_Driver/Inc -I../Core/Inc -I../Drivers/CMSIS/Device/ST/STM32F4xx/Include -O0 -ffunction-sections -fdata-sections -Wall -fstack-usage -MMD -MP -MF"Drivers/STM32F4xx_HAL_Driver/Src/stm32f4xx_ll_exti.d" -MT"Drivers/STM32F4xx_HAL_Driver/Src/stm32f4xx_ll_exti.o" --specs=nano.specs -mfpu=fpv4-sp-d16 -mfloat-abi=hard -mthumb -o "Drivers/STM32F4xx_HAL_Driver/Src/stm32f4xx_ll_exti.o"
arm-none-eabi-gcc "../Drivers/STM32F4xx_HAL_Driver/Src/stm32f4xx_ll_gpio.c" -mcpu=cortex-m4 -std=gnu11 -g3 '-DLSI_VALUE=32000' -DSTM32F401xE '-DHSE_STARTUP_TIMEOUT=100' '-DHSI_VALUE=16000000' '-DLSE_STARTUP_TIMEOUT=5000' -DDEBUG '-DLSE_VALUE=32768' '-DDATA_CACHE_ENABLE=1' '-DEXTERNAL_CLOCK_VALUE=12288000' '-DVDD_VALUE=3300' '-DINSTRUCTION_CACHE_ENABLE=1' '-DHSE_VALUE=25000000' -DUSE_FULL_LL_DRIVER '-DPREFETCH_ENABLE=1' -c -I../Drivers/CMSIS/Include -I../Drivers/STM32F4xx_HAL_Driver/Inc -I../Core/Inc -I../Drivers/CMSIS/Device/ST/STM32F4xx/Include -O0 -ffunction-sections -fdata-sections -Wall -fstack-usage -MMD -MP -MF"Drivers/STM32F4xx_HAL_Driver/Src/stm32f4xx_ll_gpio.d" -MT"Drivers/STM32F4xx_HAL_Driver/Src/stm32f4xx_ll_gpio.o" --specs=nano.specs -mfpu=fpv4-sp-d16 -mfloat-abi=hard -mthumb -o "Drivers/STM32F4xx_HAL_Driver/Src/stm32f4xx_ll_gpio.o"
arm-none-eabi-gcc "../Drivers/STM32F4xx_HAL_Driver/Src/stm32f4xx_ll_rcc.c" -mcpu=cortex-m4 -std=gnu11 -g3 '-DLSI_VALUE=32000' -DSTM32F401xE '-DHSE_STARTUP_TIMEOUT=100' '-DHSI_VALUE=16000000' '-DLSE_STARTUP_TIMEOUT=5000' -DDEBUG '-DLSE_VALUE=32768' '-DDATA_CACHE_ENABLE=1' '-DEXTERNAL_CLOCK_VALUE=12288000' '-DVDD_VALUE=3300' '-DINSTRUCTION_CACHE_ENABLE=1' '-DHSE_VALUE=25000000' -DUSE_FULL_LL_DRIVER '-DPREFETCH_ENABLE=1' -c -I../Drivers/CMSIS/Include -I../Drivers/STM32F4xx_HAL_Driver/Inc -I../Core/Inc -I../Drivers/CMSIS/Device/ST/STM32F4xx/Include -O0 -ffunction-sections -fdata-sections -Wall -fstack-usage -MMD -MP -MF"Drivers/STM32F4xx_HAL_Driver/Src/stm32f4xx_ll_rcc.d" -MT"Drivers/STM32F4xx_HAL_Driver/Src/stm32f4xx_ll_rcc.o" --specs=nano.specs -mfpu=fpv4-sp-d16 -mfloat-abi=hard -mthumb -o "Drivers/STM32F4xx_HAL_Driver/Src/stm32f4xx_ll_rcc.o"
arm-none-eabi-gcc "../Drivers/STM32F4xx_HAL_Driver/Src/stm32f4xx_ll_utils.c" -mcpu=cortex-m4 -std=gnu11 -g3 '-DLSI_VALUE=32000' -DSTM32F401xE '-DHSE_STARTUP_TIMEOUT=100' '-DHSI_VALUE=16000000' '-DLSE_STARTUP_TIMEOUT=5000' -DDEBUG '-DLSE_VALUE=32768' '-DDATA_CACHE_ENABLE=1' '-DEXTERNAL_CLOCK_VALUE=12288000' '-DVDD_VALUE=3300' '-DINSTRUCTION_CACHE_ENABLE=1' '-DHSE_VALUE=25000000' -DUSE_FULL_LL_DRIVER '-DPREFETCH_ENABLE=1' -c -I../Drivers/CMSIS/Include -I../Drivers/STM32F4xx_HAL_Driver/Inc -I../Core/Inc -I../Drivers/CMSIS/Device/ST/STM32F4xx/Include -O0 -ffunction-sections -fdata-sections -Wall -fstack-usage -MMD -MP -MF"Drivers/STM32F4xx_HAL_Driver/Src/stm32f4xx_ll_utils.d" -MT"Drivers/STM32F4xx_HAL_Driver/Src/stm32f4xx_ll_utils.o" --specs=nano.specs -mfpu=fpv4-sp-d16 -mfloat-abi=hard -mthumb -o "Drivers/STM32F4xx_HAL_Driver/Src/stm32f4xx_ll_utils.o"
arm-none-eabi-gcc -mcpu=cortex-m4 -g3 -c -x assembler-with-cpp --specs=nano.specs -mfpu=fpv4-sp-d16 -mfloat-abi=hard -mthumb -o "Core/Startup/startup_stm32f401retx.o" "../Core/Startup/startup_stm32f401retx.s"
arm-none-eabi-gcc "../Core/Src/main.c" -mcpu=cortex-m4 -std=gnu11 -g3 '-DLSI_VALUE=32000' -DSTM32F401xE '-DHSE_STARTUP_TIMEOUT=100' '-DHSI_VALUE=16000000' '-DLSE_STARTUP_TIMEOUT=5000' -DDEBUG '-DLSE_VALUE=32768' '-DDATA_CACHE_ENABLE=1' '-DEXTERNAL_CLOCK_VALUE=12288000' '-DVDD_VALUE=3300' '-DINSTRUCTION_CACHE_ENABLE=1' '-DHSE_VALUE=25000000' -DUSE_FULL_LL_DRIVER '-DPREFETCH_ENABLE=1' -c -I../Drivers/CMSIS/Include -I../Drivers/STM32F4xx_HAL_Driver/Inc -I../Core/Inc -I../Drivers/CMSIS/Device/ST/STM32F4xx/Include -O0 -ffunction-sections -fdata-sections -Wall -fstack-usage -MMD -MP -MF"Core/Src/main.d" -MT"Core/Src/main.o" --specs=nano.specs -mfpu=fpv4-sp-d16 -mfloat-abi=hard -mthumb -o "Core/Src/main.o"
arm-none-eabi-gcc "../Core/Src/stm32f4xx_it.c" -mcpu=cortex-m4 -std=gnu11 -g3 '-DLSI_VALUE=32000' -DSTM32F401xE '-DHSE_STARTUP_TIMEOUT=100' '-DHSI_VALUE=16000000' '-DLSE_STARTUP_TIMEOUT=5000' -DDEBUG '-DLSE_VALUE=32768' '-DDATA_CACHE_ENABLE=1' '-DEXTERNAL_CLOCK_VALUE=12288000' '-DVDD_VALUE=3300' '-DINSTRUCTION_CACHE_ENABLE=1' '-DHSE_VALUE=25000000' -DUSE_FULL_LL_DRIVER '-DPREFETCH_ENABLE=1' -c -I../Drivers/CMSIS/Include -I../Drivers/STM32F4xx_HAL_Driver/Inc -I../Core/Inc -I../Drivers/CMSIS/Device/ST/STM32F4xx/Include -O0 -ffunction-sections -fdata-sections -Wall -fstack-usage -MMD -MP -MF"Core/Src/stm32f4xx_it.d" -MT"Core/Src/stm32f4xx_it.o" --specs=nano.specs -mfpu=fpv4-sp-d16 -mfloat-abi=hard -mthumb -o "Core/Src/stm32f4xx_it.o"
arm-none-eabi-gcc "../Core/Src/syscalls.c" -mcpu=cortex-m4 -std=gnu11 -g3 '-DLSI_VALUE=32000' -DSTM32F401xE '-DHSE_STARTUP_TIMEOUT=100' '-DHSI_VALUE=16000000' '-DLSE_STARTUP_TIMEOUT=5000' -DDEBUG '-DLSE_VALUE=32768' '-DDATA_CACHE_ENABLE=1' '-DEXTERNAL_CLOCK_VALUE=12288000' '-DVDD_VALUE=3300' '-DINSTRUCTION_CACHE_ENABLE=1' '-DHSE_VALUE=25000000' -DUSE_FULL_LL_DRIVER '-DPREFETCH_ENABLE=1' -c -I../Drivers/CMSIS/Include -I../Drivers/STM32F4xx_HAL_Driver/Inc -I../Core/Inc -I../Drivers/CMSIS/Device/ST/STM32F4xx/Include -O0 -ffunction-sections -fdata-sections -Wall -fstack-usage -MMD -MP -MF"Core/Src/syscalls.d" -MT"Core/Src/syscalls.o" --specs=nano.specs -mfpu=fpv4-sp-d16 -mfloat-abi=hard -mthumb -o "Core/Src/syscalls.o"
arm-none-eabi-gcc "../Core/Src/sysmem.c" -mcpu=cortex-m4 -std=gnu11 -g3 '-DLSI_VALUE=32000' -DSTM32F401xE '-DHSE_STARTUP_TIMEOUT=100' '-DHSI_VALUE=16000000' '-DLSE_STARTUP_TIMEOUT=5000' -DDEBUG '-DLSE_VALUE=32768' '-DDATA_CACHE_ENABLE=1' '-DEXTERNAL_CLOCK_VALUE=12288000' '-DVDD_VALUE=3300' '-DINSTRUCTION_CACHE_ENABLE=1' '-DHSE_VALUE=25000000' -DUSE_FULL_LL_DRIVER '-DPREFETCH_ENABLE=1' -c -I../Drivers/CMSIS/Include -I../Drivers/STM32F4xx_HAL_Driver/Inc -I../Core/Inc -I../Drivers/CMSIS/Device/ST/STM32F4xx/Include -O0 -ffunction-sections -fdata-sections -Wall -fstack-usage -MMD -MP -MF"Core/Src/sysmem.d" -MT"Core/Src/sysmem.o" --specs=nano.specs -mfpu=fpv4-sp-d16 -mfloat-abi=hard -mthumb -o "Core/Src/sysmem.o"
arm-none-eabi-gcc "../Core/Src/system_stm32f4xx.c" -mcpu=cortex-m4 -std=gnu11 -g3 '-DLSI_VALUE=32000' -DSTM32F401xE '-DHSE_STARTUP_TIMEOUT=100' '-DHSI_VALUE=16000000' '-DLSE_STARTUP_TIMEOUT=5000' -DDEBUG '-DLSE_VALUE=32768' '-DDATA_CACHE_ENABLE=1' '-DEXTERNAL_CLOCK_VALUE=12288000' '-DVDD_VALUE=3300' '-DINSTRUCTION_CACHE_ENABLE=1' '-DHSE_VALUE=25000000' -DUSE_FULL_LL_DRIVER '-DPREFETCH_ENABLE=1' -c -I../Drivers/CMSIS/Include -I../Drivers/STM32F4xx_HAL_Driver/Inc -I../Core/Inc -I../Drivers/CMSIS/Device/ST/STM32F4xx/Include -O0 -ffunction-sections -fdata-sections -Wall -fstack-usage -MMD -MP -MF"Core/Src/system_stm32f4xx.d" -MT"Core/Src/system_stm32f4xx.o" --specs=nano.specs -mfpu=fpv4-sp-d16 -mfloat-abi=hard -mthumb -o "Core/Src/system_stm32f4xx.o"
arm-none-eabi-gcc -o "trial.elf" @"objects.list"   -mcpu=cortex-m4 -T"D:\POLITO\3rd year\digital systema electronics\STM32\lab7_ex1.3\trial\STM32F401RETX_FLASH.ld" --specs=nosys.specs -Wl,-Map="trial.map" -Wl,--gc-sections -static --specs=nano.specs -mfpu=fpv4-sp-d16 -mfloat-abi=hard -mthumb -Wl,--start-group -lc -lm -Wl,--end-group
Finished building target: trial.elf
 
arm-none-eabi-size   trial.elf 
arm-none-eabi-objdump -h -S  trial.elf  > "trial.list"
arm-none-eabi-objcopy  -O binary  trial.elf  "trial.bin"
   text	   data	    bss	    dec	    hex	filename
   2940	     16	   1568	   4524	   11ac	trial.elf
Finished building: default.size.stdout
 
Finished building: trial.bin
Finished building: trial.list
 
 
19:52:28 **** Incremental Build of configuration Debug for project trial ****
make -j8 all 
arm-none-eabi-size   trial.elf 
   text	   data	    bss	    dec	    hex	filename
   2940	     16	   1568	   4524	   11ac	trial.elf
Finished building: default.size.stdout
 
19:57:14 **** Incremental Build of configuration Debug for project lab7_ex1.3_project ****
make -j8 all 
arm-none-eabi-size   lab7_ex1.3_project.elf 
   text	   data	    bss	    dec	    hex	filename
   2856	     12	   1564	   4432	   1150	lab7_ex1.3_project.elf
Finished building: default.size.stdout
 
19:57:15 **** Incremental Build of configuration Debug for project trial ****
make -j8 all 
arm-none-eabi-gcc "../Core/Src/main.c" -mcpu=cortex-m4 -std=gnu11 -g3 '-DLSI_VALUE=32000' -DSTM32F401xE '-DHSE_STARTUP_TIMEOUT=100' '-DHSI_VALUE=16000000' '-DLSE_STARTUP_TIMEOUT=5000' -DDEBUG '-DLSE_VALUE=32768' '-DDATA_CACHE_ENABLE=1' '-DEXTERNAL_CLOCK_VALUE=12288000' '-DVDD_VALUE=3300' '-DINSTRUCTION_CACHE_ENABLE=1' '-DHSE_VALUE=25000000' -DUSE_FULL_LL_DRIVER '-DPREFETCH_ENABLE=1' -c -I../Drivers/CMSIS/Include -I../Drivers/STM32F4xx_HAL_Driver/Inc -I../Core/Inc -I../Drivers/CMSIS/Device/ST/STM32F4xx/Include -O0 -ffunction-sections -fdata-sections -Wall -fstack-usage -MMD -MP -MF"Core/Src/main.d" -MT"Core/Src/main.o" --specs=nano.specs -mfpu=fpv4-sp-d16 -mfloat-abi=hard -mthumb -o "Core/Src/main.o"
arm-none-eabi-gcc -o "trial.elf" @"objects.list"   -mcpu=cortex-m4 -T"D:\POLITO\3rd year\digital systema electronics\STM32\lab7_ex1.3\trial\STM32F401RETX_FLASH.ld" --specs=nosys.specs -Wl,-Map="trial.map" -Wl,--gc-sections -static --specs=nano.specs -mfpu=fpv4-sp-d16 -mfloat-abi=hard -mthumb -Wl,--start-group -lc -lm -Wl,--end-group
Finished building target: trial.elf
 
arm-none-eabi-objdump -h -S  trial.elf  > "trial.list"
arm-none-eabi-objcopy  -O binary  trial.elf  "trial.bin"
arm-none-eabi-size   trial.elf 
   text	   data	    bss	    dec	    hex	filename
   2940	     16	   1568	   4524	   11ac	trial.elf
Finished building: default.size.stdout
 
Finished building: trial.bin
Finished building: trial.list
 
 
19:57:19 **** Incremental Build of configuration Debug for project trial ****
make -j8 all 
arm-none-eabi-size   trial.elf 
   text	   data	    bss	    dec	    hex	filename
   2940	     16	   1568	   4524	   11ac	trial.elf
Finished building: default.size.stdout
 
19:59:56 **** Incremental Build of configuration Debug for project lab7_ex1.3_project ****
make -j8 all 
arm-none-eabi-size   lab7_ex1.3_project.elf 
   text	   data	    bss	    dec	    hex	filename
   2856	     12	   1564	   4432	   1150	lab7_ex1.3_project.elf
Finished building: default.size.stdout
 
19:59:57 **** Incremental Build of configuration Debug for project trial ****
make -j8 all 
arm-none-eabi-gcc "../Core/Src/main.c" -mcpu=cortex-m4 -std=gnu11 -g3 '-DLSI_VALUE=32000' -DSTM32F401xE '-DHSE_STARTUP_TIMEOUT=100' '-DHSI_VALUE=16000000' '-DLSE_STARTUP_TIMEOUT=5000' -DDEBUG '-DLSE_VALUE=32768' '-DDATA_CACHE_ENABLE=1' '-DEXTERNAL_CLOCK_VALUE=12288000' '-DVDD_VALUE=3300' '-DINSTRUCTION_CACHE_ENABLE=1' '-DHSE_VALUE=25000000' -DUSE_FULL_LL_DRIVER '-DPREFETCH_ENABLE=1' -c -I../Drivers/CMSIS/Include -I../Drivers/STM32F4xx_HAL_Driver/Inc -I../Core/Inc -I../Drivers/CMSIS/Device/ST/STM32F4xx/Include -O0 -ffunction-sections -fdata-sections -Wall -fstack-usage -MMD -MP -MF"Core/Src/main.d" -MT"Core/Src/main.o" --specs=nano.specs -mfpu=fpv4-sp-d16 -mfloat-abi=hard -mthumb -o "Core/Src/main.o"
arm-none-eabi-gcc -o "trial.elf" @"objects.list"   -mcpu=cortex-m4 -T"D:\POLITO\3rd year\digital systema electronics\STM32\lab7_ex1.3\trial\STM32F401RETX_FLASH.ld" --specs=nosys.specs -Wl,-Map="trial.map" -Wl,--gc-sections -static --specs=nano.specs -mfpu=fpv4-sp-d16 -mfloat-abi=hard -mthumb -Wl,--start-group -lc -lm -Wl,--end-group
Finished building target: trial.elf
 
arm-none-eabi-objdump -h -S  trial.elf  > "trial.list"
arm-none-eabi-objcopy  -O binary  trial.elf  "trial.bin"
arm-none-eabi-size   trial.elf 
   text	   data	    bss	    dec	    hex	filename
   2940	     16	   1568	   4524	   11ac	trial.elf
Finished building: default.size.stdout
 
Finished building: trial.bin
Finished building: trial.list
 
 
20:00:05 **** Incremental Build of configuration Debug for project trial ****
make -j8 all 
arm-none-eabi-size   trial.elf 
   text	   data	    bss	    dec	    hex	filename
   2940	     16	   1568	   4524	   11ac	trial.elf
Finished building: default.size.stdout
 
20:01:46 **** Incremental Build of configuration Debug for project lab7_ex1.3_project ****
make -j8 all 
arm-none-eabi-size   lab7_ex1.3_project.elf 
   text	   data	    bss	    dec	    hex	filename
   2856	     12	   1564	   4432	   1150	lab7_ex1.3_project.elf
Finished building: default.size.stdout
 
20:01:47 **** Incremental Build of configuration Debug for project trial ****
make -j8 all 
arm-none-eabi-gcc "../Core/Src/main.c" -mcpu=cortex-m4 -std=gnu11 -g3 '-DLSI_VALUE=32000' -DSTM32F401xE '-DHSE_STARTUP_TIMEOUT=100' '-DHSI_VALUE=16000000' '-DLSE_STARTUP_TIMEOUT=5000' -DDEBUG '-DLSE_VALUE=32768' '-DDATA_CACHE_ENABLE=1' '-DEXTERNAL_CLOCK_VALUE=12288000' '-DVDD_VALUE=3300' '-DINSTRUCTION_CACHE_ENABLE=1' '-DHSE_VALUE=25000000' -DUSE_FULL_LL_DRIVER '-DPREFETCH_ENABLE=1' -c -I../Drivers/CMSIS/Include -I../Drivers/STM32F4xx_HAL_Driver/Inc -I../Core/Inc -I../Drivers/CMSIS/Device/ST/STM32F4xx/Include -O0 -ffunction-sections -fdata-sections -Wall -fstack-usage -MMD -MP -MF"Core/Src/main.d" -MT"Core/Src/main.o" --specs=nano.specs -mfpu=fpv4-sp-d16 -mfloat-abi=hard -mthumb -o "Core/Src/main.o"
arm-none-eabi-gcc -o "trial.elf" @"objects.list"   -mcpu=cortex-m4 -T"D:\POLITO\3rd year\digital systema electronics\STM32\lab7_ex1.3\trial\STM32F401RETX_FLASH.ld" --specs=nosys.specs -Wl,-Map="trial.map" -Wl,--gc-sections -static --specs=nano.specs -mfpu=fpv4-sp-d16 -mfloat-abi=hard -mthumb -Wl,--start-group -lc -lm -Wl,--end-group
Finished building target: trial.elf
 
arm-none-eabi-objdump -h -S  trial.elf  > "trial.list"
arm-none-eabi-objcopy  -O binary  trial.elf  "trial.bin"
arm-none-eabi-size   trial.elf 
   text	   data	    bss	    dec	    hex	filename
   2940	     16	   1568	   4524	   11ac	trial.elf
Finished building: default.size.stdout
 
Finished building: trial.bin
Finished building: trial.list
 
 
20:01:55 **** Incremental Build of configuration Debug for project trial ****
make -j8 all 
arm-none-eabi-size   trial.elf 
   text	   data	    bss	    dec	    hex	filename
   2940	     16	   1568	   4524	   11ac	trial.elf
Finished building: default.size.stdout
 
20:02:57 **** Incremental Build of configuration Debug for project lab7_ex1.3_project ****
make -j8 all 
arm-none-eabi-size   lab7_ex1.3_project.elf 
   text	   data	    bss	    dec	    hex	filename
   2856	     12	   1564	   4432	   1150	lab7_ex1.3_project.elf
Finished building: default.size.stdout
 
20:02:58 **** Incremental Build of configuration Debug for project trial ****
make -j8 all 
arm-none-eabi-gcc "../Core/Src/main.c" -mcpu=cortex-m4 -std=gnu11 -g3 '-DLSI_VALUE=32000' -DSTM32F401xE '-DHSE_STARTUP_TIMEOUT=100' '-DHSI_VALUE=16000000' '-DLSE_STARTUP_TIMEOUT=5000' -DDEBUG '-DLSE_VALUE=32768' '-DDATA_CACHE_ENABLE=1' '-DEXTERNAL_CLOCK_VALUE=12288000' '-DVDD_VALUE=3300' '-DINSTRUCTION_CACHE_ENABLE=1' '-DHSE_VALUE=25000000' -DUSE_FULL_LL_DRIVER '-DPREFETCH_ENABLE=1' -c -I../Drivers/CMSIS/Include -I../Drivers/STM32F4xx_HAL_Driver/Inc -I../Core/Inc -I../Drivers/CMSIS/Device/ST/STM32F4xx/Include -O0 -ffunction-sections -fdata-sections -Wall -fstack-usage -MMD -MP -MF"Core/Src/main.d" -MT"Core/Src/main.o" --specs=nano.specs -mfpu=fpv4-sp-d16 -mfloat-abi=hard -mthumb -o "Core/Src/main.o"
arm-none-eabi-gcc -o "trial.elf" @"objects.list"   -mcpu=cortex-m4 -T"D:\POLITO\3rd year\digital systema electronics\STM32\lab7_ex1.3\trial\STM32F401RETX_FLASH.ld" --specs=nosys.specs -Wl,-Map="trial.map" -Wl,--gc-sections -static --specs=nano.specs -mfpu=fpv4-sp-d16 -mfloat-abi=hard -mthumb -Wl,--start-group -lc -lm -Wl,--end-group
Finished building target: trial.elf
 
arm-none-eabi-objdump -h -S  trial.elf  > "trial.list"
arm-none-eabi-objcopy  -O binary  trial.elf  "trial.bin"
arm-none-eabi-size   trial.elf 
   text	   data	    bss	    dec	    hex	filename
   2940	     16	   1568	   4524	   11ac	trial.elf
Finished building: default.size.stdout
 
Finished building: trial.bin
Finished building: trial.list
 
 
20:03:06 **** Incremental Build of configuration Debug for project trial ****
make -j8 all 
arm-none-eabi-size   trial.elf 
   text	   data	    bss	    dec	    hex	filename
   2940	     16	   1568	   4524	   11ac	trial.elf
Finished building: default.size.stdout
 
20:04:01 **** Incremental Build of configuration Debug for project lab7_ex1.3_project ****
make -j8 all 
arm-none-eabi-size   lab7_ex1.3_project.elf 
   text	   data	    bss	    dec	    hex	filename
   2856	     12	   1564	   4432	   1150	lab7_ex1.3_project.elf
Finished building: default.size.stdout
 
20:04:02 **** Incremental Build of configuration Debug for project trial ****
make -j8 all 
arm-none-eabi-gcc "../Core/Src/main.c" -mcpu=cortex-m4 -std=gnu11 -g3 '-DLSI_VALUE=32000' -DSTM32F401xE '-DHSE_STARTUP_TIMEOUT=100' '-DHSI_VALUE=16000000' '-DLSE_STARTUP_TIMEOUT=5000' -DDEBUG '-DLSE_VALUE=32768' '-DDATA_CACHE_ENABLE=1' '-DEXTERNAL_CLOCK_VALUE=12288000' '-DVDD_VALUE=3300' '-DINSTRUCTION_CACHE_ENABLE=1' '-DHSE_VALUE=25000000' -DUSE_FULL_LL_DRIVER '-DPREFETCH_ENABLE=1' -c -I../Drivers/CMSIS/Include -I../Drivers/STM32F4xx_HAL_Driver/Inc -I../Core/Inc -I../Drivers/CMSIS/Device/ST/STM32F4xx/Include -O0 -ffunction-sections -fdata-sections -Wall -fstack-usage -MMD -MP -MF"Core/Src/main.d" -MT"Core/Src/main.o" --specs=nano.specs -mfpu=fpv4-sp-d16 -mfloat-abi=hard -mthumb -o "Core/Src/main.o"
arm-none-eabi-gcc -o "trial.elf" @"objects.list"   -mcpu=cortex-m4 -T"D:\POLITO\3rd year\digital systema electronics\STM32\lab7_ex1.3\trial\STM32F401RETX_FLASH.ld" --specs=nosys.specs -Wl,-Map="trial.map" -Wl,--gc-sections -static --specs=nano.specs -mfpu=fpv4-sp-d16 -mfloat-abi=hard -mthumb -Wl,--start-group -lc -lm -Wl,--end-group
Finished building target: trial.elf
 
arm-none-eabi-objdump -h -S  trial.elf  > "trial.list"
arm-none-eabi-objcopy  -O binary  trial.elf  "trial.bin"
arm-none-eabi-size   trial.elf 
   text	   data	    bss	    dec	    hex	filename
   2940	     16	   1568	   4524	   11ac	trial.elf
Finished building: default.size.stdout
 
Finished building: trial.bin
Finished building: trial.list
 
 
20:04:07 **** Incremental Build of configuration Debug for project trial ****
make -j8 all 
arm-none-eabi-size   trial.elf 
   text	   data	    bss	    dec	    hex	filename
   2940	     16	   1568	   4524	   11ac	trial.elf
Finished building: default.size.stdout
 
20:05:16 **** Incremental Build of configuration Debug for project lab7_ex1.3_project ****
make -j8 all 
arm-none-eabi-size   lab7_ex1.3_project.elf 
   text	   data	    bss	    dec	    hex	filename
   2856	     12	   1564	   4432	   1150	lab7_ex1.3_project.elf
Finished building: default.size.stdout
 
20:05:17 **** Incremental Build of configuration Debug for project trial ****
make -j8 all 
arm-none-eabi-gcc "../Core/Src/main.c" -mcpu=cortex-m4 -std=gnu11 -g3 '-DLSI_VALUE=32000' -DSTM32F401xE '-DHSE_STARTUP_TIMEOUT=100' '-DHSI_VALUE=16000000' '-DLSE_STARTUP_TIMEOUT=5000' -DDEBUG '-DLSE_VALUE=32768' '-DDATA_CACHE_ENABLE=1' '-DEXTERNAL_CLOCK_VALUE=12288000' '-DVDD_VALUE=3300' '-DINSTRUCTION_CACHE_ENABLE=1' '-DHSE_VALUE=25000000' -DUSE_FULL_LL_DRIVER '-DPREFETCH_ENABLE=1' -c -I../Drivers/CMSIS/Include -I../Drivers/STM32F4xx_HAL_Driver/Inc -I../Core/Inc -I../Drivers/CMSIS/Device/ST/STM32F4xx/Include -O0 -ffunction-sections -fdata-sections -Wall -fstack-usage -MMD -MP -MF"Core/Src/main.d" -MT"Core/Src/main.o" --specs=nano.specs -mfpu=fpv4-sp-d16 -mfloat-abi=hard -mthumb -o "Core/Src/main.o"
arm-none-eabi-gcc -o "trial.elf" @"objects.list"   -mcpu=cortex-m4 -T"D:\POLITO\3rd year\digital systema electronics\STM32\lab7_ex1.3\trial\STM32F401RETX_FLASH.ld" --specs=nosys.specs -Wl,-Map="trial.map" -Wl,--gc-sections -static --specs=nano.specs -mfpu=fpv4-sp-d16 -mfloat-abi=hard -mthumb -Wl,--start-group -lc -lm -Wl,--end-group
Finished building target: trial.elf
 
arm-none-eabi-objdump -h -S  trial.elf  > "trial.list"
arm-none-eabi-objcopy  -O binary  trial.elf  "trial.bin"
arm-none-eabi-size   trial.elf 
   text	   data	    bss	    dec	    hex	filename
   2940	     16	   1568	   4524	   11ac	trial.elf
Finished building: default.size.stdout
 
Finished building: trial.bin
Finished building: trial.list
 
 
20:05:24 **** Incremental Build of configuration Debug for project trial ****
make -j8 all 
arm-none-eabi-size   trial.elf 
   text	   data	    bss	    dec	    hex	filename
   2940	     16	   1568	   4524	   11ac	trial.elf
Finished building: default.size.stdout
 
20:17:41 **** Incremental Build of configuration Debug for project trial ****
make -j8 all 
arm-none-eabi-gcc "../Core/Src/main.c" -mcpu=cortex-m4 -std=gnu11 -g3 '-DLSI_VALUE=32000' -DSTM32F401xE '-DHSE_STARTUP_TIMEOUT=100' '-DHSI_VALUE=16000000' '-DLSE_STARTUP_TIMEOUT=5000' -DDEBUG '-DLSE_VALUE=32768' '-DDATA_CACHE_ENABLE=1' '-DEXTERNAL_CLOCK_VALUE=12288000' '-DVDD_VALUE=3300' '-DINSTRUCTION_CACHE_ENABLE=1' '-DHSE_VALUE=25000000' -DUSE_FULL_LL_DRIVER '-DPREFETCH_ENABLE=1' -c -I../Drivers/CMSIS/Include -I../Drivers/STM32F4xx_HAL_Driver/Inc -I../Core/Inc -I../Drivers/CMSIS/Device/ST/STM32F4xx/Include -O0 -ffunction-sections -fdata-sections -Wall -fstack-usage -MMD -MP -MF"Core/Src/main.d" -MT"Core/Src/main.o" --specs=nano.specs -mfpu=fpv4-sp-d16 -mfloat-abi=hard -mthumb -o "Core/Src/main.o"
arm-none-eabi-gcc -o "trial.elf" @"objects.list"   -mcpu=cortex-m4 -T"D:\POLITO\3rd year\digital systema electronics\STM32\lab7_ex1.3\trial\STM32F401RETX_FLASH.ld" --specs=nosys.specs -Wl,-Map="trial.map" -Wl,--gc-sections -static --specs=nano.specs -mfpu=fpv4-sp-d16 -mfloat-abi=hard -mthumb -Wl,--start-group -lc -lm -Wl,--end-group
Finished building target: trial.elf
 
arm-none-eabi-objdump -h -S  trial.elf  > "trial.list"
arm-none-eabi-objcopy  -O binary  trial.elf  "trial.bin"
arm-none-eabi-size   trial.elf 
   text	   data	    bss	    dec	    hex	filename
   2940	     16	   1568	   4524	   11ac	trial.elf
Finished building: default.size.stdout
 
Finished building: trial.bin
Finished building: trial.list
 
 
20:17:51 **** Incremental Build of configuration Debug for project trial ****
make -j8 all 
arm-none-eabi-size   trial.elf 
   text	   data	    bss	    dec	    hex	filename
   2940	     16	   1568	   4524	   11ac	trial.elf
Finished building: default.size.stdout
 
20:19:12 **** Incremental Build of configuration Debug for project trial ****
make -j8 all 
arm-none-eabi-size   trial.elf 
   text	   data	    bss	    dec	    hex	filename
   2940	     16	   1568	   4524	   11ac	trial.elf
Finished building: default.size.stdout
 
