22:31:13 **** Incremental Build of configuration Debug for project lab8_ex4 ****
make -j8 all 
arm-none-eabi-gcc -o "lab8_ex4.elf" @"objects.list"   -mcpu=cortex-m4 -T"D:\POLITO\3rd year\digital systema electronics\STM32\lab8\lab8_ex4\STM32F401RETX_FLASH.ld" --specs=nosys.specs -Wl,-Map="lab8_ex4.map" -Wl,--gc-sections -static --specs=nano.specs -mfpu=fpv4-sp-d16 -mfloat-abi=hard -mthumb -Wl,--start-group -lc -lm -Wl,--end-group
Core/Src/main.o: In function `main':
D:/POLITO/3rd year/digital systema electronics/STM32/lab8/lab8_ex4/Debug/../Core/Src/main.c:68: multiple definition of `main'
Core/Src/lab8_ex4/main.o:D:/POLITO/3rd year/digital systema electronics/STM32/lab8/lab8_ex4/Debug/../Core/Src/lab8_ex4/main.c:68: first defined here
Core/Src/main.o: In function `SystemClock_Config':
D:/POLITO/3rd year/digital systema electronics/STM32/lab8/lab8_ex4/Debug/../Core/Src/main.c:145: multiple definition of `SystemClock_Config'
Core/Src/lab8_ex4/main.o:D:/POLITO/3rd year/digital systema electronics/STM32/lab8/lab8_ex4/Debug/../Core/Src/lab8_ex4/main.c:145: first defined here
Core/Src/main.o: In function `Error_Handler':
D:/POLITO/3rd year/digital systema electronics/STM32/lab8/lab8_ex4/Debug/../Core/Src/main.c:281: multiple definition of `Error_Handler'
Core/Src/lab8_ex4/main.o:D:/POLITO/3rd year/digital systema electronics/STM32/lab8/lab8_ex4/Debug/../Core/Src/lab8_ex4/main.c:281: first defined here
Core/Src/stm32f4xx_it.o: In function `NMI_Handler':
D:/POLITO/3rd year/digital systema electronics/STM32/lab8/lab8_ex4/Debug/../Core/Src/stm32f4xx_it.c:71: multiple definition of `NMI_Handler'
Core/Src/lab8_ex4/stm32f4xx_it.o:D:/POLITO/3rd year/digital systema electronics/STM32/lab8/lab8_ex4/Debug/../Core/Src/lab8_ex4/stm32f4xx_it.c:71: first defined here
Core/Src/stm32f4xx_it.o: In function `HardFault_Handler':
D:/POLITO/3rd year/digital systema electronics/STM32/lab8/lab8_ex4/Debug/../Core/Src/stm32f4xx_it.c:84: multiple definition of `HardFault_Handler'
Core/Src/lab8_ex4/stm32f4xx_it.o:D:/POLITO/3rd year/digital systema electronics/STM32/lab8/lab8_ex4/Debug/../Core/Src/lab8_ex4/stm32f4xx_it.c:84: first defined here
Core/Src/stm32f4xx_it.o: In function `MemManage_Handler':
D:/POLITO/3rd year/digital systema electronics/STM32/lab8/lab8_ex4/Debug/../Core/Src/stm32f4xx_it.c:99: multiple definition of `MemManage_Handler'
Core/Src/lab8_ex4/stm32f4xx_it.o:D:/POLITO/3rd year/digital systema electronics/STM32/lab8/lab8_ex4/Debug/../Core/Src/lab8_ex4/stm32f4xx_it.c:99: first defined here
Core/Src/stm32f4xx_it.o: In function `BusFault_Handler':
D:/POLITO/3rd year/digital systema electronics/STM32/lab8/lab8_ex4/Debug/../Core/Src/stm32f4xx_it.c:114: multiple definition of `BusFault_Handler'
Core/Src/lab8_ex4/stm32f4xx_it.o:D:/POLITO/3rd year/digital systema electronics/STM32/lab8/lab8_ex4/Debug/../Core/Src/lab8_ex4/stm32f4xx_it.c:114: first defined here
Core/Src/stm32f4xx_it.o: In function `UsageFault_Handler':
D:/POLITO/3rd year/digital systema electronics/STM32/lab8/lab8_ex4/Debug/../Core/Src/stm32f4xx_it.c:129: multiple definition of `UsageFault_Handler'
Core/Src/lab8_ex4/stm32f4xx_it.o:D:/POLITO/3rd year/digital systema electronics/STM32/lab8/lab8_ex4/Debug/../Core/Src/lab8_ex4/stm32f4xx_it.c:129: first defined here
Core/Src/stm32f4xx_it.o: In function `SVC_Handler':
D:/POLITO/3rd year/digital systema electronics/STM32/lab8/lab8_ex4/Debug/../Core/Src/stm32f4xx_it.c:144: multiple definition of `SVC_Handler'
Core/Src/lab8_ex4/stm32f4xx_it.o:D:/POLITO/3rd year/digital systema electronics/STM32/lab8/lab8_ex4/Debug/../Core/Src/lab8_ex4/stm32f4xx_it.c:144: first defined here
Core/Src/stm32f4xx_it.o: In function `DebugMon_Handler':
D:/POLITO/3rd year/digital systema electronics/STM32/lab8/lab8_ex4/Debug/../Core/Src/stm32f4xx_it.c:157: multiple definition of `DebugMon_Handler'
Core/Src/lab8_ex4/stm32f4xx_it.o:D:/POLITO/3rd year/digital systema electronics/STM32/lab8/lab8_ex4/Debug/../Core/Src/lab8_ex4/stm32f4xx_it.c:157: first defined here
Core/Src/stm32f4xx_it.o: In function `PendSV_Handler':
D:/POLITO/3rd year/digital systema electronics/STM32/lab8/lab8_ex4/Debug/../Core/Src/stm32f4xx_it.c:170: multiple definition of `PendSV_Handler'
Core/Src/lab8_ex4/stm32f4xx_it.o:D:/POLITO/3rd year/digital systema electronics/STM32/lab8/lab8_ex4/Debug/../Core/Src/lab8_ex4/stm32f4xx_it.c:170: first defined here
Core/Src/stm32f4xx_it.o: In function `SysTick_Handler':
D:/POLITO/3rd year/digital systema electronics/STM32/lab8/lab8_ex4/Debug/../Core/Src/stm32f4xx_it.c:183: multiple definition of `SysTick_Handler'
Core/Src/lab8_ex4/stm32f4xx_it.o:D:/POLITO/3rd year/digital systema electronics/STM32/lab8/lab8_ex4/Debug/../Core/Src/lab8_ex4/stm32f4xx_it.c:183: first defined here
collect2.exe: error: ld returned 1 exit status
make: *** [makefile:45: lab8_ex4.elf] Error 1
"make -j8 all" terminated with exit code 2. Build might be incomplete.
22:31:54 **** Incremental Build of configuration Debug for project lab8_ex3 ****
make -j8 all 
arm-none-eabi-size   lab8_ex3.elf 
   text	   data	    bss	    dec	    hex	filename
   5048	     16	   1568	   6632	   19e8	lab8_ex3.elf
Finished building: default.size.stdout
 
22:32:08 **** Incremental Build of configuration Debug for project lab8_ex3 ****
make -j8 all 
arm-none-eabi-size   lab8_ex3.elf 
   text	   data	    bss	    dec	    hex	filename
   5048	     16	   1568	   6632	   19e8	lab8_ex3.elf
Finished building: default.size.stdout
 
22:32:37 **** Incremental Build of configuration Debug for project lab8_ex3 ****
make -j8 all 
arm-none-eabi-size   lab8_ex3.elf 
   text	   data	    bss	    dec	    hex	filename
   5048	     16	   1568	   6632	   19e8	lab8_ex3.elf
Finished building: default.size.stdout
 
22:34:57 **** Incremental Build of configuration Debug for project lab8_ex4 ****
make -j8 all 
arm-none-eabi-gcc -o "lab8_ex4.elf" @"objects.list"   -mcpu=cortex-m4 -T"D:\POLITO\3rd year\digital systema electronics\STM32\lab8\lab8_ex4\STM32F401RETX_FLASH.ld" --specs=nosys.specs -Wl,-Map="lab8_ex4.map" -Wl,--gc-sections -static --specs=nano.specs -mfpu=fpv4-sp-d16 -mfloat-abi=hard -mthumb -Wl,--start-group -lc -lm -Wl,--end-group
Finished building target: lab8_ex4.elf
 
arm-none-eabi-objdump -h -S  lab8_ex4.elf  > "lab8_ex4.list"
arm-none-eabi-size   lab8_ex4.elf 
arm-none-eabi-objcopy  -O binary  lab8_ex4.elf  "lab8_ex4.bin"
   text	   data	    bss	    dec	    hex	filename
   5140	     16	   1568	   6724	   1a44	lab8_ex4.elf
Finished building: default.size.stdout
 
Finished building: lab8_ex4.bin
 
Finished building: lab8_ex4.list
 
22:35:08 **** Incremental Build of configuration Debug for project lab8_ex4 ****
make -j8 all 
arm-none-eabi-size   lab8_ex4.elf 
   text	   data	    bss	    dec	    hex	filename
   5140	     16	   1568	   6724	   1a44	lab8_ex4.elf
Finished building: default.size.stdout
 
09:26:43 **** Incremental Build of configuration Debug for project lab8_ex4 ****
make -j8 all 
arm-none-eabi-size   lab8_ex4.elf 
   text	   data	    bss	    dec	    hex	filename
   5140	     16	   1568	   6724	   1a44	lab8_ex4.elf
Finished building: default.size.stdout
 
09:26:53 **** Incremental Build of configuration Debug for project lab8_ex4 ****
make -j8 all 
arm-none-eabi-size   lab8_ex4.elf 
   text	   data	    bss	    dec	    hex	filename
   5140	     16	   1568	   6724	   1a44	lab8_ex4.elf
Finished building: default.size.stdout
 
09:34:48 **** Incremental Build of configuration Debug for project lab8_ex4 ****
make -j8 all 
arm-none-eabi-size   lab8_ex4.elf 
   text	   data	    bss	    dec	    hex	filename
   5140	     16	   1568	   6724	   1a44	lab8_ex4.elf
Finished building: default.size.stdout
 
09:44:06 **** Incremental Build of configuration Debug for project lab8_ex4 ****
make -j8 all 
arm-none-eabi-gcc "../Core/Src/main.c" -mcpu=cortex-m4 -std=gnu11 -g3 '-DLSI_VALUE=32000' -DSTM32F401xE '-DHSE_STARTUP_TIMEOUT=100' '-DHSI_VALUE=16000000' -DDEBUG '-DLSE_STARTUP_TIMEOUT=5000' '-DLSE_VALUE=32768' '-DDATA_CACHE_ENABLE=1' '-DEXTERNAL_CLOCK_VALUE=12288000' '-DVDD_VALUE=3300' '-DINSTRUCTION_CACHE_ENABLE=1' '-DHSE_VALUE=25000000' -DUSE_FULL_LL_DRIVER '-DPREFETCH_ENABLE=1' -c -I../Drivers/CMSIS/Include -I../Drivers/STM32F4xx_HAL_Driver/Inc -I../Core/Inc -I../Drivers/CMSIS/Device/ST/STM32F4xx/Include -O0 -ffunction-sections -fdata-sections -Wall -fstack-usage -MMD -MP -MF"Core/Src/main.d" -MT"Core/Src/main.o" --specs=nano.specs -mfpu=fpv4-sp-d16 -mfloat-abi=hard -mthumb -o "Core/Src/main.o"
arm-none-eabi-gcc "../Core/Src/stm32f4xx_it.c" -mcpu=cortex-m4 -std=gnu11 -g3 '-DLSI_VALUE=32000' -DSTM32F401xE '-DHSE_STARTUP_TIMEOUT=100' '-DHSI_VALUE=16000000' -DDEBUG '-DLSE_STARTUP_TIMEOUT=5000' '-DLSE_VALUE=32768' '-DDATA_CACHE_ENABLE=1' '-DEXTERNAL_CLOCK_VALUE=12288000' '-DVDD_VALUE=3300' '-DINSTRUCTION_CACHE_ENABLE=1' '-DHSE_VALUE=25000000' -DUSE_FULL_LL_DRIVER '-DPREFETCH_ENABLE=1' -c -I../Drivers/CMSIS/Include -I../Drivers/STM32F4xx_HAL_Driver/Inc -I../Core/Inc -I../Drivers/CMSIS/Device/ST/STM32F4xx/Include -O0 -ffunction-sections -fdata-sections -Wall -fstack-usage -MMD -MP -MF"Core/Src/stm32f4xx_it.d" -MT"Core/Src/stm32f4xx_it.o" --specs=nano.specs -mfpu=fpv4-sp-d16 -mfloat-abi=hard -mthumb -o "Core/Src/stm32f4xx_it.o"
arm-none-eabi-gcc -o "lab8_ex4.elf" @"objects.list"   -mcpu=cortex-m4 -T"D:\POLITO\3rd year\digital systema electronics\STM32\lab8\lab8_ex4\STM32F401RETX_FLASH.ld" --specs=nosys.specs -Wl,-Map="lab8_ex4.map" -Wl,--gc-sections -static --specs=nano.specs -mfpu=fpv4-sp-d16 -mfloat-abi=hard -mthumb -Wl,--start-group -lc -lm -Wl,--end-group
Finished building target: lab8_ex4.elf
 
arm-none-eabi-objdump -h -S  lab8_ex4.elf  > "lab8_ex4.list"
arm-none-eabi-objcopy  -O binary  lab8_ex4.elf  "lab8_ex4.bin"
arm-none-eabi-size   lab8_ex4.elf 
   text	   data	    bss	    dec	    hex	filename
   5140	     16	   1568	   6724	   1a44	lab8_ex4.elf
Finished building: default.size.stdout
 
Finished building: lab8_ex4.bin
 
Finished building: lab8_ex4.list
 
09:44:14 **** Incremental Build of configuration Debug for project lab8_ex4 ****
make -j8 all 
arm-none-eabi-size   lab8_ex4.elf 
   text	   data	    bss	    dec	    hex	filename
   5140	     16	   1568	   6724	   1a44	lab8_ex4.elf
Finished building: default.size.stdout
 
09:45:04 **** Incremental Build of configuration Debug for project lab8_ex4 ****
make -j8 all 
arm-none-eabi-size   lab8_ex4.elf 
   text	   data	    bss	    dec	    hex	filename
   5140	     16	   1568	   6724	   1a44	lab8_ex4.elf
Finished building: default.size.stdout
 
16:15:34 **** Incremental Build of configuration Debug for project lab8_ex4 ****
make -j8 all 
arm-none-eabi-size   lab8_ex4.elf 
   text	   data	    bss	    dec	    hex	filename
   5140	     16	   1568	   6724	   1a44	lab8_ex4.elf
Finished building: default.size.stdout
 
16:15:48 **** Incremental Build of configuration Debug for project lab8_ex4 ****
make -j8 all 
arm-none-eabi-size   lab8_ex4.elf 
   text	   data	    bss	    dec	    hex	filename
   5140	     16	   1568	   6724	   1a44	lab8_ex4.elf
Finished building: default.size.stdout
 
16:19:38 **** Incremental Build of configuration Debug for project lab8_ex4 ****
make -j8 all 
arm-none-eabi-size   lab8_ex4.elf 
   text	   data	    bss	    dec	    hex	filename
   5140	     16	   1568	   6724	   1a44	lab8_ex4.elf
Finished building: default.size.stdout
 
16:33:43 **** Incremental Build of configuration Debug for project lab8_ex4 ****
make -j8 all 
arm-none-eabi-gcc "../Core/Src/main.c" -mcpu=cortex-m4 -std=gnu11 -g3 '-DLSI_VALUE=32000' -DSTM32F401xE '-DHSE_STARTUP_TIMEOUT=100' '-DHSI_VALUE=16000000' -DDEBUG '-DLSE_STARTUP_TIMEOUT=5000' '-DLSE_VALUE=32768' '-DDATA_CACHE_ENABLE=1' '-DEXTERNAL_CLOCK_VALUE=12288000' '-DVDD_VALUE=3300' '-DINSTRUCTION_CACHE_ENABLE=1' '-DHSE_VALUE=25000000' -DUSE_FULL_LL_DRIVER '-DPREFETCH_ENABLE=1' -c -I../Drivers/CMSIS/Include -I../Drivers/STM32F4xx_HAL_Driver/Inc -I../Core/Inc -I../Drivers/CMSIS/Device/ST/STM32F4xx/Include -O0 -ffunction-sections -fdata-sections -Wall -fstack-usage -MMD -MP -MF"Core/Src/main.d" -MT"Core/Src/main.o" --specs=nano.specs -mfpu=fpv4-sp-d16 -mfloat-abi=hard -mthumb -o "Core/Src/main.o"
arm-none-eabi-gcc "../Core/Src/stm32f4xx_it.c" -mcpu=cortex-m4 -std=gnu11 -g3 '-DLSI_VALUE=32000' -DSTM32F401xE '-DHSE_STARTUP_TIMEOUT=100' '-DHSI_VALUE=16000000' -DDEBUG '-DLSE_STARTUP_TIMEOUT=5000' '-DLSE_VALUE=32768' '-DDATA_CACHE_ENABLE=1' '-DEXTERNAL_CLOCK_VALUE=12288000' '-DVDD_VALUE=3300' '-DINSTRUCTION_CACHE_ENABLE=1' '-DHSE_VALUE=25000000' -DUSE_FULL_LL_DRIVER '-DPREFETCH_ENABLE=1' -c -I../Drivers/CMSIS/Include -I../Drivers/STM32F4xx_HAL_Driver/Inc -I../Core/Inc -I../Drivers/CMSIS/Device/ST/STM32F4xx/Include -O0 -ffunction-sections -fdata-sections -Wall -fstack-usage -MMD -MP -MF"Core/Src/stm32f4xx_it.d" -MT"Core/Src/stm32f4xx_it.o" --specs=nano.specs -mfpu=fpv4-sp-d16 -mfloat-abi=hard -mthumb -o "Core/Src/stm32f4xx_it.o"
arm-none-eabi-gcc -o "lab8_ex4.elf" @"objects.list"   -mcpu=cortex-m4 -T"D:\POLITO\3rd year\digital systema electronics\STM32\lab8\lab8_ex4\STM32F401RETX_FLASH.ld" --specs=nosys.specs -Wl,-Map="lab8_ex4.map" -Wl,--gc-sections -static --specs=nano.specs -mfpu=fpv4-sp-d16 -mfloat-abi=hard -mthumb -Wl,--start-group -lc -lm -Wl,--end-group
Finished building target: lab8_ex4.elf
 
arm-none-eabi-objdump -h -S  lab8_ex4.elf  > "lab8_ex4.list"
arm-none-eabi-objcopy  -O binary  lab8_ex4.elf  "lab8_ex4.bin"
arm-none-eabi-size   lab8_ex4.elf 
   text	   data	    bss	    dec	    hex	filename
   5136	     16	   1568	   6720	   1a40	lab8_ex4.elf
Finished building: default.size.stdout
 
Finished building: lab8_ex4.bin
 
Finished building: lab8_ex4.list
 
16:33:52 **** Incremental Build of configuration Debug for project lab8_ex4 ****
make -j8 all 
arm-none-eabi-size   lab8_ex4.elf 
   text	   data	    bss	    dec	    hex	filename
   5136	     16	   1568	   6720	   1a40	lab8_ex4.elf
Finished building: default.size.stdout
 
16:53:37 **** Incremental Build of configuration Debug for project lab8_ex4 ****
make -j8 all 
arm-none-eabi-gcc "../Core/Src/main.c" -mcpu=cortex-m4 -std=gnu11 -g3 '-DLSI_VALUE=32000' -DSTM32F401xE '-DHSE_STARTUP_TIMEOUT=100' '-DHSI_VALUE=16000000' -DDEBUG '-DLSE_STARTUP_TIMEOUT=5000' '-DLSE_VALUE=32768' '-DDATA_CACHE_ENABLE=1' '-DEXTERNAL_CLOCK_VALUE=12288000' '-DVDD_VALUE=3300' '-DINSTRUCTION_CACHE_ENABLE=1' '-DHSE_VALUE=25000000' -DUSE_FULL_LL_DRIVER '-DPREFETCH_ENABLE=1' -c -I../Drivers/CMSIS/Include -I../Drivers/STM32F4xx_HAL_Driver/Inc -I../Core/Inc -I../Drivers/CMSIS/Device/ST/STM32F4xx/Include -O0 -ffunction-sections -fdata-sections -Wall -fstack-usage -MMD -MP -MF"Core/Src/main.d" -MT"Core/Src/main.o" --specs=nano.specs -mfpu=fpv4-sp-d16 -mfloat-abi=hard -mthumb -o "Core/Src/main.o"
arm-none-eabi-gcc -o "lab8_ex4.elf" @"objects.list"   -mcpu=cortex-m4 -T"D:\POLITO\3rd year\digital systema electronics\STM32\lab8\lab8_ex4\STM32F401RETX_FLASH.ld" --specs=nosys.specs -Wl,-Map="lab8_ex4.map" -Wl,--gc-sections -static --specs=nano.specs -mfpu=fpv4-sp-d16 -mfloat-abi=hard -mthumb -Wl,--start-group -lc -lm -Wl,--end-group
Finished building target: lab8_ex4.elf
 
arm-none-eabi-objdump -h -S  lab8_ex4.elf  > "lab8_ex4.list"
arm-none-eabi-objcopy  -O binary  lab8_ex4.elf  "lab8_ex4.bin"
arm-none-eabi-size   lab8_ex4.elf 
   text	   data	    bss	    dec	    hex	filename
   5136	     16	   1568	   6720	   1a40	lab8_ex4.elf
Finished building: default.size.stdout
 
Finished building: lab8_ex4.bin
Finished building: lab8_ex4.list
 
 
17:01:45 **** Incremental Build of configuration Debug for project lab8_ex4 ****
make -j8 all 
arm-none-eabi-gcc "../Core/Src/main.c" -mcpu=cortex-m4 -std=gnu11 -g3 '-DLSI_VALUE=32000' -DSTM32F401xE '-DHSE_STARTUP_TIMEOUT=100' '-DHSI_VALUE=16000000' -DDEBUG '-DLSE_STARTUP_TIMEOUT=5000' '-DLSE_VALUE=32768' '-DDATA_CACHE_ENABLE=1' '-DEXTERNAL_CLOCK_VALUE=12288000' '-DVDD_VALUE=3300' '-DINSTRUCTION_CACHE_ENABLE=1' '-DHSE_VALUE=25000000' -DUSE_FULL_LL_DRIVER '-DPREFETCH_ENABLE=1' -c -I../Drivers/CMSIS/Include -I../Drivers/STM32F4xx_HAL_Driver/Inc -I../Core/Inc -I../Drivers/CMSIS/Device/ST/STM32F4xx/Include -O0 -ffunction-sections -fdata-sections -Wall -fstack-usage -MMD -MP -MF"Core/Src/main.d" -MT"Core/Src/main.o" --specs=nano.specs -mfpu=fpv4-sp-d16 -mfloat-abi=hard -mthumb -o "Core/Src/main.o"
arm-none-eabi-gcc -o "lab8_ex4.elf" @"objects.list"   -mcpu=cortex-m4 -T"D:\POLITO\3rd year\digital systema electronics\STM32\lab8\lab8_ex4\STM32F401RETX_FLASH.ld" --specs=nosys.specs -Wl,-Map="lab8_ex4.map" -Wl,--gc-sections -static --specs=nano.specs -mfpu=fpv4-sp-d16 -mfloat-abi=hard -mthumb -Wl,--start-group -lc -lm -Wl,--end-group
Finished building target: lab8_ex4.elf
 
arm-none-eabi-objdump -h -S  lab8_ex4.elf  > "lab8_ex4.list"
arm-none-eabi-objcopy  -O binary  lab8_ex4.elf  "lab8_ex4.bin"
arm-none-eabi-size   lab8_ex4.elf 
   text	   data	    bss	    dec	    hex	filename
   5136	     16	   1568	   6720	   1a40	lab8_ex4.elf
Finished building: default.size.stdout
 
Finished building: lab8_ex4.bin
Finished building: lab8_ex4.list
 
 
17:20:07 **** Incremental Build of configuration Debug for project lab8_ex4 ****
make -j8 all 
arm-none-eabi-gcc "../Core/Src/main.c" -mcpu=cortex-m4 -std=gnu11 -g3 '-DLSI_VALUE=32000' -DSTM32F401xE '-DHSE_STARTUP_TIMEOUT=100' '-DHSI_VALUE=16000000' -DDEBUG '-DLSE_STARTUP_TIMEOUT=5000' '-DLSE_VALUE=32768' '-DDATA_CACHE_ENABLE=1' '-DEXTERNAL_CLOCK_VALUE=12288000' '-DVDD_VALUE=3300' '-DINSTRUCTION_CACHE_ENABLE=1' '-DHSE_VALUE=25000000' -DUSE_FULL_LL_DRIVER '-DPREFETCH_ENABLE=1' -c -I../Drivers/CMSIS/Include -I../Drivers/STM32F4xx_HAL_Driver/Inc -I../Core/Inc -I../Drivers/CMSIS/Device/ST/STM32F4xx/Include -O0 -ffunction-sections -fdata-sections -Wall -fstack-usage -MMD -MP -MF"Core/Src/main.d" -MT"Core/Src/main.o" --specs=nano.specs -mfpu=fpv4-sp-d16 -mfloat-abi=hard -mthumb -o "Core/Src/main.o"
arm-none-eabi-gcc -o "lab8_ex4.elf" @"objects.list"   -mcpu=cortex-m4 -T"D:\POLITO\3rd year\digital systema electronics\STM32\lab8\lab8_ex4\STM32F401RETX_FLASH.ld" --specs=nosys.specs -Wl,-Map="lab8_ex4.map" -Wl,--gc-sections -static --specs=nano.specs -mfpu=fpv4-sp-d16 -mfloat-abi=hard -mthumb -Wl,--start-group -lc -lm -Wl,--end-group
Finished building target: lab8_ex4.elf
 
arm-none-eabi-objdump -h -S  lab8_ex4.elf  > "lab8_ex4.list"
arm-none-eabi-objcopy  -O binary  lab8_ex4.elf  "lab8_ex4.bin"
arm-none-eabi-size   lab8_ex4.elf 
   text	   data	    bss	    dec	    hex	filename
   5136	     16	   1568	   6720	   1a40	lab8_ex4.elf
Finished building: default.size.stdout
 
Finished building: lab8_ex4.bin
Finished building: lab8_ex4.list
 
 
17:20:12 **** Incremental Build of configuration Debug for project lab8_ex4 ****
make -j8 all 
arm-none-eabi-size   lab8_ex4.elf 
   text	   data	    bss	    dec	    hex	filename
   5136	     16	   1568	   6720	   1a40	lab8_ex4.elf
Finished building: default.size.stdout
 
17:23:18 **** Incremental Build of configuration Debug for project lab8_ex4 ****
make -j8 all 
arm-none-eabi-gcc "../Core/Src/main.c" -mcpu=cortex-m4 -std=gnu11 -g3 '-DLSI_VALUE=32000' -DSTM32F401xE '-DHSE_STARTUP_TIMEOUT=100' '-DHSI_VALUE=16000000' -DDEBUG '-DLSE_STARTUP_TIMEOUT=5000' '-DLSE_VALUE=32768' '-DDATA_CACHE_ENABLE=1' '-DEXTERNAL_CLOCK_VALUE=12288000' '-DVDD_VALUE=3300' '-DINSTRUCTION_CACHE_ENABLE=1' '-DHSE_VALUE=25000000' -DUSE_FULL_LL_DRIVER '-DPREFETCH_ENABLE=1' -c -I../Drivers/CMSIS/Include -I../Drivers/STM32F4xx_HAL_Driver/Inc -I../Core/Inc -I../Drivers/CMSIS/Device/ST/STM32F4xx/Include -O0 -ffunction-sections -fdata-sections -Wall -fstack-usage -MMD -MP -MF"Core/Src/main.d" -MT"Core/Src/main.o" --specs=nano.specs -mfpu=fpv4-sp-d16 -mfloat-abi=hard -mthumb -o "Core/Src/main.o"
arm-none-eabi-gcc -o "lab8_ex4.elf" @"objects.list"   -mcpu=cortex-m4 -T"D:\POLITO\3rd year\digital systema electronics\STM32\lab8\lab8_ex4\STM32F401RETX_FLASH.ld" --specs=nosys.specs -Wl,-Map="lab8_ex4.map" -Wl,--gc-sections -static --specs=nano.specs -mfpu=fpv4-sp-d16 -mfloat-abi=hard -mthumb -Wl,--start-group -lc -lm -Wl,--end-group
Finished building target: lab8_ex4.elf
 
arm-none-eabi-objdump -h -S  lab8_ex4.elf  > "lab8_ex4.list"
arm-none-eabi-objcopy  -O binary  lab8_ex4.elf  "lab8_ex4.bin"
arm-none-eabi-size   lab8_ex4.elf 
   text	   data	    bss	    dec	    hex	filename
   5120	     16	   1568	   6704	   1a30	lab8_ex4.elf
Finished building: default.size.stdout
 
Finished building: lab8_ex4.bin
Finished building: lab8_ex4.list
 
 
17:23:24 **** Incremental Build of configuration Debug for project lab8_ex4 ****
make -j8 all 
arm-none-eabi-size   lab8_ex4.elf 
   text	   data	    bss	    dec	    hex	filename
   5120	     16	   1568	   6704	   1a30	lab8_ex4.elf
Finished building: default.size.stdout
 
17:34:20 **** Incremental Build of configuration Debug for project lab8_ex4 ****
make -j8 all 
arm-none-eabi-gcc "../Core/Src/main.c" -mcpu=cortex-m4 -std=gnu11 -g3 '-DLSI_VALUE=32000' -DSTM32F401xE '-DHSE_STARTUP_TIMEOUT=100' '-DHSI_VALUE=16000000' -DDEBUG '-DLSE_STARTUP_TIMEOUT=5000' '-DLSE_VALUE=32768' '-DDATA_CACHE_ENABLE=1' '-DEXTERNAL_CLOCK_VALUE=12288000' '-DVDD_VALUE=3300' '-DINSTRUCTION_CACHE_ENABLE=1' '-DHSE_VALUE=25000000' -DUSE_FULL_LL_DRIVER '-DPREFETCH_ENABLE=1' -c -I../Drivers/CMSIS/Include -I../Drivers/STM32F4xx_HAL_Driver/Inc -I../Core/Inc -I../Drivers/CMSIS/Device/ST/STM32F4xx/Include -O0 -ffunction-sections -fdata-sections -Wall -fstack-usage -MMD -MP -MF"Core/Src/main.d" -MT"Core/Src/main.o" --specs=nano.specs -mfpu=fpv4-sp-d16 -mfloat-abi=hard -mthumb -o "Core/Src/main.o"
arm-none-eabi-gcc -o "lab8_ex4.elf" @"objects.list"   -mcpu=cortex-m4 -T"D:\POLITO\3rd year\digital systema electronics\STM32\lab8\lab8_ex4\STM32F401RETX_FLASH.ld" --specs=nosys.specs -Wl,-Map="lab8_ex4.map" -Wl,--gc-sections -static --specs=nano.specs -mfpu=fpv4-sp-d16 -mfloat-abi=hard -mthumb -Wl,--start-group -lc -lm -Wl,--end-group
Finished building target: lab8_ex4.elf
 
arm-none-eabi-objdump -h -S  lab8_ex4.elf  > "lab8_ex4.list"
arm-none-eabi-objcopy  -O binary  lab8_ex4.elf  "lab8_ex4.bin"
arm-none-eabi-size   lab8_ex4.elf 
   text	   data	    bss	    dec	    hex	filename
   5160	     16	   1568	   6744	   1a58	lab8_ex4.elf
Finished building: default.size.stdout
 
Finished building: lab8_ex4.bin
Finished building: lab8_ex4.list
 
 
17:34:26 **** Incremental Build of configuration Debug for project lab8_ex4 ****
make -j8 all 
arm-none-eabi-size   lab8_ex4.elf 
   text	   data	    bss	    dec	    hex	filename
   5160	     16	   1568	   6744	   1a58	lab8_ex4.elf
Finished building: default.size.stdout
 
17:35:32 **** Incremental Build of configuration Debug for project lab8_ex4 ****
make -j8 all 
arm-none-eabi-gcc "../Core/Src/main.c" -mcpu=cortex-m4 -std=gnu11 -g3 '-DLSI_VALUE=32000' -DSTM32F401xE '-DHSE_STARTUP_TIMEOUT=100' '-DHSI_VALUE=16000000' -DDEBUG '-DLSE_STARTUP_TIMEOUT=5000' '-DLSE_VALUE=32768' '-DDATA_CACHE_ENABLE=1' '-DEXTERNAL_CLOCK_VALUE=12288000' '-DVDD_VALUE=3300' '-DINSTRUCTION_CACHE_ENABLE=1' '-DHSE_VALUE=25000000' -DUSE_FULL_LL_DRIVER '-DPREFETCH_ENABLE=1' -c -I../Drivers/CMSIS/Include -I../Drivers/STM32F4xx_HAL_Driver/Inc -I../Core/Inc -I../Drivers/CMSIS/Device/ST/STM32F4xx/Include -O0 -ffunction-sections -fdata-sections -Wall -fstack-usage -MMD -MP -MF"Core/Src/main.d" -MT"Core/Src/main.o" --specs=nano.specs -mfpu=fpv4-sp-d16 -mfloat-abi=hard -mthumb -o "Core/Src/main.o"
arm-none-eabi-gcc -o "lab8_ex4.elf" @"objects.list"   -mcpu=cortex-m4 -T"D:\POLITO\3rd year\digital systema electronics\STM32\lab8\lab8_ex4\STM32F401RETX_FLASH.ld" --specs=nosys.specs -Wl,-Map="lab8_ex4.map" -Wl,--gc-sections -static --specs=nano.specs -mfpu=fpv4-sp-d16 -mfloat-abi=hard -mthumb -Wl,--start-group -lc -lm -Wl,--end-group
Finished building target: lab8_ex4.elf
 
arm-none-eabi-objdump -h -S  lab8_ex4.elf  > "lab8_ex4.list"
arm-none-eabi-objcopy  -O binary  lab8_ex4.elf  "lab8_ex4.bin"
arm-none-eabi-size   lab8_ex4.elf 
   text	   data	    bss	    dec	    hex	filename
   5136	     16	   1568	   6720	   1a40	lab8_ex4.elf
Finished building: default.size.stdout
 
Finished building: lab8_ex4.bin
Finished building: lab8_ex4.list
 
 
17:35:45 **** Incremental Build of configuration Debug for project lab8_ex4 ****
make -j8 all 
arm-none-eabi-size   lab8_ex4.elf 
   text	   data	    bss	    dec	    hex	filename
   5136	     16	   1568	   6720	   1a40	lab8_ex4.elf
Finished building: default.size.stdout
 
18:21:03 **** Incremental Build of configuration Debug for project lab8_ex4 ****
make -j8 all 
arm-none-eabi-gcc "../Core/Src/main.c" -mcpu=cortex-m4 -std=gnu11 -g3 '-DLSI_VALUE=32000' -DSTM32F401xE '-DHSE_STARTUP_TIMEOUT=100' '-DHSI_VALUE=16000000' -DDEBUG '-DLSE_STARTUP_TIMEOUT=5000' '-DLSE_VALUE=32768' '-DDATA_CACHE_ENABLE=1' '-DEXTERNAL_CLOCK_VALUE=12288000' '-DVDD_VALUE=3300' '-DINSTRUCTION_CACHE_ENABLE=1' '-DHSE_VALUE=25000000' -DUSE_FULL_LL_DRIVER '-DPREFETCH_ENABLE=1' -c -I../Drivers/CMSIS/Include -I../Drivers/STM32F4xx_HAL_Driver/Inc -I../Core/Inc -I../Drivers/CMSIS/Device/ST/STM32F4xx/Include -O0 -ffunction-sections -fdata-sections -Wall -fstack-usage -MMD -MP -MF"Core/Src/main.d" -MT"Core/Src/main.o" --specs=nano.specs -mfpu=fpv4-sp-d16 -mfloat-abi=hard -mthumb -o "Core/Src/main.o"
arm-none-eabi-gcc -o "lab8_ex4.elf" @"objects.list"   -mcpu=cortex-m4 -T"D:\POLITO\3rd year\digital systema electronics\STM32\lab8\lab8_ex4\STM32F401RETX_FLASH.ld" --specs=nosys.specs -Wl,-Map="lab8_ex4.map" -Wl,--gc-sections -static --specs=nano.specs -mfpu=fpv4-sp-d16 -mfloat-abi=hard -mthumb -Wl,--start-group -lc -lm -Wl,--end-group
Finished building target: lab8_ex4.elf
 
arm-none-eabi-objdump -h -S  lab8_ex4.elf  > "lab8_ex4.list"
arm-none-eabi-objcopy  -O binary  lab8_ex4.elf  "lab8_ex4.bin"
arm-none-eabi-size   lab8_ex4.elf 
   text	   data	    bss	    dec	    hex	filename
   5140	     16	   1568	   6724	   1a44	lab8_ex4.elf
Finished building: default.size.stdout
 
Finished building: lab8_ex4.bin
Finished building: lab8_ex4.list
 
 
18:21:09 **** Incremental Build of configuration Debug for project lab8_ex4 ****
make -j8 all 
arm-none-eabi-size   lab8_ex4.elf 
   text	   data	    bss	    dec	    hex	filename
   5140	     16	   1568	   6724	   1a44	lab8_ex4.elf
Finished building: default.size.stdout
 
