17:22:35 **** Incremental Build of configuration Debug for project lab8_ex1 ****
make -j8 all 
arm-none-eabi-gcc "../Src/main.c" -mcpu=cortex-m4 -std=gnu11 -g3 -DSTM32 -DSTM32F401RETx -DSTM32F4 -DDEBUG -c -I../Inc -O0 -ffunction-sections -fdata-sections -Wall -fstack-usage -MMD -MP -MF"Src/main.d" -MT"Src/main.o" --specs=nano.specs -mfpu=fpv4-sp-d16 -mfloat-abi=hard -mthumb -o "Src/main.o"
../Src/main.c:21:4: warning: #warning "FPU is not initialized, but the project is compiling for an FPU. Please initialize the FPU before use." [-Wcpp]
   #warning "FPU is not initialized, but the project is compiling for an FPU. Please initialize the FPU before use."
    ^~~~~~~
arm-none-eabi-gcc -o "lab8_ex1.elf" @"objects.list"   -mcpu=cortex-m4 -T"D:\POLITO\3rd year\digital systema electronics\STM32\lab8\lab8_ex1\STM32F401RETX_FLASH.ld" --specs=nosys.specs -Wl,-Map="lab8_ex1.map" -Wl,--gc-sections -static --specs=nano.specs -mfpu=fpv4-sp-d16 -mfloat-abi=hard -mthumb -Wl,--start-group -lc -lm -Wl,--end-group
Finished building target: lab8_ex1.elf
 
arm-none-eabi-objdump -h -S  lab8_ex1.elf  > "lab8_ex1.list"
arm-none-eabi-objcopy  -O binary  lab8_ex1.elf  "lab8_ex1.bin"
arm-none-eabi-size   lab8_ex1.elf 
   text	   data	    bss	    dec	    hex	filename
    816	      8	   1568	   2392	    958	lab8_ex1.elf
Finished building: default.size.stdout
 
Finished building: lab8_ex1.bin
Finished building: lab8_ex1.list
 
 
17:22:42 **** Incremental Build of configuration Debug for project lab8_ex1 ****
make -j8 all 
arm-none-eabi-size   lab8_ex1.elf 
   text	   data	    bss	    dec	    hex	filename
    816	      8	   1568	   2392	    958	lab8_ex1.elf
Finished building: default.size.stdout
 
17:23:36 **** Incremental Build of configuration Debug for project LAB8_EX1_REPEATED ****
make -j8 all 
arm-none-eabi-size   LAB8_EX1_REPEATED.elf 
   text	   data	    bss	    dec	    hex	filename
    816	      8	   1568	   2392	    958	LAB8_EX1_REPEATED.elf
Finished building: default.size.stdout
 
17:23:37 **** Incremental Build of configuration Debug for project lab8_ex1 ****
make -j8 all 
arm-none-eabi-gcc "../Src/main.c" -mcpu=cortex-m4 -std=gnu11 -g3 -DSTM32 -DSTM32F401RETx -DSTM32F4 -DDEBUG -c -I../Inc -O0 -ffunction-sections -fdata-sections -Wall -fstack-usage -MMD -MP -MF"Src/main.d" -MT"Src/main.o" --specs=nano.specs -mfpu=fpv4-sp-d16 -mfloat-abi=hard -mthumb -o "Src/main.o"
../Src/main.c:21:4: warning: #warning "FPU is not initialized, but the project is compiling for an FPU. Please initialize the FPU before use." [-Wcpp]
   #warning "FPU is not initialized, but the project is compiling for an FPU. Please initialize the FPU before use."
    ^~~~~~~
arm-none-eabi-gcc -o "lab8_ex1.elf" @"objects.list"   -mcpu=cortex-m4 -T"D:\POLITO\3rd year\digital systema electronics\STM32\lab8\lab8_ex1\STM32F401RETX_FLASH.ld" --specs=nosys.specs -Wl,-Map="lab8_ex1.map" -Wl,--gc-sections -static --specs=nano.specs -mfpu=fpv4-sp-d16 -mfloat-abi=hard -mthumb -Wl,--start-group -lc -lm -Wl,--end-group
Finished building target: lab8_ex1.elf
 
arm-none-eabi-objdump -h -S  lab8_ex1.elf  > "lab8_ex1.list"
arm-none-eabi-objcopy  -O binary  lab8_ex1.elf  "lab8_ex1.bin"
arm-none-eabi-size   lab8_ex1.elf 
   text	   data	    bss	    dec	    hex	filename
    816	      8	   1568	   2392	    958	lab8_ex1.elf
Finished building: default.size.stdout
 
Finished building: lab8_ex1.bin
Finished building: lab8_ex1.list
 
 
17:23:41 **** Incremental Build of configuration Debug for project lab8_ex1 ****
make -j8 all 
arm-none-eabi-size   lab8_ex1.elf 
   text	   data	    bss	    dec	    hex	filename
    816	      8	   1568	   2392	    958	lab8_ex1.elf
Finished building: default.size.stdout
 
17:24:16 **** Incremental Build of configuration Debug for project LAB8_EX1_REPEATED ****
make -j8 all 
arm-none-eabi-size   LAB8_EX1_REPEATED.elf 
   text	   data	    bss	    dec	    hex	filename
    816	      8	   1568	   2392	    958	LAB8_EX1_REPEATED.elf
Finished building: default.size.stdout
 
17:24:17 **** Incremental Build of configuration Debug for project lab8_ex1 ****
make -j8 all 
arm-none-eabi-gcc "../Src/main.c" -mcpu=cortex-m4 -std=gnu11 -g3 -DSTM32 -DSTM32F401RETx -DSTM32F4 -DDEBUG -c -I../Inc -O0 -ffunction-sections -fdata-sections -Wall -fstack-usage -MMD -MP -MF"Src/main.d" -MT"Src/main.o" --specs=nano.specs -mfpu=fpv4-sp-d16 -mfloat-abi=hard -mthumb -o "Src/main.o"
../Src/main.c:21:4: warning: #warning "FPU is not initialized, but the project is compiling for an FPU. Please initialize the FPU before use." [-Wcpp]
   #warning "FPU is not initialized, but the project is compiling for an FPU. Please initialize the FPU before use."
    ^~~~~~~
arm-none-eabi-gcc -o "lab8_ex1.elf" @"objects.list"   -mcpu=cortex-m4 -T"D:\POLITO\3rd year\digital systema electronics\STM32\lab8\lab8_ex1\STM32F401RETX_FLASH.ld" --specs=nosys.specs -Wl,-Map="lab8_ex1.map" -Wl,--gc-sections -static --specs=nano.specs -mfpu=fpv4-sp-d16 -mfloat-abi=hard -mthumb -Wl,--start-group -lc -lm -Wl,--end-group
Finished building target: lab8_ex1.elf
 
arm-none-eabi-objdump -h -S  lab8_ex1.elf  > "lab8_ex1.list"
arm-none-eabi-objcopy  -O binary  lab8_ex1.elf  "lab8_ex1.bin"
arm-none-eabi-size   lab8_ex1.elf 
   text	   data	    bss	    dec	    hex	filename
    816	      8	   1568	   2392	    958	lab8_ex1.elf
Finished building: default.size.stdout
 
Finished building: lab8_ex1.bin
Finished building: lab8_ex1.list
 
 
17:24:24 **** Incremental Build of configuration Debug for project lab8_ex1 ****
make -j8 all 
arm-none-eabi-size   lab8_ex1.elf 
   text	   data	    bss	    dec	    hex	filename
    816	      8	   1568	   2392	    958	lab8_ex1.elf
Finished building: default.size.stdout
 
17:25:28 **** Incremental Build of configuration Debug for project LAB8_EX1_REPEATED ****
make -j8 all 
arm-none-eabi-size   LAB8_EX1_REPEATED.elf 
   text	   data	    bss	    dec	    hex	filename
    816	      8	   1568	   2392	    958	LAB8_EX1_REPEATED.elf
Finished building: default.size.stdout
 
17:25:29 **** Incremental Build of configuration Debug for project lab8_ex1 ****
make -j8 all 
arm-none-eabi-gcc "../Src/main.c" -mcpu=cortex-m4 -std=gnu11 -g3 -DSTM32 -DSTM32F401RETx -DSTM32F4 -DDEBUG -c -I../Inc -O0 -ffunction-sections -fdata-sections -Wall -fstack-usage -MMD -MP -MF"Src/main.d" -MT"Src/main.o" --specs=nano.specs -mfpu=fpv4-sp-d16 -mfloat-abi=hard -mthumb -o "Src/main.o"
../Src/main.c:21:4: warning: #warning "FPU is not initialized, but the project is compiling for an FPU. Please initialize the FPU before use." [-Wcpp]
   #warning "FPU is not initialized, but the project is compiling for an FPU. Please initialize the FPU before use."
    ^~~~~~~
arm-none-eabi-gcc -o "lab8_ex1.elf" @"objects.list"   -mcpu=cortex-m4 -T"D:\POLITO\3rd year\digital systema electronics\STM32\lab8\lab8_ex1\STM32F401RETX_FLASH.ld" --specs=nosys.specs -Wl,-Map="lab8_ex1.map" -Wl,--gc-sections -static --specs=nano.specs -mfpu=fpv4-sp-d16 -mfloat-abi=hard -mthumb -Wl,--start-group -lc -lm -Wl,--end-group
Finished building target: lab8_ex1.elf
 
arm-none-eabi-objdump -h -S  lab8_ex1.elf  > "lab8_ex1.list"
arm-none-eabi-objcopy  -O binary  lab8_ex1.elf  "lab8_ex1.bin"
arm-none-eabi-size   lab8_ex1.elf 
   text	   data	    bss	    dec	    hex	filename
    816	      8	   1568	   2392	    958	lab8_ex1.elf
Finished building: default.size.stdout
 
Finished building: lab8_ex1.bin
Finished building: lab8_ex1.list
 
 
17:25:34 **** Incremental Build of configuration Debug for project lab8_ex1 ****
make -j8 all 
arm-none-eabi-size   lab8_ex1.elf 
   text	   data	    bss	    dec	    hex	filename
    816	      8	   1568	   2392	    958	lab8_ex1.elf
Finished building: default.size.stdout
 
17:26:00 **** Incremental Build of configuration Debug for project LAB8_EX1_REPEATED ****
make -j8 all 
arm-none-eabi-size   LAB8_EX1_REPEATED.elf 
   text	   data	    bss	    dec	    hex	filename
    816	      8	   1568	   2392	    958	LAB8_EX1_REPEATED.elf
Finished building: default.size.stdout
 
17:26:01 **** Incremental Build of configuration Debug for project lab8_ex1 ****
make -j8 all 
arm-none-eabi-gcc "../Src/main.c" -mcpu=cortex-m4 -std=gnu11 -g3 -DSTM32 -DSTM32F401RETx -DSTM32F4 -DDEBUG -c -I../Inc -O0 -ffunction-sections -fdata-sections -Wall -fstack-usage -MMD -MP -MF"Src/main.d" -MT"Src/main.o" --specs=nano.specs -mfpu=fpv4-sp-d16 -mfloat-abi=hard -mthumb -o "Src/main.o"
../Src/main.c:21:4: warning: #warning "FPU is not initialized, but the project is compiling for an FPU. Please initialize the FPU before use." [-Wcpp]
   #warning "FPU is not initialized, but the project is compiling for an FPU. Please initialize the FPU before use."
    ^~~~~~~
arm-none-eabi-gcc -o "lab8_ex1.elf" @"objects.list"   -mcpu=cortex-m4 -T"D:\POLITO\3rd year\digital systema electronics\STM32\lab8\lab8_ex1\STM32F401RETX_FLASH.ld" --specs=nosys.specs -Wl,-Map="lab8_ex1.map" -Wl,--gc-sections -static --specs=nano.specs -mfpu=fpv4-sp-d16 -mfloat-abi=hard -mthumb -Wl,--start-group -lc -lm -Wl,--end-group
Finished building target: lab8_ex1.elf
 
arm-none-eabi-objdump -h -S  lab8_ex1.elf  > "lab8_ex1.list"
arm-none-eabi-objcopy  -O binary  lab8_ex1.elf  "lab8_ex1.bin"
arm-none-eabi-size   lab8_ex1.elf 
   text	   data	    bss	    dec	    hex	filename
    816	      8	   1568	   2392	    958	lab8_ex1.elf
Finished building: default.size.stdout
 
Finished building: lab8_ex1.bin
Finished building: lab8_ex1.list
 
 
17:26:03 **** Incremental Build of configuration Debug for project lab8_ex1 ****
make -j8 all 
arm-none-eabi-size   lab8_ex1.elf 
   text	   data	    bss	    dec	    hex	filename
    816	      8	   1568	   2392	    958	lab8_ex1.elf
Finished building: default.size.stdout
 
17:27:42 **** Incremental Build of configuration Debug for project LAB8_EX1_REPEATED ****
make -j8 all 
arm-none-eabi-size   LAB8_EX1_REPEATED.elf 
   text	   data	    bss	    dec	    hex	filename
    816	      8	   1568	   2392	    958	LAB8_EX1_REPEATED.elf
Finished building: default.size.stdout
 
17:27:42 **** Incremental Build of configuration Debug for project lab8_ex1 ****
make -j8 all 
arm-none-eabi-gcc "../Src/main.c" -mcpu=cortex-m4 -std=gnu11 -g3 -DSTM32 -DSTM32F401RETx -DSTM32F4 -DDEBUG -c -I../Inc -O0 -ffunction-sections -fdata-sections -Wall -fstack-usage -MMD -MP -MF"Src/main.d" -MT"Src/main.o" --specs=nano.specs -mfpu=fpv4-sp-d16 -mfloat-abi=hard -mthumb -o "Src/main.o"
../Src/main.c:21:4: warning: #warning "FPU is not initialized, but the project is compiling for an FPU. Please initialize the FPU before use." [-Wcpp]
   #warning "FPU is not initialized, but the project is compiling for an FPU. Please initialize the FPU before use."
    ^~~~~~~
arm-none-eabi-gcc -o "lab8_ex1.elf" @"objects.list"   -mcpu=cortex-m4 -T"D:\POLITO\3rd year\digital systema electronics\STM32\lab8\lab8_ex1\STM32F401RETX_FLASH.ld" --specs=nosys.specs -Wl,-Map="lab8_ex1.map" -Wl,--gc-sections -static --specs=nano.specs -mfpu=fpv4-sp-d16 -mfloat-abi=hard -mthumb -Wl,--start-group -lc -lm -Wl,--end-group
Finished building target: lab8_ex1.elf
 
arm-none-eabi-objdump -h -S  lab8_ex1.elf  > "lab8_ex1.list"
arm-none-eabi-objcopy  -O binary  lab8_ex1.elf  "lab8_ex1.bin"
arm-none-eabi-size   lab8_ex1.elf 
   text	   data	    bss	    dec	    hex	filename
    816	      8	   1568	   2392	    958	lab8_ex1.elf
Finished building: default.size.stdout
 
Finished building: lab8_ex1.list
Finished building: lab8_ex1.bin
 
 
17:27:44 **** Incremental Build of configuration Debug for project lab8_ex1 ****
make -j8 all 
arm-none-eabi-size   lab8_ex1.elf 
   text	   data	    bss	    dec	    hex	filename
    816	      8	   1568	   2392	    958	lab8_ex1.elf
Finished building: default.size.stdout
 
17:28:06 **** Incremental Build of configuration Debug for project LAB8_EX1_REPEATED ****
make -j8 all 
arm-none-eabi-size   LAB8_EX1_REPEATED.elf 
   text	   data	    bss	    dec	    hex	filename
    816	      8	   1568	   2392	    958	LAB8_EX1_REPEATED.elf
Finished building: default.size.stdout
 
17:28:07 **** Incremental Build of configuration Debug for project lab8_ex1 ****
make -j8 all 
arm-none-eabi-gcc "../Src/main.c" -mcpu=cortex-m4 -std=gnu11 -g3 -DSTM32 -DSTM32F401RETx -DSTM32F4 -DDEBUG -c -I../Inc -O0 -ffunction-sections -fdata-sections -Wall -fstack-usage -MMD -MP -MF"Src/main.d" -MT"Src/main.o" --specs=nano.specs -mfpu=fpv4-sp-d16 -mfloat-abi=hard -mthumb -o "Src/main.o"
../Src/main.c:21:4: warning: #warning "FPU is not initialized, but the project is compiling for an FPU. Please initialize the FPU before use." [-Wcpp]
   #warning "FPU is not initialized, but the project is compiling for an FPU. Please initialize the FPU before use."
    ^~~~~~~
arm-none-eabi-gcc -o "lab8_ex1.elf" @"objects.list"   -mcpu=cortex-m4 -T"D:\POLITO\3rd year\digital systema electronics\STM32\lab8\lab8_ex1\STM32F401RETX_FLASH.ld" --specs=nosys.specs -Wl,-Map="lab8_ex1.map" -Wl,--gc-sections -static --specs=nano.specs -mfpu=fpv4-sp-d16 -mfloat-abi=hard -mthumb -Wl,--start-group -lc -lm -Wl,--end-group
Finished building target: lab8_ex1.elf
 
arm-none-eabi-objdump -h -S  lab8_ex1.elf  > "lab8_ex1.list"
arm-none-eabi-objcopy  -O binary  lab8_ex1.elf  "lab8_ex1.bin"
arm-none-eabi-size   lab8_ex1.elf 
   text	   data	    bss	    dec	    hex	filename
    816	      8	   1568	   2392	    958	lab8_ex1.elf
Finished building: default.size.stdout
 
Finished building: lab8_ex1.list
Finished building: lab8_ex1.bin
 
 
17:28:16 **** Incremental Build of configuration Debug for project lab8_ex1 ****
make -j8 all 
arm-none-eabi-size   lab8_ex1.elf 
   text	   data	    bss	    dec	    hex	filename
    816	      8	   1568	   2392	    958	lab8_ex1.elf
Finished building: default.size.stdout
 
12:27:34 **** Incremental Build of configuration Debug for project LAB8_EX1_REPEATED ****
make -j8 all 
arm-none-eabi-size   LAB8_EX1_REPEATED.elf 
   text	   data	    bss	    dec	    hex	filename
    816	      8	   1568	   2392	    958	LAB8_EX1_REPEATED.elf
Finished building: default.size.stdout
 
12:27:35 **** Incremental Build of configuration Debug for project lab8_ex1 ****
make -j8 all 
arm-none-eabi-size   lab8_ex1.elf 
   text	   data	    bss	    dec	    hex	filename
    816	      8	   1568	   2392	    958	lab8_ex1.elf
Finished building: default.size.stdout
 
12:27:36 **** Build of configuration Debug for project lab8_ex2 ****
make -j8 all 
arm-none-eabi-gcc "../Drivers/STM32F4xx_HAL_Driver/Src/stm32f4xx_ll_dma.c" -mcpu=cortex-m4 -std=gnu11 -g3 '-DLSI_VALUE=32000' -DSTM32F401xE '-DHSE_STARTUP_TIMEOUT=100' '-DHSI_VALUE=16000000' -DDEBUG '-DLSE_STARTUP_TIMEOUT=5000' '-DLSE_VALUE=32768' '-DDATA_CACHE_ENABLE=1' '-DEXTERNAL_CLOCK_VALUE=12288000' '-DVDD_VALUE=3300' '-DINSTRUCTION_CACHE_ENABLE=1' '-DHSE_VALUE=25000000' -DUSE_FULL_LL_DRIVER '-DPREFETCH_ENABLE=1' -c -I../Drivers/CMSIS/Include -I../Drivers/STM32F4xx_HAL_Driver/Inc -I../Core/Inc -I../Drivers/CMSIS/Device/ST/STM32F4xx/Include -O0 -ffunction-sections -fdata-sections -Wall -fstack-usage -MMD -MP -MF"Drivers/STM32F4xx_HAL_Driver/Src/stm32f4xx_ll_dma.d" -MT"Drivers/STM32F4xx_HAL_Driver/Src/stm32f4xx_ll_dma.o" --specs=nano.specs -mfpu=fpv4-sp-d16 -mfloat-abi=hard -mthumb -o "Drivers/STM32F4xx_HAL_Driver/Src/stm32f4xx_ll_dma.o"
arm-none-eabi-gcc "../Drivers/STM32F4xx_HAL_Driver/Src/stm32f4xx_ll_exti.c" -mcpu=cortex-m4 -std=gnu11 -g3 '-DLSI_VALUE=32000' -DSTM32F401xE '-DHSE_STARTUP_TIMEOUT=100' '-DHSI_VALUE=16000000' -DDEBUG '-DLSE_STARTUP_TIMEOUT=5000' '-DLSE_VALUE=32768' '-DDATA_CACHE_ENABLE=1' '-DEXTERNAL_CLOCK_VALUE=12288000' '-DVDD_VALUE=3300' '-DINSTRUCTION_CACHE_ENABLE=1' '-DHSE_VALUE=25000000' -DUSE_FULL_LL_DRIVER '-DPREFETCH_ENABLE=1' -c -I../Drivers/CMSIS/Include -I../Drivers/STM32F4xx_HAL_Driver/Inc -I../Core/Inc -I../Drivers/CMSIS/Device/ST/STM32F4xx/Include -O0 -ffunction-sections -fdata-sections -Wall -fstack-usage -MMD -MP -MF"Drivers/STM32F4xx_HAL_Driver/Src/stm32f4xx_ll_exti.d" -MT"Drivers/STM32F4xx_HAL_Driver/Src/stm32f4xx_ll_exti.o" --specs=nano.specs -mfpu=fpv4-sp-d16 -mfloat-abi=hard -mthumb -o "Drivers/STM32F4xx_HAL_Driver/Src/stm32f4xx_ll_exti.o"
arm-none-eabi-gcc "../Drivers/STM32F4xx_HAL_Driver/Src/stm32f4xx_ll_gpio.c" -mcpu=cortex-m4 -std=gnu11 -g3 '-DLSI_VALUE=32000' -DSTM32F401xE '-DHSE_STARTUP_TIMEOUT=100' '-DHSI_VALUE=16000000' -DDEBUG '-DLSE_STARTUP_TIMEOUT=5000' '-DLSE_VALUE=32768' '-DDATA_CACHE_ENABLE=1' '-DEXTERNAL_CLOCK_VALUE=12288000' '-DVDD_VALUE=3300' '-DINSTRUCTION_CACHE_ENABLE=1' '-DHSE_VALUE=25000000' -DUSE_FULL_LL_DRIVER '-DPREFETCH_ENABLE=1' -c -I../Drivers/CMSIS/Include -I../Drivers/STM32F4xx_HAL_Driver/Inc -I../Core/Inc -I../Drivers/CMSIS/Device/ST/STM32F4xx/Include -O0 -ffunction-sections -fdata-sections -Wall -fstack-usage -MMD -MP -MF"Drivers/STM32F4xx_HAL_Driver/Src/stm32f4xx_ll_gpio.d" -MT"Drivers/STM32F4xx_HAL_Driver/Src/stm32f4xx_ll_gpio.o" --specs=nano.specs -mfpu=fpv4-sp-d16 -mfloat-abi=hard -mthumb -o "Drivers/STM32F4xx_HAL_Driver/Src/stm32f4xx_ll_gpio.o"
arm-none-eabi-gcc "../Drivers/STM32F4xx_HAL_Driver/Src/stm32f4xx_ll_rcc.c" -mcpu=cortex-m4 -std=gnu11 -g3 '-DLSI_VALUE=32000' -DSTM32F401xE '-DHSE_STARTUP_TIMEOUT=100' '-DHSI_VALUE=16000000' -DDEBUG '-DLSE_STARTUP_TIMEOUT=5000' '-DLSE_VALUE=32768' '-DDATA_CACHE_ENABLE=1' '-DEXTERNAL_CLOCK_VALUE=12288000' '-DVDD_VALUE=3300' '-DINSTRUCTION_CACHE_ENABLE=1' '-DHSE_VALUE=25000000' -DUSE_FULL_LL_DRIVER '-DPREFETCH_ENABLE=1' -c -I../Drivers/CMSIS/Include -I../Drivers/STM32F4xx_HAL_Driver/Inc -I../Core/Inc -I../Drivers/CMSIS/Device/ST/STM32F4xx/Include -O0 -ffunction-sections -fdata-sections -Wall -fstack-usage -MMD -MP -MF"Drivers/STM32F4xx_HAL_Driver/Src/stm32f4xx_ll_rcc.d" -MT"Drivers/STM32F4xx_HAL_Driver/Src/stm32f4xx_ll_rcc.o" --specs=nano.specs -mfpu=fpv4-sp-d16 -mfloat-abi=hard -mthumb -o "Drivers/STM32F4xx_HAL_Driver/Src/stm32f4xx_ll_rcc.o"
arm-none-eabi-gcc "../Drivers/STM32F4xx_HAL_Driver/Src/stm32f4xx_ll_tim.c" -mcpu=cortex-m4 -std=gnu11 -g3 '-DLSI_VALUE=32000' -DSTM32F401xE '-DHSE_STARTUP_TIMEOUT=100' '-DHSI_VALUE=16000000' -DDEBUG '-DLSE_STARTUP_TIMEOUT=5000' '-DLSE_VALUE=32768' '-DDATA_CACHE_ENABLE=1' '-DEXTERNAL_CLOCK_VALUE=12288000' '-DVDD_VALUE=3300' '-DINSTRUCTION_CACHE_ENABLE=1' '-DHSE_VALUE=25000000' -DUSE_FULL_LL_DRIVER '-DPREFETCH_ENABLE=1' -c -I../Drivers/CMSIS/Include -I../Drivers/STM32F4xx_HAL_Driver/Inc -I../Core/Inc -I../Drivers/CMSIS/Device/ST/STM32F4xx/Include -O0 -ffunction-sections -fdata-sections -Wall -fstack-usage -MMD -MP -MF"Drivers/STM32F4xx_HAL_Driver/Src/stm32f4xx_ll_tim.d" -MT"Drivers/STM32F4xx_HAL_Driver/Src/stm32f4xx_ll_tim.o" --specs=nano.specs -mfpu=fpv4-sp-d16 -mfloat-abi=hard -mthumb -o "Drivers/STM32F4xx_HAL_Driver/Src/stm32f4xx_ll_tim.o"
arm-none-eabi-gcc "../Drivers/STM32F4xx_HAL_Driver/Src/stm32f4xx_ll_utils.c" -mcpu=cortex-m4 -std=gnu11 -g3 '-DLSI_VALUE=32000' -DSTM32F401xE '-DHSE_STARTUP_TIMEOUT=100' '-DHSI_VALUE=16000000' -DDEBUG '-DLSE_STARTUP_TIMEOUT=5000' '-DLSE_VALUE=32768' '-DDATA_CACHE_ENABLE=1' '-DEXTERNAL_CLOCK_VALUE=12288000' '-DVDD_VALUE=3300' '-DINSTRUCTION_CACHE_ENABLE=1' '-DHSE_VALUE=25000000' -DUSE_FULL_LL_DRIVER '-DPREFETCH_ENABLE=1' -c -I../Drivers/CMSIS/Include -I../Drivers/STM32F4xx_HAL_Driver/Inc -I../Core/Inc -I../Drivers/CMSIS/Device/ST/STM32F4xx/Include -O0 -ffunction-sections -fdata-sections -Wall -fstack-usage -MMD -MP -MF"Drivers/STM32F4xx_HAL_Driver/Src/stm32f4xx_ll_utils.d" -MT"Drivers/STM32F4xx_HAL_Driver/Src/stm32f4xx_ll_utils.o" --specs=nano.specs -mfpu=fpv4-sp-d16 -mfloat-abi=hard -mthumb -o "Drivers/STM32F4xx_HAL_Driver/Src/stm32f4xx_ll_utils.o"
arm-none-eabi-gcc -mcpu=cortex-m4 -g3 -c -x assembler-with-cpp --specs=nano.specs -mfpu=fpv4-sp-d16 -mfloat-abi=hard -mthumb -o "Core/Startup/startup_stm32f401retx.o" "../Core/Startup/startup_stm32f401retx.s"
arm-none-eabi-gcc "../Core/Src/main.c" -mcpu=cortex-m4 -std=gnu11 -g3 '-DLSI_VALUE=32000' -DSTM32F401xE '-DHSE_STARTUP_TIMEOUT=100' '-DHSI_VALUE=16000000' -DDEBUG '-DLSE_STARTUP_TIMEOUT=5000' '-DLSE_VALUE=32768' '-DDATA_CACHE_ENABLE=1' '-DEXTERNAL_CLOCK_VALUE=12288000' '-DVDD_VALUE=3300' '-DINSTRUCTION_CACHE_ENABLE=1' '-DHSE_VALUE=25000000' -DUSE_FULL_LL_DRIVER '-DPREFETCH_ENABLE=1' -c -I../Drivers/CMSIS/Include -I../Drivers/STM32F4xx_HAL_Driver/Inc -I../Core/Inc -I../Drivers/CMSIS/Device/ST/STM32F4xx/Include -O0 -ffunction-sections -fdata-sections -Wall -fstack-usage -MMD -MP -MF"Core/Src/main.d" -MT"Core/Src/main.o" --specs=nano.specs -mfpu=fpv4-sp-d16 -mfloat-abi=hard -mthumb -o "Core/Src/main.o"
arm-none-eabi-gcc "../Core/Src/stm32f4xx_it.c" -mcpu=cortex-m4 -std=gnu11 -g3 '-DLSI_VALUE=32000' -DSTM32F401xE '-DHSE_STARTUP_TIMEOUT=100' '-DHSI_VALUE=16000000' -DDEBUG '-DLSE_STARTUP_TIMEOUT=5000' '-DLSE_VALUE=32768' '-DDATA_CACHE_ENABLE=1' '-DEXTERNAL_CLOCK_VALUE=12288000' '-DVDD_VALUE=3300' '-DINSTRUCTION_CACHE_ENABLE=1' '-DHSE_VALUE=25000000' -DUSE_FULL_LL_DRIVER '-DPREFETCH_ENABLE=1' -c -I../Drivers/CMSIS/Include -I../Drivers/STM32F4xx_HAL_Driver/Inc -I../Core/Inc -I../Drivers/CMSIS/Device/ST/STM32F4xx/Include -O0 -ffunction-sections -fdata-sections -Wall -fstack-usage -MMD -MP -MF"Core/Src/stm32f4xx_it.d" -MT"Core/Src/stm32f4xx_it.o" --specs=nano.specs -mfpu=fpv4-sp-d16 -mfloat-abi=hard -mthumb -o "Core/Src/stm32f4xx_it.o"
In file included from ../Drivers/STM32F4xx_HAL_Driver/Inc/stm32f4xx_ll_rcc.h:29:0,
                 from ../Core/Inc/main.h:31,
                 from ../Core/Src/main.c:22:
../Core/Src/main.c: In function 'main':
../Core/Src/main.c:100:32: warning: implicit declaration of function 'LL_ReadReg'; did you mean 'LL_TIM_ReadReg'? [-Wimplicit-function-declaration]
   LL_TIM_WriteReg(TIM3 , CR1 , LL_ReadReg(TIM3 ,CR1) | 0x01);
                                ^
../Drivers/CMSIS/Device/ST/STM32F4xx/Include/stm32f4xx.h:220:41: note: in definition of macro 'WRITE_REG'
 #define WRITE_REG(REG, VAL)   ((REG) = (VAL))
                                         ^~~
../Core/Src/main.c:100:3: note: in expansion of macro 'LL_TIM_WriteReg'
   LL_TIM_WriteReg(TIM3 , CR1 , LL_ReadReg(TIM3 ,CR1) | 0x01);
   ^~~~~~~~~~~~~~~
../Core/Src/main.c:100:49: error: 'CR1' undeclared (first use in this function); did you mean 'CRC'?
   LL_TIM_WriteReg(TIM3 , CR1 , LL_ReadReg(TIM3 ,CR1) | 0x01);
                                                 ^
../Drivers/CMSIS/Device/ST/STM32F4xx/Include/stm32f4xx.h:220:41: note: in definition of macro 'WRITE_REG'
 #define WRITE_REG(REG, VAL)   ((REG) = (VAL))
                                         ^~~
../Core/Src/main.c:100:3: note: in expansion of macro 'LL_TIM_WriteReg'
   LL_TIM_WriteReg(TIM3 , CR1 , LL_ReadReg(TIM3 ,CR1) | 0x01);
   ^~~~~~~~~~~~~~~
../Core/Src/main.c:100:49: note: each undeclared identifier is reported only once for each function it appears in
   LL_TIM_WriteReg(TIM3 , CR1 , LL_ReadReg(TIM3 ,CR1) | 0x01);
                                                 ^
../Drivers/CMSIS/Device/ST/STM32F4xx/Include/stm32f4xx.h:220:41: note: in definition of macro 'WRITE_REG'
 #define WRITE_REG(REG, VAL)   ((REG) = (VAL))
                                         ^~~
../Core/Src/main.c:100:3: note: in expansion of macro 'LL_TIM_WriteReg'
   LL_TIM_WriteReg(TIM3 , CR1 , LL_ReadReg(TIM3 ,CR1) | 0x01);
   ^~~~~~~~~~~~~~~
make: *** [Core/Src/subdir.mk:30: Core/Src/main.o] Error 1
make: *** Waiting for unfinished jobs....
"make -j8 all" terminated with exit code 2. Build might be incomplete.
12:33:42 **** Incremental Build of configuration Debug for project LAB8_EX1_REPEATED ****
make -j8 all 
arm-none-eabi-size   LAB8_EX1_REPEATED.elf 
   text	   data	    bss	    dec	    hex	filename
    816	      8	   1568	   2392	    958	LAB8_EX1_REPEATED.elf
Finished building: default.size.stdout
 
12:33:43 **** Incremental Build of configuration Debug for project lab8_ex1 ****
make -j8 all 
arm-none-eabi-size   lab8_ex1.elf 
   text	   data	    bss	    dec	    hex	filename
    816	      8	   1568	   2392	    958	lab8_ex1.elf
Finished building: default.size.stdout
 
12:33:44 **** Incremental Build of configuration Debug for project lab8_ex2 ****
make -j8 all 
arm-none-eabi-gcc "../Core/Src/main.c" -mcpu=cortex-m4 -std=gnu11 -g3 '-DLSI_VALUE=32000' -DSTM32F401xE '-DHSE_STARTUP_TIMEOUT=100' '-DHSI_VALUE=16000000' -DDEBUG '-DLSE_STARTUP_TIMEOUT=5000' '-DLSE_VALUE=32768' '-DDATA_CACHE_ENABLE=1' '-DEXTERNAL_CLOCK_VALUE=12288000' '-DVDD_VALUE=3300' '-DINSTRUCTION_CACHE_ENABLE=1' '-DHSE_VALUE=25000000' -DUSE_FULL_LL_DRIVER '-DPREFETCH_ENABLE=1' -c -I../Drivers/CMSIS/Include -I../Drivers/STM32F4xx_HAL_Driver/Inc -I../Core/Inc -I../Drivers/CMSIS/Device/ST/STM32F4xx/Include -O0 -ffunction-sections -fdata-sections -Wall -fstack-usage -MMD -MP -MF"Core/Src/main.d" -MT"Core/Src/main.o" --specs=nano.specs -mfpu=fpv4-sp-d16 -mfloat-abi=hard -mthumb -o "Core/Src/main.o"
arm-none-eabi-gcc "../Core/Src/syscalls.c" -mcpu=cortex-m4 -std=gnu11 -g3 '-DLSI_VALUE=32000' -DSTM32F401xE '-DHSE_STARTUP_TIMEOUT=100' '-DHSI_VALUE=16000000' -DDEBUG '-DLSE_STARTUP_TIMEOUT=5000' '-DLSE_VALUE=32768' '-DDATA_CACHE_ENABLE=1' '-DEXTERNAL_CLOCK_VALUE=12288000' '-DVDD_VALUE=3300' '-DINSTRUCTION_CACHE_ENABLE=1' '-DHSE_VALUE=25000000' -DUSE_FULL_LL_DRIVER '-DPREFETCH_ENABLE=1' -c -I../Drivers/CMSIS/Include -I../Drivers/STM32F4xx_HAL_Driver/Inc -I../Core/Inc -I../Drivers/CMSIS/Device/ST/STM32F4xx/Include -O0 -ffunction-sections -fdata-sections -Wall -fstack-usage -MMD -MP -MF"Core/Src/syscalls.d" -MT"Core/Src/syscalls.o" --specs=nano.specs -mfpu=fpv4-sp-d16 -mfloat-abi=hard -mthumb -o "Core/Src/syscalls.o"
arm-none-eabi-gcc "../Core/Src/sysmem.c" -mcpu=cortex-m4 -std=gnu11 -g3 '-DLSI_VALUE=32000' -DSTM32F401xE '-DHSE_STARTUP_TIMEOUT=100' '-DHSI_VALUE=16000000' -DDEBUG '-DLSE_STARTUP_TIMEOUT=5000' '-DLSE_VALUE=32768' '-DDATA_CACHE_ENABLE=1' '-DEXTERNAL_CLOCK_VALUE=12288000' '-DVDD_VALUE=3300' '-DINSTRUCTION_CACHE_ENABLE=1' '-DHSE_VALUE=25000000' -DUSE_FULL_LL_DRIVER '-DPREFETCH_ENABLE=1' -c -I../Drivers/CMSIS/Include -I../Drivers/STM32F4xx_HAL_Driver/Inc -I../Core/Inc -I../Drivers/CMSIS/Device/ST/STM32F4xx/Include -O0 -ffunction-sections -fdata-sections -Wall -fstack-usage -MMD -MP -MF"Core/Src/sysmem.d" -MT"Core/Src/sysmem.o" --specs=nano.specs -mfpu=fpv4-sp-d16 -mfloat-abi=hard -mthumb -o "Core/Src/sysmem.o"
arm-none-eabi-gcc "../Core/Src/system_stm32f4xx.c" -mcpu=cortex-m4 -std=gnu11 -g3 '-DLSI_VALUE=32000' -DSTM32F401xE '-DHSE_STARTUP_TIMEOUT=100' '-DHSI_VALUE=16000000' -DDEBUG '-DLSE_STARTUP_TIMEOUT=5000' '-DLSE_VALUE=32768' '-DDATA_CACHE_ENABLE=1' '-DEXTERNAL_CLOCK_VALUE=12288000' '-DVDD_VALUE=3300' '-DINSTRUCTION_CACHE_ENABLE=1' '-DHSE_VALUE=25000000' -DUSE_FULL_LL_DRIVER '-DPREFETCH_ENABLE=1' -c -I../Drivers/CMSIS/Include -I../Drivers/STM32F4xx_HAL_Driver/Inc -I../Core/Inc -I../Drivers/CMSIS/Device/ST/STM32F4xx/Include -O0 -ffunction-sections -fdata-sections -Wall -fstack-usage -MMD -MP -MF"Core/Src/system_stm32f4xx.d" -MT"Core/Src/system_stm32f4xx.o" --specs=nano.specs -mfpu=fpv4-sp-d16 -mfloat-abi=hard -mthumb -o "Core/Src/system_stm32f4xx.o"
arm-none-eabi-gcc -o "lab8_ex2.elf" @"objects.list"   -mcpu=cortex-m4 -T"D:\POLITO\3rd year\digital systema electronics\STM32\lab8\lab8_ex2\STM32F401RETX_FLASH.ld" --specs=nosys.specs -Wl,-Map="lab8_ex2.map" -Wl,--gc-sections -static --specs=nano.specs -mfpu=fpv4-sp-d16 -mfloat-abi=hard -mthumb -Wl,--start-group -lc -lm -Wl,--end-group
Finished building target: lab8_ex2.elf
 
arm-none-eabi-size   lab8_ex2.elf 
arm-none-eabi-objdump -h -S  lab8_ex2.elf  > "lab8_ex2.list"
arm-none-eabi-objcopy  -O binary  lab8_ex2.elf  "lab8_ex2.bin"
   text	   data	    bss	    dec	    hex	filename
   4680	     12	   1564	   6256	   1870	lab8_ex2.elf
Finished building: default.size.stdout
 
Finished building: lab8_ex2.bin
Finished building: lab8_ex2.list
 
 
12:34:42 **** Incremental Build of configuration Debug for project lab8_ex2 ****
make -j8 all 
arm-none-eabi-size   lab8_ex2.elf 
   text	   data	    bss	    dec	    hex	filename
   4680	     12	   1564	   6256	   1870	lab8_ex2.elf
Finished building: default.size.stdout
 
12:39:29 **** Incremental Build of configuration Debug for project lab8_ex2 ****
make -j8 all 
arm-none-eabi-gcc "../Core/Src/main.c" -mcpu=cortex-m4 -std=gnu11 -g3 '-DLSI_VALUE=32000' -DSTM32F401xE '-DHSE_STARTUP_TIMEOUT=100' '-DHSI_VALUE=16000000' -DDEBUG '-DLSE_STARTUP_TIMEOUT=5000' '-DLSE_VALUE=32768' '-DDATA_CACHE_ENABLE=1' '-DEXTERNAL_CLOCK_VALUE=12288000' '-DVDD_VALUE=3300' '-DINSTRUCTION_CACHE_ENABLE=1' '-DHSE_VALUE=25000000' -DUSE_FULL_LL_DRIVER '-DPREFETCH_ENABLE=1' -c -I../Drivers/CMSIS/Include -I../Drivers/STM32F4xx_HAL_Driver/Inc -I../Core/Inc -I../Drivers/CMSIS/Device/ST/STM32F4xx/Include -O0 -ffunction-sections -fdata-sections -Wall -fstack-usage -MMD -MP -MF"Core/Src/main.d" -MT"Core/Src/main.o" --specs=nano.specs -mfpu=fpv4-sp-d16 -mfloat-abi=hard -mthumb -o "Core/Src/main.o"
In file included from ../Drivers/STM32F4xx_HAL_Driver/Inc/stm32f4xx_ll_rcc.h:29:0,
                 from ../Core/Inc/main.h:31,
                 from ../Core/Src/main.c:22:
../Core/Src/main.c: In function 'main':
../Core/Src/main.c:100:32: warning: implicit declaration of function 'LL_ReadReg'; did you mean 'LL_TIM_ReadReg'? [-Wimplicit-function-declaration]
   LL_TIM_WriteReg(TIM3 , CR1 , LL_ReadReg(TIM3 ,CR1) | 0x01);
                                ^
../Drivers/CMSIS/Device/ST/STM32F4xx/Include/stm32f4xx.h:220:41: note: in definition of macro 'WRITE_REG'
 #define WRITE_REG(REG, VAL)   ((REG) = (VAL))
                                         ^~~
../Core/Src/main.c:100:3: note: in expansion of macro 'LL_TIM_WriteReg'
   LL_TIM_WriteReg(TIM3 , CR1 , LL_ReadReg(TIM3 ,CR1) | 0x01);
   ^~~~~~~~~~~~~~~
../Core/Src/main.c:100:49: error: 'CR1' undeclared (first use in this function); did you mean 'CRC'?
   LL_TIM_WriteReg(TIM3 , CR1 , LL_ReadReg(TIM3 ,CR1) | 0x01);
                                                 ^
../Drivers/CMSIS/Device/ST/STM32F4xx/Include/stm32f4xx.h:220:41: note: in definition of macro 'WRITE_REG'
 #define WRITE_REG(REG, VAL)   ((REG) = (VAL))
                                         ^~~
../Core/Src/main.c:100:3: note: in expansion of macro 'LL_TIM_WriteReg'
   LL_TIM_WriteReg(TIM3 , CR1 , LL_ReadReg(TIM3 ,CR1) | 0x01);
   ^~~~~~~~~~~~~~~
../Core/Src/main.c:100:49: note: each undeclared identifier is reported only once for each function it appears in
   LL_TIM_WriteReg(TIM3 , CR1 , LL_ReadReg(TIM3 ,CR1) | 0x01);
                                                 ^
../Drivers/CMSIS/Device/ST/STM32F4xx/Include/stm32f4xx.h:220:41: note: in definition of macro 'WRITE_REG'
 #define WRITE_REG(REG, VAL)   ((REG) = (VAL))
                                         ^~~
../Core/Src/main.c:100:3: note: in expansion of macro 'LL_TIM_WriteReg'
   LL_TIM_WriteReg(TIM3 , CR1 , LL_ReadReg(TIM3 ,CR1) | 0x01);
   ^~~~~~~~~~~~~~~
make: *** [Core/Src/subdir.mk:30: Core/Src/main.o] Error 1
"make -j8 all" terminated with exit code 2. Build might be incomplete.
12:42:05 **** Incremental Build of configuration Debug for project lab8_ex2 ****
make -j8 all 
arm-none-eabi-gcc "../Core/Src/main.c" -mcpu=cortex-m4 -std=gnu11 -g3 '-DLSI_VALUE=32000' -DSTM32F401xE '-DHSE_STARTUP_TIMEOUT=100' '-DHSI_VALUE=16000000' -DDEBUG '-DLSE_STARTUP_TIMEOUT=5000' '-DLSE_VALUE=32768' '-DDATA_CACHE_ENABLE=1' '-DEXTERNAL_CLOCK_VALUE=12288000' '-DVDD_VALUE=3300' '-DINSTRUCTION_CACHE_ENABLE=1' '-DHSE_VALUE=25000000' -DUSE_FULL_LL_DRIVER '-DPREFETCH_ENABLE=1' -c -I../Drivers/CMSIS/Include -I../Drivers/STM32F4xx_HAL_Driver/Inc -I../Core/Inc -I../Drivers/CMSIS/Device/ST/STM32F4xx/Include -O0 -ffunction-sections -fdata-sections -Wall -fstack-usage -MMD -MP -MF"Core/Src/main.d" -MT"Core/Src/main.o" --specs=nano.specs -mfpu=fpv4-sp-d16 -mfloat-abi=hard -mthumb -o "Core/Src/main.o"
arm-none-eabi-gcc -o "lab8_ex2.elf" @"objects.list"   -mcpu=cortex-m4 -T"D:\POLITO\3rd year\digital systema electronics\STM32\lab8\lab8_ex2\STM32F401RETX_FLASH.ld" --specs=nosys.specs -Wl,-Map="lab8_ex2.map" -Wl,--gc-sections -static --specs=nano.specs -mfpu=fpv4-sp-d16 -mfloat-abi=hard -mthumb -Wl,--start-group -lc -lm -Wl,--end-group
Finished building target: lab8_ex2.elf
 
arm-none-eabi-objdump -h -S  lab8_ex2.elf  > "lab8_ex2.list"
arm-none-eabi-objcopy  -O binary  lab8_ex2.elf  "lab8_ex2.bin"
arm-none-eabi-size   lab8_ex2.elf 
   text	   data	    bss	    dec	    hex	filename
   4680	     12	   1564	   6256	   1870	lab8_ex2.elf
Finished building: default.size.stdout
 
Finished building: lab8_ex2.bin
Finished building: lab8_ex2.list
 
 
12:42:30 **** Incremental Build of configuration Debug for project lab8_ex2 ****
make -j8 all 
arm-none-eabi-size   lab8_ex2.elf 
   text	   data	    bss	    dec	    hex	filename
   4680	     12	   1564	   6256	   1870	lab8_ex2.elf
Finished building: default.size.stdout
 
12:44:26 **** Incremental Build of configuration Debug for project lab8_ex2 ****
make -j8 all 
arm-none-eabi-gcc "../Core/Src/main.c" -mcpu=cortex-m4 -std=gnu11 -g3 '-DLSI_VALUE=32000' -DSTM32F401xE '-DHSE_STARTUP_TIMEOUT=100' '-DHSI_VALUE=16000000' -DDEBUG '-DLSE_STARTUP_TIMEOUT=5000' '-DLSE_VALUE=32768' '-DDATA_CACHE_ENABLE=1' '-DEXTERNAL_CLOCK_VALUE=12288000' '-DVDD_VALUE=3300' '-DINSTRUCTION_CACHE_ENABLE=1' '-DHSE_VALUE=25000000' -DUSE_FULL_LL_DRIVER '-DPREFETCH_ENABLE=1' -c -I../Drivers/CMSIS/Include -I../Drivers/STM32F4xx_HAL_Driver/Inc -I../Core/Inc -I../Drivers/CMSIS/Device/ST/STM32F4xx/Include -O0 -ffunction-sections -fdata-sections -Wall -fstack-usage -MMD -MP -MF"Core/Src/main.d" -MT"Core/Src/main.o" --specs=nano.specs -mfpu=fpv4-sp-d16 -mfloat-abi=hard -mthumb -o "Core/Src/main.o"
In file included from ../Drivers/STM32F4xx_HAL_Driver/Inc/stm32f4xx_ll_rcc.h:29:0,
                 from ../Core/Inc/main.h:31,
                 from ../Core/Src/main.c:22:
../Core/Src/main.c: In function 'main':
../Core/Src/main.c:100:32: warning: implicit declaration of function 'LL_ReadReg'; did you mean 'LL_TIM_ReadReg'? [-Wimplicit-function-declaration]
   LL_TIM_WriteReg(TIM3 , CR1 , LL_ReadReg(TIM3 ,CR1) | 0x01);
                                ^
../Drivers/CMSIS/Device/ST/STM32F4xx/Include/stm32f4xx.h:220:41: note: in definition of macro 'WRITE_REG'
 #define WRITE_REG(REG, VAL)   ((REG) = (VAL))
                                         ^~~
../Core/Src/main.c:100:3: note: in expansion of macro 'LL_TIM_WriteReg'
   LL_TIM_WriteReg(TIM3 , CR1 , LL_ReadReg(TIM3 ,CR1) | 0x01);
   ^~~~~~~~~~~~~~~
../Core/Src/main.c:100:49: error: 'CR1' undeclared (first use in this function); did you mean 'CRC'?
   LL_TIM_WriteReg(TIM3 , CR1 , LL_ReadReg(TIM3 ,CR1) | 0x01);
                                                 ^
../Drivers/CMSIS/Device/ST/STM32F4xx/Include/stm32f4xx.h:220:41: note: in definition of macro 'WRITE_REG'
 #define WRITE_REG(REG, VAL)   ((REG) = (VAL))
                                         ^~~
../Core/Src/main.c:100:3: note: in expansion of macro 'LL_TIM_WriteReg'
   LL_TIM_WriteReg(TIM3 , CR1 , LL_ReadReg(TIM3 ,CR1) | 0x01);
   ^~~~~~~~~~~~~~~
../Core/Src/main.c:100:49: note: each undeclared identifier is reported only once for each function it appears in
   LL_TIM_WriteReg(TIM3 , CR1 , LL_ReadReg(TIM3 ,CR1) | 0x01);
                                                 ^
../Drivers/CMSIS/Device/ST/STM32F4xx/Include/stm32f4xx.h:220:41: note: in definition of macro 'WRITE_REG'
 #define WRITE_REG(REG, VAL)   ((REG) = (VAL))
                                         ^~~
../Core/Src/main.c:100:3: note: in expansion of macro 'LL_TIM_WriteReg'
   LL_TIM_WriteReg(TIM3 , CR1 , LL_ReadReg(TIM3 ,CR1) | 0x01);
   ^~~~~~~~~~~~~~~
make: *** [Core/Src/subdir.mk:30: Core/Src/main.o] Error 1
"make -j8 all" terminated with exit code 2. Build might be incomplete.
12:47:27 **** Incremental Build of configuration Debug for project lab8_ex2 ****
make -j8 all 
arm-none-eabi-gcc "../Core/Src/main.c" -mcpu=cortex-m4 -std=gnu11 -g3 '-DLSI_VALUE=32000' -DSTM32F401xE '-DHSE_STARTUP_TIMEOUT=100' '-DHSI_VALUE=16000000' -DDEBUG '-DLSE_STARTUP_TIMEOUT=5000' '-DLSE_VALUE=32768' '-DDATA_CACHE_ENABLE=1' '-DEXTERNAL_CLOCK_VALUE=12288000' '-DVDD_VALUE=3300' '-DINSTRUCTION_CACHE_ENABLE=1' '-DHSE_VALUE=25000000' -DUSE_FULL_LL_DRIVER '-DPREFETCH_ENABLE=1' -c -I../Drivers/CMSIS/Include -I../Drivers/STM32F4xx_HAL_Driver/Inc -I../Core/Inc -I../Drivers/CMSIS/Device/ST/STM32F4xx/Include -O0 -ffunction-sections -fdata-sections -Wall -fstack-usage -MMD -MP -MF"Core/Src/main.d" -MT"Core/Src/main.o" --specs=nano.specs -mfpu=fpv4-sp-d16 -mfloat-abi=hard -mthumb -o "Core/Src/main.o"
In file included from ../Drivers/STM32F4xx_HAL_Driver/Inc/stm32f4xx_ll_rcc.h:29:0,
                 from ../Core/Inc/main.h:31,
                 from ../Core/Src/main.c:22:
../Core/Src/main.c: In function 'main':
../Core/Src/main.c:100:26: error: 'TIM_TypeDef {aka struct <anonymous>}' has no member named 'CR'; did you mean 'CR1'?
   LL_TIM_WriteReg(TIM3 , CR , LL_ReadReg(TIM3 ,CR) | 0x01);
                          ^
../Drivers/CMSIS/Device/ST/STM32F4xx/Include/stm32f4xx.h:220:33: note: in definition of macro 'WRITE_REG'
 #define WRITE_REG(REG, VAL)   ((REG) = (VAL))
                                 ^~~
../Core/Src/main.c:100:3: note: in expansion of macro 'LL_TIM_WriteReg'
   LL_TIM_WriteReg(TIM3 , CR , LL_ReadReg(TIM3 ,CR) | 0x01);
   ^~~~~~~~~~~~~~~
../Core/Src/main.c:100:31: warning: implicit declaration of function 'LL_ReadReg'; did you mean 'LL_TIM_ReadReg'? [-Wimplicit-function-declaration]
   LL_TIM_WriteReg(TIM3 , CR , LL_ReadReg(TIM3 ,CR) | 0x01);
                               ^
../Drivers/CMSIS/Device/ST/STM32F4xx/Include/stm32f4xx.h:220:41: note: in definition of macro 'WRITE_REG'
 #define WRITE_REG(REG, VAL)   ((REG) = (VAL))
                                         ^~~
../Core/Src/main.c:100:3: note: in expansion of macro 'LL_TIM_WriteReg'
   LL_TIM_WriteReg(TIM3 , CR , LL_ReadReg(TIM3 ,CR) | 0x01);
   ^~~~~~~~~~~~~~~
../Core/Src/main.c:100:48: error: 'CR' undeclared (first use in this function); did you mean 'CRC'?
   LL_TIM_WriteReg(TIM3 , CR , LL_ReadReg(TIM3 ,CR) | 0x01);
                                                ^
../Drivers/CMSIS/Device/ST/STM32F4xx/Include/stm32f4xx.h:220:41: note: in definition of macro 'WRITE_REG'
 #define WRITE_REG(REG, VAL)   ((REG) = (VAL))
                                         ^~~
../Core/Src/main.c:100:3: note: in expansion of macro 'LL_TIM_WriteReg'
   LL_TIM_WriteReg(TIM3 , CR , LL_ReadReg(TIM3 ,CR) | 0x01);
   ^~~~~~~~~~~~~~~
../Core/Src/main.c:100:48: note: each undeclared identifier is reported only once for each function it appears in
   LL_TIM_WriteReg(TIM3 , CR , LL_ReadReg(TIM3 ,CR) | 0x01);
                                                ^
../Drivers/CMSIS/Device/ST/STM32F4xx/Include/stm32f4xx.h:220:41: note: in definition of macro 'WRITE_REG'
 #define WRITE_REG(REG, VAL)   ((REG) = (VAL))
                                         ^~~
../Core/Src/main.c:100:3: note: in expansion of macro 'LL_TIM_WriteReg'
   LL_TIM_WriteReg(TIM3 , CR , LL_ReadReg(TIM3 ,CR) | 0x01);
   ^~~~~~~~~~~~~~~
make: *** [Core/Src/subdir.mk:30: Core/Src/main.o] Error 1
"make -j8 all" terminated with exit code 2. Build might be incomplete.
12:51:25 **** Incremental Build of configuration Debug for project lab8_ex2 ****
make -j8 all 
arm-none-eabi-gcc "../Core/Src/main.c" -mcpu=cortex-m4 -std=gnu11 -g3 '-DLSI_VALUE=32000' -DSTM32F401xE '-DHSE_STARTUP_TIMEOUT=100' '-DHSI_VALUE=16000000' -DDEBUG '-DLSE_STARTUP_TIMEOUT=5000' '-DLSE_VALUE=32768' '-DDATA_CACHE_ENABLE=1' '-DEXTERNAL_CLOCK_VALUE=12288000' '-DVDD_VALUE=3300' '-DINSTRUCTION_CACHE_ENABLE=1' '-DHSE_VALUE=25000000' -DUSE_FULL_LL_DRIVER '-DPREFETCH_ENABLE=1' -c -I../Drivers/CMSIS/Include -I../Drivers/STM32F4xx_HAL_Driver/Inc -I../Core/Inc -I../Drivers/CMSIS/Device/ST/STM32F4xx/Include -O0 -ffunction-sections -fdata-sections -Wall -fstack-usage -MMD -MP -MF"Core/Src/main.d" -MT"Core/Src/main.o" --specs=nano.specs -mfpu=fpv4-sp-d16 -mfloat-abi=hard -mthumb -o "Core/Src/main.o"
arm-none-eabi-gcc "../Core/Src/stm32f4xx_it.c" -mcpu=cortex-m4 -std=gnu11 -g3 '-DLSI_VALUE=32000' -DSTM32F401xE '-DHSE_STARTUP_TIMEOUT=100' '-DHSI_VALUE=16000000' -DDEBUG '-DLSE_STARTUP_TIMEOUT=5000' '-DLSE_VALUE=32768' '-DDATA_CACHE_ENABLE=1' '-DEXTERNAL_CLOCK_VALUE=12288000' '-DVDD_VALUE=3300' '-DINSTRUCTION_CACHE_ENABLE=1' '-DHSE_VALUE=25000000' -DUSE_FULL_LL_DRIVER '-DPREFETCH_ENABLE=1' -c -I../Drivers/CMSIS/Include -I../Drivers/STM32F4xx_HAL_Driver/Inc -I../Core/Inc -I../Drivers/CMSIS/Device/ST/STM32F4xx/Include -O0 -ffunction-sections -fdata-sections -Wall -fstack-usage -MMD -MP -MF"Core/Src/stm32f4xx_it.d" -MT"Core/Src/stm32f4xx_it.o" --specs=nano.specs -mfpu=fpv4-sp-d16 -mfloat-abi=hard -mthumb -o "Core/Src/stm32f4xx_it.o"
In file included from ../Drivers/STM32F4xx_HAL_Driver/Inc/stm32f4xx_ll_rcc.h:29:0,
                 from ../Core/Inc/main.h:31,
                 from ../Core/Src/main.c:22:
../Core/Src/main.c: In function 'main':
../Core/Src/main.c:99:32: warning: implicit declaration of function 'LL_ReadReg'; did you mean 'LL_TIM_ReadReg'? [-Wimplicit-function-declaration]
   LL_TIM_WriteReg(TIM3 , CR1 , LL_ReadReg(TIM3 ,CR1) | 0x01);
                                ^
../Drivers/CMSIS/Device/ST/STM32F4xx/Include/stm32f4xx.h:220:41: note: in definition of macro 'WRITE_REG'
 #define WRITE_REG(REG, VAL)   ((REG) = (VAL))
                                         ^~~
../Core/Src/main.c:99:3: note: in expansion of macro 'LL_TIM_WriteReg'
   LL_TIM_WriteReg(TIM3 , CR1 , LL_ReadReg(TIM3 ,CR1) | 0x01);
   ^~~~~~~~~~~~~~~
../Core/Src/main.c:99:49: error: 'CR1' undeclared (first use in this function); did you mean 'CRC'?
   LL_TIM_WriteReg(TIM3 , CR1 , LL_ReadReg(TIM3 ,CR1) | 0x01);
                                                 ^
../Drivers/CMSIS/Device/ST/STM32F4xx/Include/stm32f4xx.h:220:41: note: in definition of macro 'WRITE_REG'
 #define WRITE_REG(REG, VAL)   ((REG) = (VAL))
                                         ^~~
../Core/Src/main.c:99:3: note: in expansion of macro 'LL_TIM_WriteReg'
   LL_TIM_WriteReg(TIM3 , CR1 , LL_ReadReg(TIM3 ,CR1) | 0x01);
   ^~~~~~~~~~~~~~~
../Core/Src/main.c:99:49: note: each undeclared identifier is reported only once for each function it appears in
   LL_TIM_WriteReg(TIM3 , CR1 , LL_ReadReg(TIM3 ,CR1) | 0x01);
                                                 ^
../Drivers/CMSIS/Device/ST/STM32F4xx/Include/stm32f4xx.h:220:41: note: in definition of macro 'WRITE_REG'
 #define WRITE_REG(REG, VAL)   ((REG) = (VAL))
                                         ^~~
../Core/Src/main.c:99:3: note: in expansion of macro 'LL_TIM_WriteReg'
   LL_TIM_WriteReg(TIM3 , CR1 , LL_ReadReg(TIM3 ,CR1) | 0x01);
   ^~~~~~~~~~~~~~~
make: *** [Core/Src/subdir.mk:30: Core/Src/main.o] Error 1
make: *** Waiting for unfinished jobs....
"make -j8 all" terminated with exit code 2. Build might be incomplete.
12:55:54 **** Incremental Build of configuration Debug for project lab8_ex2 ****
make -j8 all 
arm-none-eabi-gcc "../Core/Src/main.c" -mcpu=cortex-m4 -std=gnu11 -g3 '-DLSI_VALUE=32000' -DSTM32F401xE '-DHSE_STARTUP_TIMEOUT=100' '-DHSI_VALUE=16000000' -DDEBUG '-DLSE_STARTUP_TIMEOUT=5000' '-DLSE_VALUE=32768' '-DDATA_CACHE_ENABLE=1' '-DEXTERNAL_CLOCK_VALUE=12288000' '-DVDD_VALUE=3300' '-DINSTRUCTION_CACHE_ENABLE=1' '-DHSE_VALUE=25000000' -DUSE_FULL_LL_DRIVER '-DPREFETCH_ENABLE=1' -c -I../Drivers/CMSIS/Include -I../Drivers/STM32F4xx_HAL_Driver/Inc -I../Core/Inc -I../Drivers/CMSIS/Device/ST/STM32F4xx/Include -O0 -ffunction-sections -fdata-sections -Wall -fstack-usage -MMD -MP -MF"Core/Src/main.d" -MT"Core/Src/main.o" --specs=nano.specs -mfpu=fpv4-sp-d16 -mfloat-abi=hard -mthumb -o "Core/Src/main.o"
arm-none-eabi-gcc -o "lab8_ex2.elf" @"objects.list"   -mcpu=cortex-m4 -T"D:\POLITO\3rd year\digital systema electronics\STM32\lab8\lab8_ex2\STM32F401RETX_FLASH.ld" --specs=nosys.specs -Wl,-Map="lab8_ex2.map" -Wl,--gc-sections -static --specs=nano.specs -mfpu=fpv4-sp-d16 -mfloat-abi=hard -mthumb -Wl,--start-group -lc -lm -Wl,--end-group
Finished building target: lab8_ex2.elf
 
arm-none-eabi-objdump -h -S  lab8_ex2.elf  > "lab8_ex2.list"
arm-none-eabi-objcopy  -O binary  lab8_ex2.elf  "lab8_ex2.bin"
arm-none-eabi-size   lab8_ex2.elf 
   text	   data	    bss	    dec	    hex	filename
   4728	     12	   1564	   6304	   18a0	lab8_ex2.elf
Finished building: default.size.stdout
 
Finished building: lab8_ex2.bin
 
Finished building: lab8_ex2.list
 
12:56:08 **** Incremental Build of configuration Debug for project lab8_ex2 ****
make -j8 all 
arm-none-eabi-size   lab8_ex2.elf 
   text	   data	    bss	    dec	    hex	filename
   4728	     12	   1564	   6304	   18a0	lab8_ex2.elf
Finished building: default.size.stdout
 
13:03:09 **** Incremental Build of configuration Debug for project LAB8_EX1_REPEATED ****
make -j8 all 
arm-none-eabi-size   LAB8_EX1_REPEATED.elf 
   text	   data	    bss	    dec	    hex	filename
    816	      8	   1568	   2392	    958	LAB8_EX1_REPEATED.elf
Finished building: default.size.stdout
 
13:03:10 **** Incremental Build of configuration Debug for project lab8_ex1 ****
make -j8 all 
arm-none-eabi-size   lab8_ex1.elf 
   text	   data	    bss	    dec	    hex	filename
    816	      8	   1568	   2392	    958	lab8_ex1.elf
Finished building: default.size.stdout
 
13:03:11 **** Incremental Build of configuration Debug for project lab8_ex2 ****
make -j8 all 
arm-none-eabi-gcc "../Core/Src/main.c" -mcpu=cortex-m4 -std=gnu11 -g3 '-DLSI_VALUE=32000' -DSTM32F401xE '-DHSE_STARTUP_TIMEOUT=100' '-DHSI_VALUE=16000000' -DDEBUG '-DLSE_STARTUP_TIMEOUT=5000' '-DLSE_VALUE=32768' '-DDATA_CACHE_ENABLE=1' '-DEXTERNAL_CLOCK_VALUE=12288000' '-DVDD_VALUE=3300' '-DINSTRUCTION_CACHE_ENABLE=1' '-DHSE_VALUE=25000000' -DUSE_FULL_LL_DRIVER '-DPREFETCH_ENABLE=1' -c -I../Drivers/CMSIS/Include -I../Drivers/STM32F4xx_HAL_Driver/Inc -I../Core/Inc -I../Drivers/CMSIS/Device/ST/STM32F4xx/Include -O0 -ffunction-sections -fdata-sections -Wall -fstack-usage -MMD -MP -MF"Core/Src/main.d" -MT"Core/Src/main.o" --specs=nano.specs -mfpu=fpv4-sp-d16 -mfloat-abi=hard -mthumb -o "Core/Src/main.o"
../Core/Src/main.c: In function 'main':
../Core/Src/main.c:112:5: warning: implicit declaration of function 'LL_WriteReg'; did you mean 'LL_PWR_WriteReg'? [-Wimplicit-function-declaration]
     LL_WriteReg(TIM3 , SR ,LL_TIM_ReadReg(TIM3 , SR) & ~ 0x0001 );
     ^~~~~~~~~~~
     LL_PWR_WriteReg
../Core/Src/main.c:112:24: error: 'SR' undeclared (first use in this function)
     LL_WriteReg(TIM3 , SR ,LL_TIM_ReadReg(TIM3 , SR) & ~ 0x0001 );
                        ^~
../Core/Src/main.c:112:24: note: each undeclared identifier is reported only once for each function it appears in
make: *** [Core/Src/subdir.mk:30: Core/Src/main.o] Error 1
"make -j8 all" terminated with exit code 2. Build might be incomplete.
13:03:32 **** Incremental Build of configuration Debug for project lab8_ex2 ****
make -j8 all 
arm-none-eabi-gcc "../Core/Src/main.c" -mcpu=cortex-m4 -std=gnu11 -g3 '-DLSI_VALUE=32000' -DSTM32F401xE '-DHSE_STARTUP_TIMEOUT=100' '-DHSI_VALUE=16000000' -DDEBUG '-DLSE_STARTUP_TIMEOUT=5000' '-DLSE_VALUE=32768' '-DDATA_CACHE_ENABLE=1' '-DEXTERNAL_CLOCK_VALUE=12288000' '-DVDD_VALUE=3300' '-DINSTRUCTION_CACHE_ENABLE=1' '-DHSE_VALUE=25000000' -DUSE_FULL_LL_DRIVER '-DPREFETCH_ENABLE=1' -c -I../Drivers/CMSIS/Include -I../Drivers/STM32F4xx_HAL_Driver/Inc -I../Core/Inc -I../Drivers/CMSIS/Device/ST/STM32F4xx/Include -O0 -ffunction-sections -fdata-sections -Wall -fstack-usage -MMD -MP -MF"Core/Src/main.d" -MT"Core/Src/main.o" --specs=nano.specs -mfpu=fpv4-sp-d16 -mfloat-abi=hard -mthumb -o "Core/Src/main.o"
arm-none-eabi-gcc -o "lab8_ex2.elf" @"objects.list"   -mcpu=cortex-m4 -T"D:\POLITO\3rd year\digital systema electronics\STM32\lab8\lab8_ex2\STM32F401RETX_FLASH.ld" --specs=nosys.specs -Wl,-Map="lab8_ex2.map" -Wl,--gc-sections -static --specs=nano.specs -mfpu=fpv4-sp-d16 -mfloat-abi=hard -mthumb -Wl,--start-group -lc -lm -Wl,--end-group
Finished building target: lab8_ex2.elf
 
arm-none-eabi-objdump -h -S  lab8_ex2.elf  > "lab8_ex2.list"
arm-none-eabi-objcopy  -O binary  lab8_ex2.elf  "lab8_ex2.bin"
arm-none-eabi-size   lab8_ex2.elf 
   text	   data	    bss	    dec	    hex	filename
   4764	     12	   1564	   6340	   18c4	lab8_ex2.elf
Finished building: default.size.stdout
 
Finished building: lab8_ex2.bin
Finished building: lab8_ex2.list
 
 
13:03:43 **** Incremental Build of configuration Debug for project lab8_ex2 ****
make -j8 all 
arm-none-eabi-size   lab8_ex2.elf 
   text	   data	    bss	    dec	    hex	filename
   4764	     12	   1564	   6340	   18c4	lab8_ex2.elf
Finished building: default.size.stdout
 
13:10:30 **** Incremental Build of configuration Debug for project lab8_ex2 ****
make -j8 all 
arm-none-eabi-size   lab8_ex2.elf 
   text	   data	    bss	    dec	    hex	filename
   4764	     12	   1564	   6340	   18c4	lab8_ex2.elf
Finished building: default.size.stdout
 
16:08:04 **** Build of configuration Debug for project lab8_ex1_with_cube_ ****
make -j8 all 
arm-none-eabi-gcc "../Drivers/STM32F4xx_HAL_Driver/Src/stm32f4xx_ll_dma.c" -mcpu=cortex-m4 -std=gnu11 -g3 '-DLSI_VALUE=32000' -DSTM32F401xE '-DHSE_STARTUP_TIMEOUT=100' '-DHSI_VALUE=16000000' -DDEBUG '-DLSE_STARTUP_TIMEOUT=5000' '-DLSE_VALUE=32768' '-DDATA_CACHE_ENABLE=1' '-DEXTERNAL_CLOCK_VALUE=12288000' '-DVDD_VALUE=3300' '-DINSTRUCTION_CACHE_ENABLE=1' '-DHSE_VALUE=25000000' -DUSE_FULL_LL_DRIVER '-DPREFETCH_ENABLE=1' -c -I../Drivers/CMSIS/Include -I../Drivers/STM32F4xx_HAL_Driver/Inc -I../Core/Inc -I../Drivers/CMSIS/Device/ST/STM32F4xx/Include -O0 -ffunction-sections -fdata-sections -Wall -fstack-usage -MMD -MP -MF"Drivers/STM32F4xx_HAL_Driver/Src/stm32f4xx_ll_dma.d" -MT"Drivers/STM32F4xx_HAL_Driver/Src/stm32f4xx_ll_dma.o" --specs=nano.specs -mfpu=fpv4-sp-d16 -mfloat-abi=hard -mthumb -o "Drivers/STM32F4xx_HAL_Driver/Src/stm32f4xx_ll_dma.o"
arm-none-eabi-gcc "../Drivers/STM32F4xx_HAL_Driver/Src/stm32f4xx_ll_exti.c" -mcpu=cortex-m4 -std=gnu11 -g3 '-DLSI_VALUE=32000' -DSTM32F401xE '-DHSE_STARTUP_TIMEOUT=100' '-DHSI_VALUE=16000000' -DDEBUG '-DLSE_STARTUP_TIMEOUT=5000' '-DLSE_VALUE=32768' '-DDATA_CACHE_ENABLE=1' '-DEXTERNAL_CLOCK_VALUE=12288000' '-DVDD_VALUE=3300' '-DINSTRUCTION_CACHE_ENABLE=1' '-DHSE_VALUE=25000000' -DUSE_FULL_LL_DRIVER '-DPREFETCH_ENABLE=1' -c -I../Drivers/CMSIS/Include -I../Drivers/STM32F4xx_HAL_Driver/Inc -I../Core/Inc -I../Drivers/CMSIS/Device/ST/STM32F4xx/Include -O0 -ffunction-sections -fdata-sections -Wall -fstack-usage -MMD -MP -MF"Drivers/STM32F4xx_HAL_Driver/Src/stm32f4xx_ll_exti.d" -MT"Drivers/STM32F4xx_HAL_Driver/Src/stm32f4xx_ll_exti.o" --specs=nano.specs -mfpu=fpv4-sp-d16 -mfloat-abi=hard -mthumb -o "Drivers/STM32F4xx_HAL_Driver/Src/stm32f4xx_ll_exti.o"
arm-none-eabi-gcc "../Drivers/STM32F4xx_HAL_Driver/Src/stm32f4xx_ll_gpio.c" -mcpu=cortex-m4 -std=gnu11 -g3 '-DLSI_VALUE=32000' -DSTM32F401xE '-DHSE_STARTUP_TIMEOUT=100' '-DHSI_VALUE=16000000' -DDEBUG '-DLSE_STARTUP_TIMEOUT=5000' '-DLSE_VALUE=32768' '-DDATA_CACHE_ENABLE=1' '-DEXTERNAL_CLOCK_VALUE=12288000' '-DVDD_VALUE=3300' '-DINSTRUCTION_CACHE_ENABLE=1' '-DHSE_VALUE=25000000' -DUSE_FULL_LL_DRIVER '-DPREFETCH_ENABLE=1' -c -I../Drivers/CMSIS/Include -I../Drivers/STM32F4xx_HAL_Driver/Inc -I../Core/Inc -I../Drivers/CMSIS/Device/ST/STM32F4xx/Include -O0 -ffunction-sections -fdata-sections -Wall -fstack-usage -MMD -MP -MF"Drivers/STM32F4xx_HAL_Driver/Src/stm32f4xx_ll_gpio.d" -MT"Drivers/STM32F4xx_HAL_Driver/Src/stm32f4xx_ll_gpio.o" --specs=nano.specs -mfpu=fpv4-sp-d16 -mfloat-abi=hard -mthumb -o "Drivers/STM32F4xx_HAL_Driver/Src/stm32f4xx_ll_gpio.o"
arm-none-eabi-gcc "../Drivers/STM32F4xx_HAL_Driver/Src/stm32f4xx_ll_rcc.c" -mcpu=cortex-m4 -std=gnu11 -g3 '-DLSI_VALUE=32000' -DSTM32F401xE '-DHSE_STARTUP_TIMEOUT=100' '-DHSI_VALUE=16000000' -DDEBUG '-DLSE_STARTUP_TIMEOUT=5000' '-DLSE_VALUE=32768' '-DDATA_CACHE_ENABLE=1' '-DEXTERNAL_CLOCK_VALUE=12288000' '-DVDD_VALUE=3300' '-DINSTRUCTION_CACHE_ENABLE=1' '-DHSE_VALUE=25000000' -DUSE_FULL_LL_DRIVER '-DPREFETCH_ENABLE=1' -c -I../Drivers/CMSIS/Include -I../Drivers/STM32F4xx_HAL_Driver/Inc -I../Core/Inc -I../Drivers/CMSIS/Device/ST/STM32F4xx/Include -O0 -ffunction-sections -fdata-sections -Wall -fstack-usage -MMD -MP -MF"Drivers/STM32F4xx_HAL_Driver/Src/stm32f4xx_ll_rcc.d" -MT"Drivers/STM32F4xx_HAL_Driver/Src/stm32f4xx_ll_rcc.o" --specs=nano.specs -mfpu=fpv4-sp-d16 -mfloat-abi=hard -mthumb -o "Drivers/STM32F4xx_HAL_Driver/Src/stm32f4xx_ll_rcc.o"
arm-none-eabi-gcc "../Drivers/STM32F4xx_HAL_Driver/Src/stm32f4xx_ll_tim.c" -mcpu=cortex-m4 -std=gnu11 -g3 '-DLSI_VALUE=32000' -DSTM32F401xE '-DHSE_STARTUP_TIMEOUT=100' '-DHSI_VALUE=16000000' -DDEBUG '-DLSE_STARTUP_TIMEOUT=5000' '-DLSE_VALUE=32768' '-DDATA_CACHE_ENABLE=1' '-DEXTERNAL_CLOCK_VALUE=12288000' '-DVDD_VALUE=3300' '-DINSTRUCTION_CACHE_ENABLE=1' '-DHSE_VALUE=25000000' -DUSE_FULL_LL_DRIVER '-DPREFETCH_ENABLE=1' -c -I../Drivers/CMSIS/Include -I../Drivers/STM32F4xx_HAL_Driver/Inc -I../Core/Inc -I../Drivers/CMSIS/Device/ST/STM32F4xx/Include -O0 -ffunction-sections -fdata-sections -Wall -fstack-usage -MMD -MP -MF"Drivers/STM32F4xx_HAL_Driver/Src/stm32f4xx_ll_tim.d" -MT"Drivers/STM32F4xx_HAL_Driver/Src/stm32f4xx_ll_tim.o" --specs=nano.specs -mfpu=fpv4-sp-d16 -mfloat-abi=hard -mthumb -o "Drivers/STM32F4xx_HAL_Driver/Src/stm32f4xx_ll_tim.o"
arm-none-eabi-gcc "../Drivers/STM32F4xx_HAL_Driver/Src/stm32f4xx_ll_utils.c" -mcpu=cortex-m4 -std=gnu11 -g3 '-DLSI_VALUE=32000' -DSTM32F401xE '-DHSE_STARTUP_TIMEOUT=100' '-DHSI_VALUE=16000000' -DDEBUG '-DLSE_STARTUP_TIMEOUT=5000' '-DLSE_VALUE=32768' '-DDATA_CACHE_ENABLE=1' '-DEXTERNAL_CLOCK_VALUE=12288000' '-DVDD_VALUE=3300' '-DINSTRUCTION_CACHE_ENABLE=1' '-DHSE_VALUE=25000000' -DUSE_FULL_LL_DRIVER '-DPREFETCH_ENABLE=1' -c -I../Drivers/CMSIS/Include -I../Drivers/STM32F4xx_HAL_Driver/Inc -I../Core/Inc -I../Drivers/CMSIS/Device/ST/STM32F4xx/Include -O0 -ffunction-sections -fdata-sections -Wall -fstack-usage -MMD -MP -MF"Drivers/STM32F4xx_HAL_Driver/Src/stm32f4xx_ll_utils.d" -MT"Drivers/STM32F4xx_HAL_Driver/Src/stm32f4xx_ll_utils.o" --specs=nano.specs -mfpu=fpv4-sp-d16 -mfloat-abi=hard -mthumb -o "Drivers/STM32F4xx_HAL_Driver/Src/stm32f4xx_ll_utils.o"
arm-none-eabi-gcc -mcpu=cortex-m4 -g3 -c -x assembler-with-cpp --specs=nano.specs -mfpu=fpv4-sp-d16 -mfloat-abi=hard -mthumb -o "Core/Startup/startup_stm32f401retx.o" "../Core/Startup/startup_stm32f401retx.s"
arm-none-eabi-gcc "../Core/Src/main.c" -mcpu=cortex-m4 -std=gnu11 -g3 '-DLSI_VALUE=32000' -DSTM32F401xE '-DHSE_STARTUP_TIMEOUT=100' '-DHSI_VALUE=16000000' -DDEBUG '-DLSE_STARTUP_TIMEOUT=5000' '-DLSE_VALUE=32768' '-DDATA_CACHE_ENABLE=1' '-DEXTERNAL_CLOCK_VALUE=12288000' '-DVDD_VALUE=3300' '-DINSTRUCTION_CACHE_ENABLE=1' '-DHSE_VALUE=25000000' -DUSE_FULL_LL_DRIVER '-DPREFETCH_ENABLE=1' -c -I../Drivers/CMSIS/Include -I../Drivers/STM32F4xx_HAL_Driver/Inc -I../Core/Inc -I../Drivers/CMSIS/Device/ST/STM32F4xx/Include -O0 -ffunction-sections -fdata-sections -Wall -fstack-usage -MMD -MP -MF"Core/Src/main.d" -MT"Core/Src/main.o" --specs=nano.specs -mfpu=fpv4-sp-d16 -mfloat-abi=hard -mthumb -o "Core/Src/main.o"
../Core/Src/main.c: In function 'main':
../Core/Src/main.c:108:22: warning: implicit declaration of function 'LL_TIM3_ReadReg'; did you mean 'LL_TIM_ReadReg'? [-Wimplicit-function-declaration]
    if ((unsigned int)LL_TIM3_ReadReg(TIM3 , CNT) ==(unsigned int) LL_TIM_ReadReg(TIM3 ,ARR) ){
                      ^~~~~~~~~~~~~~~
                      LL_TIM_ReadReg
../Core/Src/main.c:108:45: error: 'CNT' undeclared (first use in this function)
    if ((unsigned int)LL_TIM3_ReadReg(TIM3 , CNT) ==(unsigned int) LL_TIM_ReadReg(TIM3 ,ARR) ){
                                             ^~~
../Core/Src/main.c:108:45: note: each undeclared identifier is reported only once for each function it appears in
In file included from ../Drivers/STM32F4xx_HAL_Driver/Inc/stm32f4xx_ll_rcc.h:29:0,
                 from ../Core/Inc/main.h:31,
                 from ../Core/Src/main.c:22:
../Core/Src/main.c:109:35: warning: implicit declaration of function 'LL_GPIO_Readreg'; did you mean 'LL_GPIO_ReadReg'? [-Wimplicit-function-declaration]
     LL_GPIO_WriteReg(GPIOA , ODR ,LL_GPIO_Readreg(GPIOA , ODR) ^ 0x400);
                                   ^
../Drivers/CMSIS/Device/ST/STM32F4xx/Include/stm32f4xx.h:220:41: note: in definition of macro 'WRITE_REG'
 #define WRITE_REG(REG, VAL)   ((REG) = (VAL))
                                         ^~~
../Core/Src/main.c:109:5: note: in expansion of macro 'LL_GPIO_WriteReg'
     LL_GPIO_WriteReg(GPIOA , ODR ,LL_GPIO_Readreg(GPIOA , ODR) ^ 0x400);
     ^~~~~~~~~~~~~~~~
../Core/Src/main.c:109:59: error: 'ODR' undeclared (first use in this function)
     LL_GPIO_WriteReg(GPIOA , ODR ,LL_GPIO_Readreg(GPIOA , ODR) ^ 0x400);
                                                           ^
../Drivers/CMSIS/Device/ST/STM32F4xx/Include/stm32f4xx.h:220:41: note: in definition of macro 'WRITE_REG'
 #define WRITE_REG(REG, VAL)   ((REG) = (VAL))
                                         ^~~
../Core/Src/main.c:109:5: note: in expansion of macro 'LL_GPIO_WriteReg'
     LL_GPIO_WriteReg(GPIOA , ODR ,LL_GPIO_Readreg(GPIOA , ODR) ^ 0x400);
     ^~~~~~~~~~~~~~~~
arm-none-eabi-gcc "../Core/Src/stm32f4xx_it.c" -mcpu=cortex-m4 -std=gnu11 -g3 '-DLSI_VALUE=32000' -DSTM32F401xE '-DHSE_STARTUP_TIMEOUT=100' '-DHSI_VALUE=16000000' -DDEBUG '-DLSE_STARTUP_TIMEOUT=5000' '-DLSE_VALUE=32768' '-DDATA_CACHE_ENABLE=1' '-DEXTERNAL_CLOCK_VALUE=12288000' '-DVDD_VALUE=3300' '-DINSTRUCTION_CACHE_ENABLE=1' '-DHSE_VALUE=25000000' -DUSE_FULL_LL_DRIVER '-DPREFETCH_ENABLE=1' -c -I../Drivers/CMSIS/Include -I../Drivers/STM32F4xx_HAL_Driver/Inc -I../Core/Inc -I../Drivers/CMSIS/Device/ST/STM32F4xx/Include -O0 -ffunction-sections -fdata-sections -Wall -fstack-usage -MMD -MP -MF"Core/Src/stm32f4xx_it.d" -MT"Core/Src/stm32f4xx_it.o" --specs=nano.specs -mfpu=fpv4-sp-d16 -mfloat-abi=hard -mthumb -o "Core/Src/stm32f4xx_it.o"
make: *** [Core/Src/subdir.mk:30: Core/Src/main.o] Error 1
make: *** Waiting for unfinished jobs....
"make -j8 all" terminated with exit code 2. Build might be incomplete.
16:14:00 **** Incremental Build of configuration Debug for project LAB8_EX1_REPEATED ****
make -j8 all 
arm-none-eabi-size   LAB8_EX1_REPEATED.elf 
   text	   data	    bss	    dec	    hex	filename
    816	      8	   1568	   2392	    958	LAB8_EX1_REPEATED.elf
Finished building: default.size.stdout
 
16:14:01 **** Incremental Build of configuration Debug for project lab8_ex1_with_cube_ ****
make -j8 all 
arm-none-eabi-gcc "../Core/Src/main.c" -mcpu=cortex-m4 -std=gnu11 -g3 '-DLSI_VALUE=32000' -DSTM32F401xE '-DHSE_STARTUP_TIMEOUT=100' '-DHSI_VALUE=16000000' -DDEBUG '-DLSE_STARTUP_TIMEOUT=5000' '-DLSE_VALUE=32768' '-DDATA_CACHE_ENABLE=1' '-DEXTERNAL_CLOCK_VALUE=12288000' '-DVDD_VALUE=3300' '-DINSTRUCTION_CACHE_ENABLE=1' '-DHSE_VALUE=25000000' -DUSE_FULL_LL_DRIVER '-DPREFETCH_ENABLE=1' -c -I../Drivers/CMSIS/Include -I../Drivers/STM32F4xx_HAL_Driver/Inc -I../Core/Inc -I../Drivers/CMSIS/Device/ST/STM32F4xx/Include -O0 -ffunction-sections -fdata-sections -Wall -fstack-usage -MMD -MP -MF"Core/Src/main.d" -MT"Core/Src/main.o" --specs=nano.specs -mfpu=fpv4-sp-d16 -mfloat-abi=hard -mthumb -o "Core/Src/main.o"
arm-none-eabi-gcc "../Core/Src/syscalls.c" -mcpu=cortex-m4 -std=gnu11 -g3 '-DLSI_VALUE=32000' -DSTM32F401xE '-DHSE_STARTUP_TIMEOUT=100' '-DHSI_VALUE=16000000' -DDEBUG '-DLSE_STARTUP_TIMEOUT=5000' '-DLSE_VALUE=32768' '-DDATA_CACHE_ENABLE=1' '-DEXTERNAL_CLOCK_VALUE=12288000' '-DVDD_VALUE=3300' '-DINSTRUCTION_CACHE_ENABLE=1' '-DHSE_VALUE=25000000' -DUSE_FULL_LL_DRIVER '-DPREFETCH_ENABLE=1' -c -I../Drivers/CMSIS/Include -I../Drivers/STM32F4xx_HAL_Driver/Inc -I../Core/Inc -I../Drivers/CMSIS/Device/ST/STM32F4xx/Include -O0 -ffunction-sections -fdata-sections -Wall -fstack-usage -MMD -MP -MF"Core/Src/syscalls.d" -MT"Core/Src/syscalls.o" --specs=nano.specs -mfpu=fpv4-sp-d16 -mfloat-abi=hard -mthumb -o "Core/Src/syscalls.o"
arm-none-eabi-gcc "../Core/Src/sysmem.c" -mcpu=cortex-m4 -std=gnu11 -g3 '-DLSI_VALUE=32000' -DSTM32F401xE '-DHSE_STARTUP_TIMEOUT=100' '-DHSI_VALUE=16000000' -DDEBUG '-DLSE_STARTUP_TIMEOUT=5000' '-DLSE_VALUE=32768' '-DDATA_CACHE_ENABLE=1' '-DEXTERNAL_CLOCK_VALUE=12288000' '-DVDD_VALUE=3300' '-DINSTRUCTION_CACHE_ENABLE=1' '-DHSE_VALUE=25000000' -DUSE_FULL_LL_DRIVER '-DPREFETCH_ENABLE=1' -c -I../Drivers/CMSIS/Include -I../Drivers/STM32F4xx_HAL_Driver/Inc -I../Core/Inc -I../Drivers/CMSIS/Device/ST/STM32F4xx/Include -O0 -ffunction-sections -fdata-sections -Wall -fstack-usage -MMD -MP -MF"Core/Src/sysmem.d" -MT"Core/Src/sysmem.o" --specs=nano.specs -mfpu=fpv4-sp-d16 -mfloat-abi=hard -mthumb -o "Core/Src/sysmem.o"
arm-none-eabi-gcc "../Core/Src/system_stm32f4xx.c" -mcpu=cortex-m4 -std=gnu11 -g3 '-DLSI_VALUE=32000' -DSTM32F401xE '-DHSE_STARTUP_TIMEOUT=100' '-DHSI_VALUE=16000000' -DDEBUG '-DLSE_STARTUP_TIMEOUT=5000' '-DLSE_VALUE=32768' '-DDATA_CACHE_ENABLE=1' '-DEXTERNAL_CLOCK_VALUE=12288000' '-DVDD_VALUE=3300' '-DINSTRUCTION_CACHE_ENABLE=1' '-DHSE_VALUE=25000000' -DUSE_FULL_LL_DRIVER '-DPREFETCH_ENABLE=1' -c -I../Drivers/CMSIS/Include -I../Drivers/STM32F4xx_HAL_Driver/Inc -I../Core/Inc -I../Drivers/CMSIS/Device/ST/STM32F4xx/Include -O0 -ffunction-sections -fdata-sections -Wall -fstack-usage -MMD -MP -MF"Core/Src/system_stm32f4xx.d" -MT"Core/Src/system_stm32f4xx.o" --specs=nano.specs -mfpu=fpv4-sp-d16 -mfloat-abi=hard -mthumb -o "Core/Src/system_stm32f4xx.o"
arm-none-eabi-gcc -o "lab8_ex1_with_cube_.elf" @"objects.list"   -mcpu=cortex-m4 -T"D:\POLITO\3rd year\digital systema electronics\STM32\lab8\lab8_ex1_with_cube_\STM32F401RETX_FLASH.ld" --specs=nosys.specs -Wl,-Map="lab8_ex1_with_cube_.map" -Wl,--gc-sections -static --specs=nano.specs -mfpu=fpv4-sp-d16 -mfloat-abi=hard -mthumb -Wl,--start-group -lc -lm -Wl,--end-group
Finished building target: lab8_ex1_with_cube_.elf
 
arm-none-eabi-size   lab8_ex1_with_cube_.elf 
arm-none-eabi-objdump -h -S  lab8_ex1_with_cube_.elf  > "lab8_ex1_with_cube_.list"
arm-none-eabi-objcopy  -O binary  lab8_ex1_with_cube_.elf  "lab8_ex1_with_cube_.bin"
   text	   data	    bss	    dec	    hex	filename
   4668	     12	   1564	   6244	   1864	lab8_ex1_with_cube_.elf
Finished building: default.size.stdout
 
Finished building: lab8_ex1_with_cube_.bin
Finished building: lab8_ex1_with_cube_.list
 
 
16:14:04 **** Incremental Build of configuration Debug for project lab8_ex2 ****
make -j8 all 
arm-none-eabi-gcc "../Core/Src/main.c" -mcpu=cortex-m4 -std=gnu11 -g3 '-DLSI_VALUE=32000' -DSTM32F401xE '-DHSE_STARTUP_TIMEOUT=100' '-DHSI_VALUE=16000000' -DDEBUG '-DLSE_STARTUP_TIMEOUT=5000' '-DLSE_VALUE=32768' '-DDATA_CACHE_ENABLE=1' '-DEXTERNAL_CLOCK_VALUE=12288000' '-DVDD_VALUE=3300' '-DINSTRUCTION_CACHE_ENABLE=1' '-DHSE_VALUE=25000000' -DUSE_FULL_LL_DRIVER '-DPREFETCH_ENABLE=1' -c -I../Drivers/CMSIS/Include -I../Drivers/STM32F4xx_HAL_Driver/Inc -I../Core/Inc -I../Drivers/CMSIS/Device/ST/STM32F4xx/Include -O0 -ffunction-sections -fdata-sections -Wall -fstack-usage -MMD -MP -MF"Core/Src/main.d" -MT"Core/Src/main.o" --specs=nano.specs -mfpu=fpv4-sp-d16 -mfloat-abi=hard -mthumb -o "Core/Src/main.o"
arm-none-eabi-gcc -o "lab8_ex2.elf" @"objects.list"   -mcpu=cortex-m4 -T"D:\POLITO\3rd year\digital systema electronics\STM32\lab8\lab8_ex2\STM32F401RETX_FLASH.ld" --specs=nosys.specs -Wl,-Map="lab8_ex2.map" -Wl,--gc-sections -static --specs=nano.specs -mfpu=fpv4-sp-d16 -mfloat-abi=hard -mthumb -Wl,--start-group -lc -lm -Wl,--end-group
Finished building target: lab8_ex2.elf
 
arm-none-eabi-objdump -h -S  lab8_ex2.elf  > "lab8_ex2.list"
arm-none-eabi-objcopy  -O binary  lab8_ex2.elf  "lab8_ex2.bin"
arm-none-eabi-size   lab8_ex2.elf 
   text	   data	    bss	    dec	    hex	filename
   4756	     12	   1564	   6332	   18bc	lab8_ex2.elf
Finished building: default.size.stdout
 
Finished building: lab8_ex2.bin
 
Finished building: lab8_ex2.list
 
16:17:58 **** Incremental Build of configuration Debug for project lab8_ex1_with_cube_ ****
make -j8 all 
arm-none-eabi-size   lab8_ex1_with_cube_.elf 
   text	   data	    bss	    dec	    hex	filename
   4668	     12	   1564	   6244	   1864	lab8_ex1_with_cube_.elf
Finished building: default.size.stdout
 
16:21:42 **** Incremental Build of configuration Debug for project lab8_ex1_with_cube_ ****
make -j8 all 
arm-none-eabi-gcc "../Core/Src/main.c" -mcpu=cortex-m4 -std=gnu11 -g3 '-DLSI_VALUE=32000' -DSTM32F401xE '-DHSE_STARTUP_TIMEOUT=100' '-DHSI_VALUE=16000000' -DDEBUG '-DLSE_STARTUP_TIMEOUT=5000' '-DLSE_VALUE=32768' '-DDATA_CACHE_ENABLE=1' '-DEXTERNAL_CLOCK_VALUE=12288000' '-DVDD_VALUE=3300' '-DINSTRUCTION_CACHE_ENABLE=1' '-DHSE_VALUE=25000000' -DUSE_FULL_LL_DRIVER '-DPREFETCH_ENABLE=1' -c -I../Drivers/CMSIS/Include -I../Drivers/STM32F4xx_HAL_Driver/Inc -I../Core/Inc -I../Drivers/CMSIS/Device/ST/STM32F4xx/Include -O0 -ffunction-sections -fdata-sections -Wall -fstack-usage -MMD -MP -MF"Core/Src/main.d" -MT"Core/Src/main.o" --specs=nano.specs -mfpu=fpv4-sp-d16 -mfloat-abi=hard -mthumb -o "Core/Src/main.o"
arm-none-eabi-gcc -o "lab8_ex1_with_cube_.elf" @"objects.list"   -mcpu=cortex-m4 -T"D:\POLITO\3rd year\digital systema electronics\STM32\lab8\lab8_ex1_with_cube_\STM32F401RETX_FLASH.ld" --specs=nosys.specs -Wl,-Map="lab8_ex1_with_cube_.map" -Wl,--gc-sections -static --specs=nano.specs -mfpu=fpv4-sp-d16 -mfloat-abi=hard -mthumb -Wl,--start-group -lc -lm -Wl,--end-group
Finished building target: lab8_ex1_with_cube_.elf
 
arm-none-eabi-objdump -h -S  lab8_ex1_with_cube_.elf  > "lab8_ex1_with_cube_.list"
arm-none-eabi-objcopy  -O binary  lab8_ex1_with_cube_.elf  "lab8_ex1_with_cube_.bin"
arm-none-eabi-size   lab8_ex1_with_cube_.elf 
   text	   data	    bss	    dec	    hex	filename
   4684	     12	   1564	   6260	   1874	lab8_ex1_with_cube_.elf
Finished building: default.size.stdout
 
Finished building: lab8_ex1_with_cube_.bin
Finished building: lab8_ex1_with_cube_.list
 
 
16:22:09 **** Incremental Build of configuration Debug for project lab8_ex1_with_cube_ ****
make -j8 all 
arm-none-eabi-size   lab8_ex1_with_cube_.elf 
   text	   data	    bss	    dec	    hex	filename
   4684	     12	   1564	   6260	   1874	lab8_ex1_with_cube_.elf
Finished building: default.size.stdout
 
16:22:50 **** Incremental Build of configuration Debug for project lab8_ex1_with_cube_ ****
make -j8 all 
arm-none-eabi-gcc "../Core/Src/main.c" -mcpu=cortex-m4 -std=gnu11 -g3 '-DLSI_VALUE=32000' -DSTM32F401xE '-DHSE_STARTUP_TIMEOUT=100' '-DHSI_VALUE=16000000' -DDEBUG '-DLSE_STARTUP_TIMEOUT=5000' '-DLSE_VALUE=32768' '-DDATA_CACHE_ENABLE=1' '-DEXTERNAL_CLOCK_VALUE=12288000' '-DVDD_VALUE=3300' '-DINSTRUCTION_CACHE_ENABLE=1' '-DHSE_VALUE=25000000' -DUSE_FULL_LL_DRIVER '-DPREFETCH_ENABLE=1' -c -I../Drivers/CMSIS/Include -I../Drivers/STM32F4xx_HAL_Driver/Inc -I../Core/Inc -I../Drivers/CMSIS/Device/ST/STM32F4xx/Include -O0 -ffunction-sections -fdata-sections -Wall -fstack-usage -MMD -MP -MF"Core/Src/main.d" -MT"Core/Src/main.o" --specs=nano.specs -mfpu=fpv4-sp-d16 -mfloat-abi=hard -mthumb -o "Core/Src/main.o"
arm-none-eabi-gcc -o "lab8_ex1_with_cube_.elf" @"objects.list"   -mcpu=cortex-m4 -T"D:\POLITO\3rd year\digital systema electronics\STM32\lab8\lab8_ex1_with_cube_\STM32F401RETX_FLASH.ld" --specs=nosys.specs -Wl,-Map="lab8_ex1_with_cube_.map" -Wl,--gc-sections -static --specs=nano.specs -mfpu=fpv4-sp-d16 -mfloat-abi=hard -mthumb -Wl,--start-group -lc -lm -Wl,--end-group
Finished building target: lab8_ex1_with_cube_.elf
 
arm-none-eabi-objdump -h -S  lab8_ex1_with_cube_.elf  > "lab8_ex1_with_cube_.list"
arm-none-eabi-objcopy  -O binary  lab8_ex1_with_cube_.elf  "lab8_ex1_with_cube_.bin"
arm-none-eabi-size   lab8_ex1_with_cube_.elf 
   text	   data	    bss	    dec	    hex	filename
   4684	     12	   1564	   6260	   1874	lab8_ex1_with_cube_.elf
Finished building: default.size.stdout
 
Finished building: lab8_ex1_with_cube_.bin
Finished building: lab8_ex1_with_cube_.list
 
 
16:23:39 **** Incremental Build of configuration Debug for project lab8_ex1_with_cube_ ****
make -j8 all 
arm-none-eabi-size   lab8_ex1_with_cube_.elf 
   text	   data	    bss	    dec	    hex	filename
   4684	     12	   1564	   6260	   1874	lab8_ex1_with_cube_.elf
Finished building: default.size.stdout
 
16:23:44 **** Incremental Build of configuration Debug for project lab8_ex1_with_cube_ ****
make -j8 all 
arm-none-eabi-size   lab8_ex1_with_cube_.elf 
   text	   data	    bss	    dec	    hex	filename
   4684	     12	   1564	   6260	   1874	lab8_ex1_with_cube_.elf
Finished building: default.size.stdout
 
16:27:18 **** Incremental Build of configuration Debug for project lab8_ex1_with_cube_ ****
make -j8 all 
arm-none-eabi-gcc "../Core/Src/main.c" -mcpu=cortex-m4 -std=gnu11 -g3 '-DLSI_VALUE=32000' -DSTM32F401xE '-DHSE_STARTUP_TIMEOUT=100' '-DHSI_VALUE=16000000' -DDEBUG '-DLSE_STARTUP_TIMEOUT=5000' '-DLSE_VALUE=32768' '-DDATA_CACHE_ENABLE=1' '-DEXTERNAL_CLOCK_VALUE=12288000' '-DVDD_VALUE=3300' '-DINSTRUCTION_CACHE_ENABLE=1' '-DHSE_VALUE=25000000' -DUSE_FULL_LL_DRIVER '-DPREFETCH_ENABLE=1' -c -I../Drivers/CMSIS/Include -I../Drivers/STM32F4xx_HAL_Driver/Inc -I../Core/Inc -I../Drivers/CMSIS/Device/ST/STM32F4xx/Include -O0 -ffunction-sections -fdata-sections -Wall -fstack-usage -MMD -MP -MF"Core/Src/main.d" -MT"Core/Src/main.o" --specs=nano.specs -mfpu=fpv4-sp-d16 -mfloat-abi=hard -mthumb -o "Core/Src/main.o"
arm-none-eabi-gcc -o "lab8_ex1_with_cube_.elf" @"objects.list"   -mcpu=cortex-m4 -T"D:\POLITO\3rd year\digital systema electronics\STM32\lab8\lab8_ex1_with_cube_\STM32F401RETX_FLASH.ld" --specs=nosys.specs -Wl,-Map="lab8_ex1_with_cube_.map" -Wl,--gc-sections -static --specs=nano.specs -mfpu=fpv4-sp-d16 -mfloat-abi=hard -mthumb -Wl,--start-group -lc -lm -Wl,--end-group
Finished building target: lab8_ex1_with_cube_.elf
 
arm-none-eabi-objdump -h -S  lab8_ex1_with_cube_.elf  > "lab8_ex1_with_cube_.list"
arm-none-eabi-objcopy  -O binary  lab8_ex1_with_cube_.elf  "lab8_ex1_with_cube_.bin"
arm-none-eabi-size   lab8_ex1_with_cube_.elf 
   text	   data	    bss	    dec	    hex	filename
   4684	     12	   1564	   6260	   1874	lab8_ex1_with_cube_.elf
Finished building: default.size.stdout
 
Finished building: lab8_ex1_with_cube_.bin
Finished building: lab8_ex1_with_cube_.list
 
 
16:27:25 **** Incremental Build of configuration Debug for project lab8_ex1_with_cube_ ****
make -j8 all 
arm-none-eabi-size   lab8_ex1_with_cube_.elf 
   text	   data	    bss	    dec	    hex	filename
   4684	     12	   1564	   6260	   1874	lab8_ex1_with_cube_.elf
Finished building: default.size.stdout
 
16:31:05 **** Incremental Build of configuration Debug for project lab8_ex1_with_cube_ ****
make -j8 all 
arm-none-eabi-gcc "../Core/Src/main.c" -mcpu=cortex-m4 -std=gnu11 -g3 '-DLSI_VALUE=32000' -DSTM32F401xE '-DHSE_STARTUP_TIMEOUT=100' '-DHSI_VALUE=16000000' -DDEBUG '-DLSE_STARTUP_TIMEOUT=5000' '-DLSE_VALUE=32768' '-DDATA_CACHE_ENABLE=1' '-DEXTERNAL_CLOCK_VALUE=12288000' '-DVDD_VALUE=3300' '-DINSTRUCTION_CACHE_ENABLE=1' '-DHSE_VALUE=25000000' -DUSE_FULL_LL_DRIVER '-DPREFETCH_ENABLE=1' -c -I../Drivers/CMSIS/Include -I../Drivers/STM32F4xx_HAL_Driver/Inc -I../Core/Inc -I../Drivers/CMSIS/Device/ST/STM32F4xx/Include -O0 -ffunction-sections -fdata-sections -Wall -fstack-usage -MMD -MP -MF"Core/Src/main.d" -MT"Core/Src/main.o" --specs=nano.specs -mfpu=fpv4-sp-d16 -mfloat-abi=hard -mthumb -o "Core/Src/main.o"
arm-none-eabi-gcc -o "lab8_ex1_with_cube_.elf" @"objects.list"   -mcpu=cortex-m4 -T"D:\POLITO\3rd year\digital systema electronics\STM32\lab8\lab8_ex1_with_cube_\STM32F401RETX_FLASH.ld" --specs=nosys.specs -Wl,-Map="lab8_ex1_with_cube_.map" -Wl,--gc-sections -static --specs=nano.specs -mfpu=fpv4-sp-d16 -mfloat-abi=hard -mthumb -Wl,--start-group -lc -lm -Wl,--end-group
Finished building target: lab8_ex1_with_cube_.elf
 
arm-none-eabi-objdump -h -S  lab8_ex1_with_cube_.elf  > "lab8_ex1_with_cube_.list"
arm-none-eabi-objcopy  -O binary  lab8_ex1_with_cube_.elf  "lab8_ex1_with_cube_.bin"
arm-none-eabi-size   lab8_ex1_with_cube_.elf 
   text	   data	    bss	    dec	    hex	filename
   4684	     12	   1564	   6260	   1874	lab8_ex1_with_cube_.elf
Finished building: default.size.stdout
 
Finished building: lab8_ex1_with_cube_.bin
Finished building: lab8_ex1_with_cube_.list
 
 
16:31:15 **** Incremental Build of configuration Debug for project lab8_ex1_with_cube_ ****
make -j8 all 
arm-none-eabi-size   lab8_ex1_with_cube_.elf 
   text	   data	    bss	    dec	    hex	filename
   4684	     12	   1564	   6260	   1874	lab8_ex1_with_cube_.elf
Finished building: default.size.stdout
 
16:31:21 **** Incremental Build of configuration Debug for project lab8_ex1_with_cube_ ****
make -j8 all 
arm-none-eabi-size   lab8_ex1_with_cube_.elf 
   text	   data	    bss	    dec	    hex	filename
   4684	     12	   1564	   6260	   1874	lab8_ex1_with_cube_.elf
Finished building: default.size.stdout
 
16:38:14 **** Incremental Build of configuration Debug for project lab8_ex1_with_cube_ ****
make -j8 all 
arm-none-eabi-gcc "../Core/Src/main.c" -mcpu=cortex-m4 -std=gnu11 -g3 '-DLSI_VALUE=32000' -DSTM32F401xE '-DHSE_STARTUP_TIMEOUT=100' '-DHSI_VALUE=16000000' -DDEBUG '-DLSE_STARTUP_TIMEOUT=5000' '-DLSE_VALUE=32768' '-DDATA_CACHE_ENABLE=1' '-DEXTERNAL_CLOCK_VALUE=12288000' '-DVDD_VALUE=3300' '-DINSTRUCTION_CACHE_ENABLE=1' '-DHSE_VALUE=25000000' -DUSE_FULL_LL_DRIVER '-DPREFETCH_ENABLE=1' -c -I../Drivers/CMSIS/Include -I../Drivers/STM32F4xx_HAL_Driver/Inc -I../Core/Inc -I../Drivers/CMSIS/Device/ST/STM32F4xx/Include -O0 -ffunction-sections -fdata-sections -Wall -fstack-usage -MMD -MP -MF"Core/Src/main.d" -MT"Core/Src/main.o" --specs=nano.specs -mfpu=fpv4-sp-d16 -mfloat-abi=hard -mthumb -o "Core/Src/main.o"
arm-none-eabi-gcc -o "lab8_ex1_with_cube_.elf" @"objects.list"   -mcpu=cortex-m4 -T"D:\POLITO\3rd year\digital systema electronics\STM32\lab8\lab8_ex1_with_cube_\STM32F401RETX_FLASH.ld" --specs=nosys.specs -Wl,-Map="lab8_ex1_with_cube_.map" -Wl,--gc-sections -static --specs=nano.specs -mfpu=fpv4-sp-d16 -mfloat-abi=hard -mthumb -Wl,--start-group -lc -lm -Wl,--end-group
Finished building target: lab8_ex1_with_cube_.elf
 
arm-none-eabi-objdump -h -S  lab8_ex1_with_cube_.elf  > "lab8_ex1_with_cube_.list"
arm-none-eabi-objcopy  -O binary  lab8_ex1_with_cube_.elf  "lab8_ex1_with_cube_.bin"
arm-none-eabi-size   lab8_ex1_with_cube_.elf 
   text	   data	    bss	    dec	    hex	filename
   4684	     12	   1564	   6260	   1874	lab8_ex1_with_cube_.elf
Finished building: default.size.stdout
 
Finished building: lab8_ex1_with_cube_.bin
 
Finished building: lab8_ex1_with_cube_.list
 
16:38:54 **** Incremental Build of configuration Debug for project lab8_ex1_with_cube_ ****
make -j8 all 
arm-none-eabi-size   lab8_ex1_with_cube_.elf 
   text	   data	    bss	    dec	    hex	filename
   4684	     12	   1564	   6260	   1874	lab8_ex1_with_cube_.elf
Finished building: default.size.stdout
 
16:41:17 **** Incremental Build of configuration Debug for project lab8_ex2 ****
make -j8 all 
arm-none-eabi-size   lab8_ex2.elf 
   text	   data	    bss	    dec	    hex	filename
   4756	     12	   1564	   6332	   18bc	lab8_ex2.elf
Finished building: default.size.stdout
 
16:41:28 **** Incremental Build of configuration Debug for project lab8_ex2 ****
make -j8 all 
arm-none-eabi-size   lab8_ex2.elf 
   text	   data	    bss	    dec	    hex	filename
   4756	     12	   1564	   6332	   18bc	lab8_ex2.elf
Finished building: default.size.stdout
 
17:48:24 **** Incremental Build of configuration Debug for project lab8_ex2 ****
make -j8 all 
arm-none-eabi-gcc "../Core/Src/main.c" -mcpu=cortex-m4 -std=gnu11 -g3 '-DLSI_VALUE=32000' -DSTM32F401xE '-DHSE_STARTUP_TIMEOUT=100' '-DHSI_VALUE=16000000' -DDEBUG '-DLSE_STARTUP_TIMEOUT=5000' '-DLSE_VALUE=32768' '-DDATA_CACHE_ENABLE=1' '-DEXTERNAL_CLOCK_VALUE=12288000' '-DVDD_VALUE=3300' '-DINSTRUCTION_CACHE_ENABLE=1' '-DHSE_VALUE=25000000' -DUSE_FULL_LL_DRIVER '-DPREFETCH_ENABLE=1' -c -I../Drivers/CMSIS/Include -I../Drivers/STM32F4xx_HAL_Driver/Inc -I../Core/Inc -I../Drivers/CMSIS/Device/ST/STM32F4xx/Include -O0 -ffunction-sections -fdata-sections -Wall -fstack-usage -MMD -MP -MF"Core/Src/main.d" -MT"Core/Src/main.o" --specs=nano.specs -mfpu=fpv4-sp-d16 -mfloat-abi=hard -mthumb -o "Core/Src/main.o"
arm-none-eabi-gcc "../Core/Src/stm32f4xx_it.c" -mcpu=cortex-m4 -std=gnu11 -g3 '-DLSI_VALUE=32000' -DSTM32F401xE '-DHSE_STARTUP_TIMEOUT=100' '-DHSI_VALUE=16000000' -DDEBUG '-DLSE_STARTUP_TIMEOUT=5000' '-DLSE_VALUE=32768' '-DDATA_CACHE_ENABLE=1' '-DEXTERNAL_CLOCK_VALUE=12288000' '-DVDD_VALUE=3300' '-DINSTRUCTION_CACHE_ENABLE=1' '-DHSE_VALUE=25000000' -DUSE_FULL_LL_DRIVER '-DPREFETCH_ENABLE=1' -c -I../Drivers/CMSIS/Include -I../Drivers/STM32F4xx_HAL_Driver/Inc -I../Core/Inc -I../Drivers/CMSIS/Device/ST/STM32F4xx/Include -O0 -ffunction-sections -fdata-sections -Wall -fstack-usage -MMD -MP -MF"Core/Src/stm32f4xx_it.d" -MT"Core/Src/stm32f4xx_it.o" --specs=nano.specs -mfpu=fpv4-sp-d16 -mfloat-abi=hard -mthumb -o "Core/Src/stm32f4xx_it.o"
arm-none-eabi-gcc -o "lab8_ex2.elf" @"objects.list"   -mcpu=cortex-m4 -T"D:\POLITO\3rd year\digital systema electronics\STM32\lab8\lab8_ex2\STM32F401RETX_FLASH.ld" --specs=nosys.specs -Wl,-Map="lab8_ex2.map" -Wl,--gc-sections -static --specs=nano.specs -mfpu=fpv4-sp-d16 -mfloat-abi=hard -mthumb -Wl,--start-group -lc -lm -Wl,--end-group
Finished building target: lab8_ex2.elf
 
arm-none-eabi-objdump -h -S  lab8_ex2.elf  > "lab8_ex2.list"
arm-none-eabi-objcopy  -O binary  lab8_ex2.elf  "lab8_ex2.bin"
arm-none-eabi-size   lab8_ex2.elf 
   text	   data	    bss	    dec	    hex	filename
   4992	     16	   1568	   6576	   19b0	lab8_ex2.elf
Finished building: default.size.stdout
 
Finished building: lab8_ex2.bin
 
Finished building: lab8_ex2.list
 
17:48:40 **** Incremental Build of configuration Debug for project lab8_ex2 ****
make -j8 all 
arm-none-eabi-size   lab8_ex2.elf 
   text	   data	    bss	    dec	    hex	filename
   4992	     16	   1568	   6576	   19b0	lab8_ex2.elf
Finished building: default.size.stdout
 
23:54:14 **** Build of configuration Debug for project lab8_ex3 ****
make -j8 all 
arm-none-eabi-gcc "../Drivers/STM32F4xx_HAL_Driver/Src/stm32f4xx_hal.c" -mcpu=cortex-m4 -std=gnu11 -g3 -DUSE_HAL_DRIVER -DSTM32F401xE -DDEBUG -c -I../Drivers/CMSIS/Include -I../Drivers/STM32F4xx_HAL_Driver/Inc -I../Core/Inc -I../Drivers/CMSIS/Device/ST/STM32F4xx/Include -I../Drivers/STM32F4xx_HAL_Driver/Inc/Legacy -O0 -ffunction-sections -fdata-sections -Wall -fstack-usage -MMD -MP -MF"Drivers/STM32F4xx_HAL_Driver/Src/stm32f4xx_hal.d" -MT"Drivers/STM32F4xx_HAL_Driver/Src/stm32f4xx_hal.o" --specs=nano.specs -mfpu=fpv4-sp-d16 -mfloat-abi=hard -mthumb -o "Drivers/STM32F4xx_HAL_Driver/Src/stm32f4xx_hal.o"
arm-none-eabi-gcc "../Drivers/STM32F4xx_HAL_Driver/Src/stm32f4xx_hal_cortex.c" -mcpu=cortex-m4 -std=gnu11 -g3 -DUSE_HAL_DRIVER -DSTM32F401xE -DDEBUG -c -I../Drivers/CMSIS/Include -I../Drivers/STM32F4xx_HAL_Driver/Inc -I../Core/Inc -I../Drivers/CMSIS/Device/ST/STM32F4xx/Include -I../Drivers/STM32F4xx_HAL_Driver/Inc/Legacy -O0 -ffunction-sections -fdata-sections -Wall -fstack-usage -MMD -MP -MF"Drivers/STM32F4xx_HAL_Driver/Src/stm32f4xx_hal_cortex.d" -MT"Drivers/STM32F4xx_HAL_Driver/Src/stm32f4xx_hal_cortex.o" --specs=nano.specs -mfpu=fpv4-sp-d16 -mfloat-abi=hard -mthumb -o "Drivers/STM32F4xx_HAL_Driver/Src/stm32f4xx_hal_cortex.o"
arm-none-eabi-gcc "../Drivers/STM32F4xx_HAL_Driver/Src/stm32f4xx_hal_dma.c" -mcpu=cortex-m4 -std=gnu11 -g3 -DUSE_HAL_DRIVER -DSTM32F401xE -DDEBUG -c -I../Drivers/CMSIS/Include -I../Drivers/STM32F4xx_HAL_Driver/Inc -I../Core/Inc -I../Drivers/CMSIS/Device/ST/STM32F4xx/Include -I../Drivers/STM32F4xx_HAL_Driver/Inc/Legacy -O0 -ffunction-sections -fdata-sections -Wall -fstack-usage -MMD -MP -MF"Drivers/STM32F4xx_HAL_Driver/Src/stm32f4xx_hal_dma.d" -MT"Drivers/STM32F4xx_HAL_Driver/Src/stm32f4xx_hal_dma.o" --specs=nano.specs -mfpu=fpv4-sp-d16 -mfloat-abi=hard -mthumb -o "Drivers/STM32F4xx_HAL_Driver/Src/stm32f4xx_hal_dma.o"
[...]
                                   HAL_GPIO_ReadPin
../Core/Src/main.c:111:5: warning: implicit declaration of function 'LL_TIM_Write_Reg' [-Wimplicit-function-declaration]
     LL_TIM_Write_Reg(TIM3 ,SR , LL_TIM_ReadReg(TIM3 , SR) & (~0x02));
     ^~~~~~~~~~~~~~~~
../Core/Src/main.c:115:5: error: 'delta_2' undeclared (first use in this function); did you mean 'delata_2'?
     delta_2 += HF_PERIOD_2;
     ^~~~~~~
     delata_2
../Core/Src/main.c:115:16: error: 'HF_PERIOD_2' undeclared (first use in this function); did you mean 'HF_PERIOD_1'?
     delta_2 += HF_PERIOD_2;
                ^~~~~~~~~~~
                HF_PERIOD_1
../Core/Src/main.c:99:28: warning: unused variable 'delata_2' [-Wunused-variable]
   unsigned int delta_1 =0 ,delata_2 =0 ;
                            ^~~~~~~~
arm-none-eabi-gcc "../Core/Src/stm32f4xx_hal_msp.c" -mcpu=cortex-m4 -std=gnu11 -g3 -DUSE_HAL_DRIVER -DSTM32F401xE -DDEBUG -c -I../Drivers/CMSIS/Include -I../Drivers/STM32F4xx_HAL_Driver/Inc -I../Core/Inc -I../Drivers/CMSIS/Device/ST/STM32F4xx/Include -I../Drivers/STM32F4xx_HAL_Driver/Inc/Legacy -O0 -ffunction-sections -fdata-sections -Wall -fstack-usage -MMD -MP -MF"Core/Src/stm32f4xx_hal_msp.d" -MT"Core/Src/stm32f4xx_hal_msp.o" --specs=nano.specs -mfpu=fpv4-sp-d16 -mfloat-abi=hard -mthumb -o "Core/Src/stm32f4xx_hal_msp.o"
arm-none-eabi-gcc "../Core/Src/stm32f4xx_it.c" -mcpu=cortex-m4 -std=gnu11 -g3 -DUSE_HAL_DRIVER -DSTM32F401xE -DDEBUG -c -I../Drivers/CMSIS/Include -I../Drivers/STM32F4xx_HAL_Driver/Inc -I../Core/Inc -I../Drivers/CMSIS/Device/ST/STM32F4xx/Include -I../Drivers/STM32F4xx_HAL_Driver/Inc/Legacy -O0 -ffunction-sections -fdata-sections -Wall -fstack-usage -MMD -MP -MF"Core/Src/stm32f4xx_it.d" -MT"Core/Src/stm32f4xx_it.o" --specs=nano.specs -mfpu=fpv4-sp-d16 -mfloat-abi=hard -mthumb -o "Core/Src/stm32f4xx_it.o"
arm-none-eabi-gcc "../Core/Src/syscalls.c" -mcpu=cortex-m4 -std=gnu11 -g3 -DUSE_HAL_DRIVER -DSTM32F401xE -DDEBUG -c -I../Drivers/CMSIS/Include -I../Drivers/STM32F4xx_HAL_Driver/Inc -I../Core/Inc -I../Drivers/CMSIS/Device/ST/STM32F4xx/Include -I../Drivers/STM32F4xx_HAL_Driver/Inc/Legacy -O0 -ffunction-sections -fdata-sections -Wall -fstack-usage -MMD -MP -MF"Core/Src/syscalls.d" -MT"Core/Src/syscalls.o" --specs=nano.specs -mfpu=fpv4-sp-d16 -mfloat-abi=hard -mthumb -o "Core/Src/syscalls.o"
make: *** [Core/Src/subdir.mk:33: Core/Src/main.o] Error 1
make: *** Waiting for unfinished jobs....
"make -j8 all" terminated with exit code 2. Build might be incomplete.
00:10:59 **** Incremental Build of configuration Debug for project lab8_ex3 ****
make -j8 all 
arm-none-eabi-gcc "../Drivers/STM32F4xx_HAL_Driver/Src/stm32f4xx_ll_dma.c" -mcpu=cortex-m4 -std=gnu11 -g3 '-DLSI_VALUE=32000' -DSTM32F401xE '-DHSE_STARTUP_TIMEOUT=100' '-DHSI_VALUE=16000000' -DDEBUG '-DLSE_STARTUP_TIMEOUT=5000' '-DLSE_VALUE=32768' '-DDATA_CACHE_ENABLE=1' '-DEXTERNAL_CLOCK_VALUE=12288000' '-DVDD_VALUE=3300' '-DINSTRUCTION_CACHE_ENABLE=1' '-DHSE_VALUE=25000000' -DUSE_FULL_LL_DRIVER '-DPREFETCH_ENABLE=1' -c -I../Drivers/CMSIS/Include -I../Drivers/STM32F4xx_HAL_Driver/Inc -I../Core/Inc -I../Drivers/CMSIS/Device/ST/STM32F4xx/Include -O0 -ffunction-sections -fdata-sections -Wall -fstack-usage -MMD -MP -MF"Drivers/STM32F4xx_HAL_Driver/Src/stm32f4xx_ll_dma.d" -MT"Drivers/STM32F4xx_HAL_Driver/Src/stm32f4xx_ll_dma.o" --specs=nano.specs -mfpu=fpv4-sp-d16 -mfloat-abi=hard -mthumb -o "Drivers/STM32F4xx_HAL_Driver/Src/stm32f4xx_ll_dma.o"
arm-none-eabi-gcc "../Drivers/STM32F4xx_HAL_Driver/Src/stm32f4xx_ll_exti.c" -mcpu=cortex-m4 -std=gnu11 -g3 '-DLSI_VALUE=32000' -DSTM32F401xE '-DHSE_STARTUP_TIMEOUT=100' '-DHSI_VALUE=16000000' -DDEBUG '-DLSE_STARTUP_TIMEOUT=5000' '-DLSE_VALUE=32768' '-DDATA_CACHE_ENABLE=1' '-DEXTERNAL_CLOCK_VALUE=12288000' '-DVDD_VALUE=3300' '-DINSTRUCTION_CACHE_ENABLE=1' '-DHSE_VALUE=25000000' -DUSE_FULL_LL_DRIVER '-DPREFETCH_ENABLE=1' -c -I../Drivers/CMSIS/Include -I../Drivers/STM32F4xx_HAL_Driver/Inc -I../Core/Inc -I../Drivers/CMSIS/Device/ST/STM32F4xx/Include -O0 -ffunction-sections -fdata-sections -Wall -fstack-usage -MMD -MP -MF"Drivers/STM32F4xx_HAL_Driver/Src/stm32f4xx_ll_exti.d" -MT"Drivers/STM32F4xx_HAL_Driver/Src/stm32f4xx_ll_exti.o" --specs=nano.specs -mfpu=fpv4-sp-d16 -mfloat-abi=hard -mthumb -o "Drivers/STM32F4xx_HAL_Driver/Src/stm32f4xx_ll_exti.o"
arm-none-eabi-gcc "../Drivers/STM32F4xx_HAL_Driver/Src/stm32f4xx_ll_gpio.c" -mcpu=cortex-m4 -std=gnu11 -g3 '-DLSI_VALUE=32000' -DSTM32F401xE '-DHSE_STARTUP_TIMEOUT=100' '-DHSI_VALUE=16000000' -DDEBUG '-DLSE_STARTUP_TIMEOUT=5000' '-DLSE_VALUE=32768' '-DDATA_CACHE_ENABLE=1' '-DEXTERNAL_CLOCK_VALUE=12288000' '-DVDD_VALUE=3300' '-DINSTRUCTION_CACHE_ENABLE=1' '-DHSE_VALUE=25000000' -DUSE_FULL_LL_DRIVER '-DPREFETCH_ENABLE=1' -c -I../Drivers/CMSIS/Include -I../Drivers/STM32F4xx_HAL_Driver/Inc -I../Core/Inc -I../Drivers/CMSIS/Device/ST/STM32F4xx/Include -O0 -ffunction-sections -fdata-sections -Wall -fstack-usage -MMD -MP -MF"Drivers/STM32F4xx_HAL_Driver/Src/stm32f4xx_ll_gpio.d" -MT"Drivers/STM32F4xx_HAL_Driver/Src/stm32f4xx_ll_gpio.o" --specs=nano.specs -mfpu=fpv4-sp-d16 -mfloat-abi=hard -mthumb -o "Drivers/STM32F4xx_HAL_Driver/Src/stm32f4xx_ll_gpio.o"
arm-none-eabi-gcc "../Drivers/STM32F4xx_HAL_Driver/Src/stm32f4xx_ll_rcc.c" -mcpu=cortex-m4 -std=gnu11 -g3 '-DLSI_VALUE=32000' -DSTM32F401xE '-DHSE_STARTUP_TIMEOUT=100' '-DHSI_VALUE=16000000' -DDEBUG '-DLSE_STARTUP_TIMEOUT=5000' '-DLSE_VALUE=32768' '-DDATA_CACHE_ENABLE=1' '-DEXTERNAL_CLOCK_VALUE=12288000' '-DVDD_VALUE=3300' '-DINSTRUCTION_CACHE_ENABLE=1' '-DHSE_VALUE=25000000' -DUSE_FULL_LL_DRIVER '-DPREFETCH_ENABLE=1' -c -I../Drivers/CMSIS/Include -I../Drivers/STM32F4xx_HAL_Driver/Inc -I../Core/Inc -I../Drivers/CMSIS/Device/ST/STM32F4xx/Include -O0 -ffunction-sections -fdata-sections -Wall -fstack-usage -MMD -MP -MF"Drivers/STM32F4xx_HAL_Driver/Src/stm32f4xx_ll_rcc.d" -MT"Drivers/STM32F4xx_HAL_Driver/Src/stm32f4xx_ll_rcc.o" --specs=nano.specs -mfpu=fpv4-sp-d16 -mfloat-abi=hard -mthumb -o "Drivers/STM32F4xx_HAL_Driver/Src/stm32f4xx_ll_rcc.o"
arm-none-eabi-gcc "../Drivers/STM32F4xx_HAL_Driver/Src/stm32f4xx_ll_tim.c" -mcpu=cortex-m4 -std=gnu11 -g3 '-DLSI_VALUE=32000' -DSTM32F401xE '-DHSE_STARTUP_TIMEOUT=100' '-DHSI_VALUE=16000000' -DDEBUG '-DLSE_STARTUP_TIMEOUT=5000' '-DLSE_VALUE=32768' '-DDATA_CACHE_ENABLE=1' '-DEXTERNAL_CLOCK_VALUE=12288000' '-DVDD_VALUE=3300' '-DINSTRUCTION_CACHE_ENABLE=1' '-DHSE_VALUE=25000000' -DUSE_FULL_LL_DRIVER '-DPREFETCH_ENABLE=1' -c -I../Drivers/CMSIS/Include -I../Drivers/STM32F4xx_HAL_Driver/Inc -I../Core/Inc -I../Drivers/CMSIS/Device/ST/STM32F4xx/Include -O0 -ffunction-sections -fdata-sections -Wall -fstack-usage -MMD -MP -MF"Drivers/STM32F4xx_HAL_Driver/Src/stm32f4xx_ll_tim.d" -MT"Drivers/STM32F4xx_HAL_Driver/Src/stm32f4xx_ll_tim.o" --specs=nano.specs -mfpu=fpv4-sp-d16 -mfloat-abi=hard -mthumb -o "Drivers/STM32F4xx_HAL_Driver/Src/stm32f4xx_ll_tim.o"
arm-none-eabi-gcc "../Drivers/STM32F4xx_HAL_Driver/Src/stm32f4xx_ll_utils.c" -mcpu=cortex-m4 -std=gnu11 -g3 '-DLSI_VALUE=32000' -DSTM32F401xE '-DHSE_STARTUP_TIMEOUT=100' '-DHSI_VALUE=16000000' -DDEBUG '-DLSE_STARTUP_TIMEOUT=5000' '-DLSE_VALUE=32768' '-DDATA_CACHE_ENABLE=1' '-DEXTERNAL_CLOCK_VALUE=12288000' '-DVDD_VALUE=3300' '-DINSTRUCTION_CACHE_ENABLE=1' '-DHSE_VALUE=25000000' -DUSE_FULL_LL_DRIVER '-DPREFETCH_ENABLE=1' -c -I../Drivers/CMSIS/Include -I../Drivers/STM32F4xx_HAL_Driver/Inc -I../Core/Inc -I../Drivers/CMSIS/Device/ST/STM32F4xx/Include -O0 -ffunction-sections -fdata-sections -Wall -fstack-usage -MMD -MP -MF"Drivers/STM32F4xx_HAL_Driver/Src/stm32f4xx_ll_utils.d" -MT"Drivers/STM32F4xx_HAL_Driver/Src/stm32f4xx_ll_utils.o" --specs=nano.specs -mfpu=fpv4-sp-d16 -mfloat-abi=hard -mthumb -o "Drivers/STM32F4xx_HAL_Driver/Src/stm32f4xx_ll_utils.o"
arm-none-eabi-gcc "../Core/Src/main.c" -mcpu=cortex-m4 -std=gnu11 -g3 '-DLSI_VALUE=32000' -DSTM32F401xE '-DHSE_STARTUP_TIMEOUT=100' '-DHSI_VALUE=16000000' -DDEBUG '-DLSE_STARTUP_TIMEOUT=5000' '-DLSE_VALUE=32768' '-DDATA_CACHE_ENABLE=1' '-DEXTERNAL_CLOCK_VALUE=12288000' '-DVDD_VALUE=3300' '-DINSTRUCTION_CACHE_ENABLE=1' '-DHSE_VALUE=25000000' -DUSE_FULL_LL_DRIVER '-DPREFETCH_ENABLE=1' -c -I../Drivers/CMSIS/Include -I../Drivers/STM32F4xx_HAL_Driver/Inc -I../Core/Inc -I../Drivers/CMSIS/Device/ST/STM32F4xx/Include -O0 -ffunction-sections -fdata-sections -Wall -fstack-usage -MMD -MP -MF"Core/Src/main.d" -MT"Core/Src/main.o" --specs=nano.specs -mfpu=fpv4-sp-d16 -mfloat-abi=hard -mthumb -o "Core/Src/main.o"
arm-none-eabi-gcc "../Core/Src/stm32f4xx_it.c" -mcpu=cortex-m4 -std=gnu11 -g3 '-DLSI_VALUE=32000' -DSTM32F401xE '-DHSE_STARTUP_TIMEOUT=100' '-DHSI_VALUE=16000000' -DDEBUG '-DLSE_STARTUP_TIMEOUT=5000' '-DLSE_VALUE=32768' '-DDATA_CACHE_ENABLE=1' '-DEXTERNAL_CLOCK_VALUE=12288000' '-DVDD_VALUE=3300' '-DINSTRUCTION_CACHE_ENABLE=1' '-DHSE_VALUE=25000000' -DUSE_FULL_LL_DRIVER '-DPREFETCH_ENABLE=1' -c -I../Drivers/CMSIS/Include -I../Drivers/STM32F4xx_HAL_Driver/Inc -I../Core/Inc -I../Drivers/CMSIS/Device/ST/STM32F4xx/Include -O0 -ffunction-sections -fdata-sections -Wall -fstack-usage -MMD -MP -MF"Core/Src/stm32f4xx_it.d" -MT"Core/Src/stm32f4xx_it.o" --specs=nano.specs -mfpu=fpv4-sp-d16 -mfloat-abi=hard -mthumb -o "Core/Src/stm32f4xx_it.o"
In file included from ../Drivers/STM32F4xx_HAL_Driver/Inc/stm32f4xx_ll_rcc.h:29:0,
                 from ../Core/Inc/main.h:31,
                 from ../Core/Src/main.c:22:
../Core/Src/main.c: In function 'main':
../Core/Src/main.c:103:32: error: 'HF_PERIOD1' undeclared (first use in this function); did you mean 'HF_PERIOD_1'?
   LL_TIM_WriteReg(TIM3 , CCR1, HF_PERIOD1);
                                ^
../Drivers/CMSIS/Device/ST/STM32F4xx/Include/stm32f4xx.h:220:41: note: in definition of macro 'WRITE_REG'
 #define WRITE_REG(REG, VAL)   ((REG) = (VAL))
                                         ^~~
../Core/Src/main.c:103:3: note: in expansion of macro 'LL_TIM_WriteReg'
   LL_TIM_WriteReg(TIM3 , CCR1, HF_PERIOD1);
   ^~~~~~~~~~~~~~~
../Core/Src/main.c:103:32: note: each undeclared identifier is reported only once for each function it appears in
   LL_TIM_WriteReg(TIM3 , CCR1, HF_PERIOD1);
                                ^
../Drivers/CMSIS/Device/ST/STM32F4xx/Include/stm32f4xx.h:220:41: note: in definition of macro 'WRITE_REG'
 #define WRITE_REG(REG, VAL)   ((REG) = (VAL))
                                         ^~~
../Core/Src/main.c:103:3: note: in expansion of macro 'LL_TIM_WriteReg'
   LL_TIM_WriteReg(TIM3 , CCR1, HF_PERIOD1);
   ^~~~~~~~~~~~~~~
../Core/Src/main.c:104:32: error: 'HF_PERIOD2' undeclared (first use in this function); did you mean 'HF_PERIOD1'?
   LL_TIM_WriteReg(TIM3 , CCR2, HF_PERIOD2);
                                ^
../Drivers/CMSIS/Device/ST/STM32F4xx/Include/stm32f4xx.h:220:41: note: in definition of macro 'WRITE_REG'
 #define WRITE_REG(REG, VAL)   ((REG) = (VAL))
                                         ^~~
../Core/Src/main.c:104:3: note: in expansion of macro 'LL_TIM_WriteReg'
   LL_TIM_WriteReg(TIM3 , CCR2, HF_PERIOD2);
   ^~~~~~~~~~~~~~~
../Core/Src/main.c:118:5: warning: implicit declaration of function 'LL_TIM_Write_Reg'; did you mean 'LL_TIM_WriteReg'? [-Wimplicit-function-declaration]
     LL_TIM_Write_Reg(TIM3 ,SR , LL_TIM_ReadReg(TIM3 , SR) & (~0x02));
     ^~~~~~~~~~~~~~~~
     LL_TIM_WriteReg
../Core/Src/main.c:118:28: error: 'SR' undeclared (first use in this function)
     LL_TIM_Write_Reg(TIM3 ,SR , LL_TIM_ReadReg(TIM3 , SR) & (~0x02));
                            ^~
../Core/Src/main.c:122:5: error: 'delta_2' undeclared (first use in this function); did you mean 'delata_2'?
     delta_2 += HF_PERIOD_2;
     ^~~~~~~
     delata_2
../Core/Src/main.c:106:28: warning: unused variable 'delata_2' [-Wunused-variable]
   unsigned int delta_1 =0 ,delata_2 =0 ;
                            ^~~~~~~~
make: *** [Core/Src/subdir.mk:30: Core/Src/main.o] Error 1
make: *** Waiting for unfinished jobs....
"make -j8 all" terminated with exit code 2. Build might be incomplete.
00:21:55 **** Incremental Build of configuration Debug for project lab8_ex3 ****
make -j8 all 
arm-none-eabi-gcc "../Core/Src/main.c" -mcpu=cortex-m4 -std=gnu11 -g3 '-DLSI_VALUE=32000' -DSTM32F401xE '-DHSE_STARTUP_TIMEOUT=100' '-DHSI_VALUE=16000000' -DDEBUG '-DLSE_STARTUP_TIMEOUT=5000' '-DLSE_VALUE=32768' '-DDATA_CACHE_ENABLE=1' '-DEXTERNAL_CLOCK_VALUE=12288000' '-DVDD_VALUE=3300' '-DINSTRUCTION_CACHE_ENABLE=1' '-DHSE_VALUE=25000000' -DUSE_FULL_LL_DRIVER '-DPREFETCH_ENABLE=1' -c -I../Drivers/CMSIS/Include -I../Drivers/STM32F4xx_HAL_Driver/Inc -I../Core/Inc -I../Drivers/CMSIS/Device/ST/STM32F4xx/Include -O0 -ffunction-sections -fdata-sections -Wall -fstack-usage -MMD -MP -MF"Core/Src/main.d" -MT"Core/Src/main.o" --specs=nano.specs -mfpu=fpv4-sp-d16 -mfloat-abi=hard -mthumb -o "Core/Src/main.o"
arm-none-eabi-gcc "../Core/Src/syscalls.c" -mcpu=cortex-m4 -std=gnu11 -g3 '-DLSI_VALUE=32000' -DSTM32F401xE '-DHSE_STARTUP_TIMEOUT=100' '-DHSI_VALUE=16000000' -DDEBUG '-DLSE_STARTUP_TIMEOUT=5000' '-DLSE_VALUE=32768' '-DDATA_CACHE_ENABLE=1' '-DEXTERNAL_CLOCK_VALUE=12288000' '-DVDD_VALUE=3300' '-DINSTRUCTION_CACHE_ENABLE=1' '-DHSE_VALUE=25000000' -DUSE_FULL_LL_DRIVER '-DPREFETCH_ENABLE=1' -c -I../Drivers/CMSIS/Include -I../Drivers/STM32F4xx_HAL_Driver/Inc -I../Core/Inc -I../Drivers/CMSIS/Device/ST/STM32F4xx/Include -O0 -ffunction-sections -fdata-sections -Wall -fstack-usage -MMD -MP -MF"Core/Src/syscalls.d" -MT"Core/Src/syscalls.o" --specs=nano.specs -mfpu=fpv4-sp-d16 -mfloat-abi=hard -mthumb -o "Core/Src/syscalls.o"
arm-none-eabi-gcc "../Core/Src/sysmem.c" -mcpu=cortex-m4 -std=gnu11 -g3 '-DLSI_VALUE=32000' -DSTM32F401xE '-DHSE_STARTUP_TIMEOUT=100' '-DHSI_VALUE=16000000' -DDEBUG '-DLSE_STARTUP_TIMEOUT=5000' '-DLSE_VALUE=32768' '-DDATA_CACHE_ENABLE=1' '-DEXTERNAL_CLOCK_VALUE=12288000' '-DVDD_VALUE=3300' '-DINSTRUCTION_CACHE_ENABLE=1' '-DHSE_VALUE=25000000' -DUSE_FULL_LL_DRIVER '-DPREFETCH_ENABLE=1' -c -I../Drivers/CMSIS/Include -I../Drivers/STM32F4xx_HAL_Driver/Inc -I../Core/Inc -I../Drivers/CMSIS/Device/ST/STM32F4xx/Include -O0 -ffunction-sections -fdata-sections -Wall -fstack-usage -MMD -MP -MF"Core/Src/sysmem.d" -MT"Core/Src/sysmem.o" --specs=nano.specs -mfpu=fpv4-sp-d16 -mfloat-abi=hard -mthumb -o "Core/Src/sysmem.o"
arm-none-eabi-gcc "../Core/Src/system_stm32f4xx.c" -mcpu=cortex-m4 -std=gnu11 -g3 '-DLSI_VALUE=32000' -DSTM32F401xE '-DHSE_STARTUP_TIMEOUT=100' '-DHSI_VALUE=16000000' -DDEBUG '-DLSE_STARTUP_TIMEOUT=5000' '-DLSE_VALUE=32768' '-DDATA_CACHE_ENABLE=1' '-DEXTERNAL_CLOCK_VALUE=12288000' '-DVDD_VALUE=3300' '-DINSTRUCTION_CACHE_ENABLE=1' '-DHSE_VALUE=25000000' -DUSE_FULL_LL_DRIVER '-DPREFETCH_ENABLE=1' -c -I../Drivers/CMSIS/Include -I../Drivers/STM32F4xx_HAL_Driver/Inc -I../Core/Inc -I../Drivers/CMSIS/Device/ST/STM32F4xx/Include -O0 -ffunction-sections -fdata-sections -Wall -fstack-usage -MMD -MP -MF"Core/Src/system_stm32f4xx.d" -MT"Core/Src/system_stm32f4xx.o" --specs=nano.specs -mfpu=fpv4-sp-d16 -mfloat-abi=hard -mthumb -o "Core/Src/system_stm32f4xx.o"
../Core/Src/main.c: In function 'main':
../Core/Src/main.c:122:5: error: 'delta_2' undeclared (first use in this function); did you mean 'delata_2'?
     delta_2 += HF_PERIOD_2;
     ^~~~~~~
     delata_2
../Core/Src/main.c:122:5: note: each undeclared identifier is reported only once for each function it appears in
../Core/Src/main.c:106:28: warning: unused variable 'delata_2' [-Wunused-variable]
   unsigned int delta_1 =0 ,delata_2 =0 ;
                            ^~~~~~~~
make: *** [Core/Src/subdir.mk:30: Core/Src/main.o] Error 1
make: *** Waiting for unfinished jobs....
"make -j8 all" terminated with exit code 2. Build might be incomplete.
00:22:50 **** Incremental Build of configuration Debug for project lab8_ex3 ****
make -j8 all 
arm-none-eabi-gcc "../Core/Src/main.c" -mcpu=cortex-m4 -std=gnu11 -g3 '-DLSI_VALUE=32000' -DSTM32F401xE '-DHSE_STARTUP_TIMEOUT=100' '-DHSI_VALUE=16000000' -DDEBUG '-DLSE_STARTUP_TIMEOUT=5000' '-DLSE_VALUE=32768' '-DDATA_CACHE_ENABLE=1' '-DEXTERNAL_CLOCK_VALUE=12288000' '-DVDD_VALUE=3300' '-DINSTRUCTION_CACHE_ENABLE=1' '-DHSE_VALUE=25000000' -DUSE_FULL_LL_DRIVER '-DPREFETCH_ENABLE=1' -c -I../Drivers/CMSIS/Include -I../Drivers/STM32F4xx_HAL_Driver/Inc -I../Core/Inc -I../Drivers/CMSIS/Device/ST/STM32F4xx/Include -O0 -ffunction-sections -fdata-sections -Wall -fstack-usage -MMD -MP -MF"Core/Src/main.d" -MT"Core/Src/main.o" --specs=nano.specs -mfpu=fpv4-sp-d16 -mfloat-abi=hard -mthumb -o "Core/Src/main.o"
arm-none-eabi-gcc -o "lab8_ex3.elf" @"objects.list"   -mcpu=cortex-m4 -T"D:\POLITO\3rd year\digital systema electronics\STM32\lab8\lab8_ex3\STM32F401RETX_FLASH.ld" --specs=nosys.specs -Wl,-Map="lab8_ex3.map" -Wl,--gc-sections -static --specs=nano.specs -mfpu=fpv4-sp-d16 -mfloat-abi=hard -mthumb -Wl,--start-group -lc -lm -Wl,--end-group
Finished building target: lab8_ex3.elf
 
arm-none-eabi-size   lab8_ex3.elf 
arm-none-eabi-objdump -h -S  lab8_ex3.elf  > "lab8_ex3.list"
arm-none-eabi-objcopy  -O binary  lab8_ex3.elf  "lab8_ex3.bin"
   text	   data	    bss	    dec	    hex	filename
   4816	     12	   1564	   6392	   18f8	lab8_ex3.elf
Finished building: default.size.stdout
 
Finished building: lab8_ex3.bin
Finished building: lab8_ex3.list
 
 
00:23:29 **** Incremental Build of configuration Debug for project lab8_ex3 ****
make -j8 all 
arm-none-eabi-size   lab8_ex3.elf 
   text	   data	    bss	    dec	    hex	filename
   4816	     12	   1564	   6392	   18f8	lab8_ex3.elf
Finished building: default.size.stdout
 
00:47:23 **** Incremental Build of configuration Debug for project lab8_ex3 ****
make -j8 all 
arm-none-eabi-gcc "../Core/Src/main.c" -mcpu=cortex-m4 -std=gnu11 -g3 '-DLSI_VALUE=32000' -DSTM32F401xE '-DHSE_STARTUP_TIMEOUT=100' '-DHSI_VALUE=16000000' -DDEBUG '-DLSE_STARTUP_TIMEOUT=5000' '-DLSE_VALUE=32768' '-DDATA_CACHE_ENABLE=1' '-DEXTERNAL_CLOCK_VALUE=12288000' '-DVDD_VALUE=3300' '-DINSTRUCTION_CACHE_ENABLE=1' '-DHSE_VALUE=25000000' -DUSE_FULL_LL_DRIVER '-DPREFETCH_ENABLE=1' -c -I../Drivers/CMSIS/Include -I../Drivers/STM32F4xx_HAL_Driver/Inc -I../Core/Inc -I../Drivers/CMSIS/Device/ST/STM32F4xx/Include -O0 -ffunction-sections -fdata-sections -Wall -fstack-usage -MMD -MP -MF"Core/Src/main.d" -MT"Core/Src/main.o" --specs=nano.specs -mfpu=fpv4-sp-d16 -mfloat-abi=hard -mthumb -o "Core/Src/main.o"
arm-none-eabi-gcc "../Core/Src/stm32f4xx_it.c" -mcpu=cortex-m4 -std=gnu11 -g3 '-DLSI_VALUE=32000' -DSTM32F401xE '-DHSE_STARTUP_TIMEOUT=100' '-DHSI_VALUE=16000000' -DDEBUG '-DLSE_STARTUP_TIMEOUT=5000' '-DLSE_VALUE=32768' '-DDATA_CACHE_ENABLE=1' '-DEXTERNAL_CLOCK_VALUE=12288000' '-DVDD_VALUE=3300' '-DINSTRUCTION_CACHE_ENABLE=1' '-DHSE_VALUE=25000000' -DUSE_FULL_LL_DRIVER '-DPREFETCH_ENABLE=1' -c -I../Drivers/CMSIS/Include -I../Drivers/STM32F4xx_HAL_Driver/Inc -I../Core/Inc -I../Drivers/CMSIS/Device/ST/STM32F4xx/Include -O0 -ffunction-sections -fdata-sections -Wall -fstack-usage -MMD -MP -MF"Core/Src/stm32f4xx_it.d" -MT"Core/Src/stm32f4xx_it.o" --specs=nano.specs -mfpu=fpv4-sp-d16 -mfloat-abi=hard -mthumb -o "Core/Src/stm32f4xx_it.o"
arm-none-eabi-gcc -o "lab8_ex3.elf" @"objects.list"   -mcpu=cortex-m4 -T"D:\POLITO\3rd year\digital systema electronics\STM32\lab8\lab8_ex3\STM32F401RETX_FLASH.ld" --specs=nosys.specs -Wl,-Map="lab8_ex3.map" -Wl,--gc-sections -static --specs=nano.specs -mfpu=fpv4-sp-d16 -mfloat-abi=hard -mthumb -Wl,--start-group -lc -lm -Wl,--end-group
Finished building target: lab8_ex3.elf
 
arm-none-eabi-objdump -h -S  lab8_ex3.elf  > "lab8_ex3.list"
arm-none-eabi-objcopy  -O binary  lab8_ex3.elf  "lab8_ex3.bin"
arm-none-eabi-size   lab8_ex3.elf 
   text	   data	    bss	    dec	    hex	filename
   5048	     16	   1568	   6632	   19e8	lab8_ex3.elf
Finished building: default.size.stdout
 
Finished building: lab8_ex3.bin
 
Finished building: lab8_ex3.list
 
00:47:33 **** Incremental Build of configuration Debug for project lab8_ex3 ****
make -j8 all 
arm-none-eabi-size   lab8_ex3.elf 
   text	   data	    bss	    dec	    hex	filename
   5048	     16	   1568	   6632	   19e8	lab8_ex3.elf
Finished building: default.size.stdout
 
