00:06:07 **** Build of configuration Debug for project Erlaitz_lab1_1_3 ****
make -j8 all 
arm-none-eabi-gcc "../Drivers/STM32F4xx_HAL_Driver/Src/stm32f4xx_ll_exti.c" -mcpu=cortex-m4 -std=gnu11 -g3 '-DLSI_VALUE=32000' -DSTM32F401xE '-DHSE_STARTUP_TIMEOUT=100' '-DHSI_VALUE=16000000' '-DLSE_STARTUP_TIMEOUT=5000' -DDEBUG '-DLSE_VALUE=32768' '-DDATA_CACHE_ENABLE=1' '-DEXTERNAL_CLOCK_VALUE=12288000' '-DVDD_VALUE=3300' '-DINSTRUCTION_CACHE_ENABLE=1' '-DHSE_VALUE=25000000' -DUSE_FULL_LL_DRIVER '-DPREFETCH_ENABLE=1' -c -I../Drivers/CMSIS/Include -I../Drivers/STM32F4xx_HAL_Driver/Inc -I../Core/Inc -I../Drivers/CMSIS/Device/ST/STM32F4xx/Include -O0 -ffunction-sections -fdata-sections -Wall -fstack-usage -MMD -MP -MF"Drivers/STM32F4xx_HAL_Driver/Src/stm32f4xx_ll_exti.d" -MT"Drivers/STM32F4xx_HAL_Driver/Src/stm32f4xx_ll_exti.o" --specs=nano.specs -mfpu=fpv4-sp-d16 -mfloat-abi=hard -mthumb -o "Drivers/STM32F4xx_HAL_Driver/Src/stm32f4xx_ll_exti.o"
arm-none-eabi-gcc "../Drivers/STM32F4xx_HAL_Driver/Src/stm32f4xx_ll_gpio.c" -mcpu=cortex-m4 -std=gnu11 -g3 '-DLSI_VALUE=32000' -DSTM32F401xE '-DHSE_STARTUP_TIMEOUT=100' '-DHSI_VALUE=16000000' '-DLSE_STARTUP_TIMEOUT=5000' -DDEBUG '-DLSE_VALUE=32768' '-DDATA_CACHE_ENABLE=1' '-DEXTERNAL_CLOCK_VALUE=12288000' '-DVDD_VALUE=3300' '-DINSTRUCTION_CACHE_ENABLE=1' '-DHSE_VALUE=25000000' -DUSE_FULL_LL_DRIVER '-DPREFETCH_ENABLE=1' -c -I../Drivers/CMSIS/Include -I../Drivers/STM32F4xx_HAL_Driver/Inc -I../Core/Inc -I../Drivers/CMSIS/Device/ST/STM32F4xx/Include -O0 -ffunction-sections -fdata-sections -Wall -fstack-usage -MMD -MP -MF"Drivers/STM32F4xx_HAL_Driver/Src/stm32f4xx_ll_gpio.d" -MT"Drivers/STM32F4xx_HAL_Driver/Src/stm32f4xx_ll_gpio.o" --specs=nano.specs -mfpu=fpv4-sp-d16 -mfloat-abi=hard -mthumb -o "Drivers/STM32F4xx_HAL_Driver/Src/stm32f4xx_ll_gpio.o"
arm-none-eabi-gcc "../Drivers/STM32F4xx_HAL_Driver/Src/stm32f4xx_ll_rcc.c" -mcpu=cortex-m4 -std=gnu11 -g3 '-DLSI_VALUE=32000' -DSTM32F401xE '-DHSE_STARTUP_TIMEOUT=100' '-DHSI_VALUE=16000000' '-DLSE_STARTUP_TIMEOUT=5000' -DDEBUG '-DLSE_VALUE=32768' '-DDATA_CACHE_ENABLE=1' '-DEXTERNAL_CLOCK_VALUE=12288000' '-DVDD_VALUE=3300' '-DINSTRUCTION_CACHE_ENABLE=1' '-DHSE_VALUE=25000000' -DUSE_FULL_LL_DRIVER '-DPREFETCH_ENABLE=1' -c -I../Drivers/CMSIS/Include -I../Drivers/STM32F4xx_HAL_Driver/Inc -I../Core/Inc -I../Drivers/CMSIS/Device/ST/STM32F4xx/Include -O0 -ffunction-sections -fdata-sections -Wall -fstack-usage -MMD -MP -MF"Drivers/STM32F4xx_HAL_Driver/Src/stm32f4xx_ll_rcc.d" -MT"Drivers/STM32F4xx_HAL_Driver/Src/stm32f4xx_ll_rcc.o" --specs=nano.specs -mfpu=fpv4-sp-d16 -mfloat-abi=hard -mthumb -o "Drivers/STM32F4xx_HAL_Driver/Src/stm32f4xx_ll_rcc.o"
arm-none-eabi-gcc "../Drivers/STM32F4xx_HAL_Driver/Src/stm32f4xx_ll_utils.c" -mcpu=cortex-m4 -std=gnu11 -g3 '-DLSI_VALUE=32000' -DSTM32F401xE '-DHSE_STARTUP_TIMEOUT=100' '-DHSI_VALUE=16000000' '-DLSE_STARTUP_TIMEOUT=5000' -DDEBUG '-DLSE_VALUE=32768' '-DDATA_CACHE_ENABLE=1' '-DEXTERNAL_CLOCK_VALUE=12288000' '-DVDD_VALUE=3300' '-DINSTRUCTION_CACHE_ENABLE=1' '-DHSE_VALUE=25000000' -DUSE_FULL_LL_DRIVER '-DPREFETCH_ENABLE=1' -c -I../Drivers/CMSIS/Include -I../Drivers/STM32F4xx_HAL_Driver/Inc -I../Core/Inc -I../Drivers/CMSIS/Device/ST/STM32F4xx/Include -O0 -ffunction-sections -fdata-sections -Wall -fstack-usage -MMD -MP -MF"Drivers/STM32F4xx_HAL_Driver/Src/stm32f4xx_ll_utils.d" -MT"Drivers/STM32F4xx_HAL_Driver/Src/stm32f4xx_ll_utils.o" --specs=nano.specs -mfpu=fpv4-sp-d16 -mfloat-abi=hard -mthumb -o "Drivers/STM32F4xx_HAL_Driver/Src/stm32f4xx_ll_utils.o"
arm-none-eabi-gcc -mcpu=cortex-m4 -g3 -c -x assembler-with-cpp --specs=nano.specs -mfpu=fpv4-sp-d16 -mfloat-abi=hard -mthumb -o "Core/Startup/startup_stm32f401retx.o" "../Core/Startup/startup_stm32f401retx.s"
arm-none-eabi-gcc "../Core/Src/main.c" -mcpu=cortex-m4 -std=gnu11 -g3 '-DLSI_VALUE=32000' -DSTM32F401xE '-DHSE_STARTUP_TIMEOUT=100' '-DHSI_VALUE=16000000' '-DLSE_STARTUP_TIMEOUT=5000' -DDEBUG '-DLSE_VALUE=32768' '-DDATA_CACHE_ENABLE=1' '-DEXTERNAL_CLOCK_VALUE=12288000' '-DVDD_VALUE=3300' '-DINSTRUCTION_CACHE_ENABLE=1' '-DHSE_VALUE=25000000' -DUSE_FULL_LL_DRIVER '-DPREFETCH_ENABLE=1' -c -I../Drivers/CMSIS/Include -I../Drivers/STM32F4xx_HAL_Driver/Inc -I../Core/Inc -I../Drivers/CMSIS/Device/ST/STM32F4xx/Include -O0 -ffunction-sections -fdata-sections -Wall -fstack-usage -MMD -MP -MF"Core/Src/main.d" -MT"Core/Src/main.o" --specs=nano.specs -mfpu=fpv4-sp-d16 -mfloat-abi=hard -mthumb -o "Core/Src/main.o"
arm-none-eabi-gcc "../Core/Src/stm32f4xx_it.c" -mcpu=cortex-m4 -std=gnu11 -g3 '-DLSI_VALUE=32000' -DSTM32F401xE '-DHSE_STARTUP_TIMEOUT=100' '-DHSI_VALUE=16000000' '-DLSE_STARTUP_TIMEOUT=5000' -DDEBUG '-DLSE_VALUE=32768' '-DDATA_CACHE_ENABLE=1' '-DEXTERNAL_CLOCK_VALUE=12288000' '-DVDD_VALUE=3300' '-DINSTRUCTION_CACHE_ENABLE=1' '-DHSE_VALUE=25000000' -DUSE_FULL_LL_DRIVER '-DPREFETCH_ENABLE=1' -c -I../Drivers/CMSIS/Include -I../Drivers/STM32F4xx_HAL_Driver/Inc -I../Core/Inc -I../Drivers/CMSIS/Device/ST/STM32F4xx/Include -O0 -ffunction-sections -fdata-sections -Wall -fstack-usage -MMD -MP -MF"Core/Src/stm32f4xx_it.d" -MT"Core/Src/stm32f4xx_it.o" --specs=nano.specs -mfpu=fpv4-sp-d16 -mfloat-abi=hard -mthumb -o "Core/Src/stm32f4xx_it.o"
arm-none-eabi-gcc "../Core/Src/syscalls.c" -mcpu=cortex-m4 -std=gnu11 -g3 '-DLSI_VALUE=32000' -DSTM32F401xE '-DHSE_STARTUP_TIMEOUT=100' '-DHSI_VALUE=16000000' '-DLSE_STARTUP_TIMEOUT=5000' -DDEBUG '-DLSE_VALUE=32768' '-DDATA_CACHE_ENABLE=1' '-DEXTERNAL_CLOCK_VALUE=12288000' '-DVDD_VALUE=3300' '-DINSTRUCTION_CACHE_ENABLE=1' '-DHSE_VALUE=25000000' -DUSE_FULL_LL_DRIVER '-DPREFETCH_ENABLE=1' -c -I../Drivers/CMSIS/Include -I../Drivers/STM32F4xx_HAL_Driver/Inc -I../Core/Inc -I../Drivers/CMSIS/Device/ST/STM32F4xx/Include -O0 -ffunction-sections -fdata-sections -Wall -fstack-usage -MMD -MP -MF"Core/Src/syscalls.d" -MT"Core/Src/syscalls.o" --specs=nano.specs -mfpu=fpv4-sp-d16 -mfloat-abi=hard -mthumb -o "Core/Src/syscalls.o"
arm-none-eabi-gcc "../Core/Src/sysmem.c" -mcpu=cortex-m4 -std=gnu11 -g3 '-DLSI_VALUE=32000' -DSTM32F401xE '-DHSE_STARTUP_TIMEOUT=100' '-DHSI_VALUE=16000000' '-DLSE_STARTUP_TIMEOUT=5000' -DDEBUG '-DLSE_VALUE=32768' '-DDATA_CACHE_ENABLE=1' '-DEXTERNAL_CLOCK_VALUE=12288000' '-DVDD_VALUE=3300' '-DINSTRUCTION_CACHE_ENABLE=1' '-DHSE_VALUE=25000000' -DUSE_FULL_LL_DRIVER '-DPREFETCH_ENABLE=1' -c -I../Drivers/CMSIS/Include -I../Drivers/STM32F4xx_HAL_Driver/Inc -I../Core/Inc -I../Drivers/CMSIS/Device/ST/STM32F4xx/Include -O0 -ffunction-sections -fdata-sections -Wall -fstack-usage -MMD -MP -MF"Core/Src/sysmem.d" -MT"Core/Src/sysmem.o" --specs=nano.specs -mfpu=fpv4-sp-d16 -mfloat-abi=hard -mthumb -o "Core/Src/sysmem.o"
arm-none-eabi-gcc "../Core/Src/system_stm32f4xx.c" -mcpu=cortex-m4 -std=gnu11 -g3 '-DLSI_VALUE=32000' -DSTM32F401xE '-DHSE_STARTUP_TIMEOUT=100' '-DHSI_VALUE=16000000' '-DLSE_STARTUP_TIMEOUT=5000' -DDEBUG '-DLSE_VALUE=32768' '-DDATA_CACHE_ENABLE=1' '-DEXTERNAL_CLOCK_VALUE=12288000' '-DVDD_VALUE=3300' '-DINSTRUCTION_CACHE_ENABLE=1' '-DHSE_VALUE=25000000' -DUSE_FULL_LL_DRIVER '-DPREFETCH_ENABLE=1' -c -I../Drivers/CMSIS/Include -I../Drivers/STM32F4xx_HAL_Driver/Inc -I../Core/Inc -I../Drivers/CMSIS/Device/ST/STM32F4xx/Include -O0 -ffunction-sections -fdata-sections -Wall -fstack-usage -MMD -MP -MF"Core/Src/system_stm32f4xx.d" -MT"Core/Src/system_stm32f4xx.o" --specs=nano.specs -mfpu=fpv4-sp-d16 -mfloat-abi=hard -mthumb -o "Core/Src/system_stm32f4xx.o"
arm-none-eabi-gcc -o "Erlaitz_lab1_1_3.elf" @"objects.list"   -mcpu=cortex-m4 -T"D:\POLITO\3rd year\digital systema electronics\STM32\lab7_private\trial2\Erlaitz_lab1_1_3\STM32F401RETX_FLASH.ld" --specs=nosys.specs -Wl,-Map="Erlaitz_lab1_1_3.map" -Wl,--gc-sections -static --specs=nano.specs -mfpu=fpv4-sp-d16 -mfloat-abi=hard -mthumb -Wl,--start-group -lc -lm -Wl,--end-group
Finished building target: Erlaitz_lab1_1_3.elf
 
arm-none-eabi-size   Erlaitz_lab1_1_3.elf 
arm-none-eabi-objdump -h -S  Erlaitz_lab1_1_3.elf  > "Erlaitz_lab1_1_3.list"
arm-none-eabi-objcopy  -O binary  Erlaitz_lab1_1_3.elf  "Erlaitz_lab1_1_3.bin"
   text	   data	    bss	    dec	    hex	filename
   2732	     12	   1564	   4308	   10d4	Erlaitz_lab1_1_3.elf
Finished building: default.size.stdout
 
Finished building: Erlaitz_lab1_1_3.bin
Finished building: Erlaitz_lab1_1_3.list
 
 
00:06:26 **** Incremental Build of configuration Debug for project Erlaitz_lab1_1_3 ****
make -j8 all 
arm-none-eabi-size   Erlaitz_lab1_1_3.elf 
   text	   data	    bss	    dec	    hex	filename
   2732	     12	   1564	   4308	   10d4	Erlaitz_lab1_1_3.elf
Finished building: default.size.stdout
 
00:21:15 **** Build of configuration Debug for project Erlaitz_lab1_2_with_extra_code ****
make -j8 all 
arm-none-eabi-gcc "../Drivers/STM32F4xx_HAL_Driver/Src/stm32f4xx_ll_exti.c" -mcpu=cortex-m4 -std=gnu11 -g3 '-DLSI_VALUE=32000' -DSTM32F401xE '-DHSE_STARTUP_TIMEOUT=100' '-DHSI_VALUE=16000000' '-DLSE_STARTUP_TIMEOUT=5000' -DDEBUG '-DLSE_VALUE=32768' '-DDATA_CACHE_ENABLE=1' '-DEXTERNAL_CLOCK_VALUE=12288000' '-DVDD_VALUE=3300' '-DINSTRUCTION_CACHE_ENABLE=1' '-DHSE_VALUE=25000000' -DUSE_FULL_LL_DRIVER '-DPREFETCH_ENABLE=1' -c -I../Drivers/CMSIS/Include -I../Drivers/STM32F4xx_HAL_Driver/Inc -I../Core/Inc -I../Drivers/CMSIS/Device/ST/STM32F4xx/Include -O0 -ffunction-sections -fdata-sections -Wall -fstack-usage -MMD -MP -MF"Drivers/STM32F4xx_HAL_Driver/Src/stm32f4xx_ll_exti.d" -MT"Drivers/STM32F4xx_HAL_Driver/Src/stm32f4xx_ll_exti.o" --specs=nano.specs -mfpu=fpv4-sp-d16 -mfloat-abi=hard -mthumb -o "Drivers/STM32F4xx_HAL_Driver/Src/stm32f4xx_ll_exti.o"
arm-none-eabi-gcc "../Drivers/STM32F4xx_HAL_Driver/Src/stm32f4xx_ll_gpio.c" -mcpu=cortex-m4 -std=gnu11 -g3 '-DLSI_VALUE=32000' -DSTM32F401xE '-DHSE_STARTUP_TIMEOUT=100' '-DHSI_VALUE=16000000' '-DLSE_STARTUP_TIMEOUT=5000' -DDEBUG '-DLSE_VALUE=32768' '-DDATA_CACHE_ENABLE=1' '-DEXTERNAL_CLOCK_VALUE=12288000' '-DVDD_VALUE=3300' '-DINSTRUCTION_CACHE_ENABLE=1' '-DHSE_VALUE=25000000' -DUSE_FULL_LL_DRIVER '-DPREFETCH_ENABLE=1' -c -I../Drivers/CMSIS/Include -I../Drivers/STM32F4xx_HAL_Driver/Inc -I../Core/Inc -I../Drivers/CMSIS/Device/ST/STM32F4xx/Include -O0 -ffunction-sections -fdata-sections -Wall -fstack-usage -MMD -MP -MF"Drivers/STM32F4xx_HAL_Driver/Src/stm32f4xx_ll_gpio.d" -MT"Drivers/STM32F4xx_HAL_Driver/Src/stm32f4xx_ll_gpio.o" --specs=nano.specs -mfpu=fpv4-sp-d16 -mfloat-abi=hard -mthumb -o "Drivers/STM32F4xx_HAL_Driver/Src/stm32f4xx_ll_gpio.o"
arm-none-eabi-gcc "../Drivers/STM32F4xx_HAL_Driver/Src/stm32f4xx_ll_rcc.c" -mcpu=cortex-m4 -std=gnu11 -g3 '-DLSI_VALUE=32000' -DSTM32F401xE '-DHSE_STARTUP_TIMEOUT=100' '-DHSI_VALUE=16000000' '-DLSE_STARTUP_TIMEOUT=5000' -DDEBUG '-DLSE_VALUE=32768' '-DDATA_CACHE_ENABLE=1' '-DEXTERNAL_CLOCK_VALUE=12288000' '-DVDD_VALUE=3300' '-DINSTRUCTION_CACHE_ENABLE=1' '-DHSE_VALUE=25000000' -DUSE_FULL_LL_DRIVER '-DPREFETCH_ENABLE=1' -c -I../Drivers/CMSIS/Include -I../Drivers/STM32F4xx_HAL_Driver/Inc -I../Core/Inc -I../Drivers/CMSIS/Device/ST/STM32F4xx/Include -O0 -ffunction-sections -fdata-sections -Wall -fstack-usage -MMD -MP -MF"Drivers/STM32F4xx_HAL_Driver/Src/stm32f4xx_ll_rcc.d" -MT"Drivers/STM32F4xx_HAL_Driver/Src/stm32f4xx_ll_rcc.o" --specs=nano.specs -mfpu=fpv4-sp-d16 -mfloat-abi=hard -mthumb -o "Drivers/STM32F4xx_HAL_Driver/Src/stm32f4xx_ll_rcc.o"
arm-none-eabi-gcc "../Drivers/STM32F4xx_HAL_Driver/Src/stm32f4xx_ll_utils.c" -mcpu=cortex-m4 -std=gnu11 -g3 '-DLSI_VALUE=32000' -DSTM32F401xE '-DHSE_STARTUP_TIMEOUT=100' '-DHSI_VALUE=16000000' '-DLSE_STARTUP_TIMEOUT=5000' -DDEBUG '-DLSE_VALUE=32768' '-DDATA_CACHE_ENABLE=1' '-DEXTERNAL_CLOCK_VALUE=12288000' '-DVDD_VALUE=3300' '-DINSTRUCTION_CACHE_ENABLE=1' '-DHSE_VALUE=25000000' -DUSE_FULL_LL_DRIVER '-DPREFETCH_ENABLE=1' -c -I../Drivers/CMSIS/Include -I../Drivers/STM32F4xx_HAL_Driver/Inc -I../Core/Inc -I../Drivers/CMSIS/Device/ST/STM32F4xx/Include -O0 -ffunction-sections -fdata-sections -Wall -fstack-usage -MMD -MP -MF"Drivers/STM32F4xx_HAL_Driver/Src/stm32f4xx_ll_utils.d" -MT"Drivers/STM32F4xx_HAL_Driver/Src/stm32f4xx_ll_utils.o" --specs=nano.specs -mfpu=fpv4-sp-d16 -mfloat-abi=hard -mthumb -o "Drivers/STM32F4xx_HAL_Driver/Src/stm32f4xx_ll_utils.o"
arm-none-eabi-gcc -mcpu=cortex-m4 -g3 -c -x assembler-with-cpp --specs=nano.specs -mfpu=fpv4-sp-d16 -mfloat-abi=hard -mthumb -o "Core/Startup/startup_stm32f401retx.o" "../Core/Startup/startup_stm32f401retx.s"
arm-none-eabi-gcc "../Core/Src/main.c" -mcpu=cortex-m4 -std=gnu11 -g3 '-DLSI_VALUE=32000' -DSTM32F401xE '-DHSE_STARTUP_TIMEOUT=100' '-DHSI_VALUE=16000000' '-DLSE_STARTUP_TIMEOUT=5000' -DDEBUG '-DLSE_VALUE=32768' '-DDATA_CACHE_ENABLE=1' '-DEXTERNAL_CLOCK_VALUE=12288000' '-DVDD_VALUE=3300' '-DINSTRUCTION_CACHE_ENABLE=1' '-DHSE_VALUE=25000000' -DUSE_FULL_LL_DRIVER '-DPREFETCH_ENABLE=1' -c -I../Drivers/CMSIS/Include -I../Drivers/STM32F4xx_HAL_Driver/Inc -I../Core/Inc -I../Drivers/CMSIS/Device/ST/STM32F4xx/Include -O0 -ffunction-sections -fdata-sections -Wall -fstack-usage -MMD -MP -MF"Core/Src/main.d" -MT"Core/Src/main.o" --specs=nano.specs -mfpu=fpv4-sp-d16 -mfloat-abi=hard -mthumb -o "Core/Src/main.o"
arm-none-eabi-gcc "../Core/Src/stm32f4xx_it.c" -mcpu=cortex-m4 -std=gnu11 -g3 '-DLSI_VALUE=32000' -DSTM32F401xE '-DHSE_STARTUP_TIMEOUT=100' '-DHSI_VALUE=16000000' '-DLSE_STARTUP_TIMEOUT=5000' -DDEBUG '-DLSE_VALUE=32768' '-DDATA_CACHE_ENABLE=1' '-DEXTERNAL_CLOCK_VALUE=12288000' '-DVDD_VALUE=3300' '-DINSTRUCTION_CACHE_ENABLE=1' '-DHSE_VALUE=25000000' -DUSE_FULL_LL_DRIVER '-DPREFETCH_ENABLE=1' -c -I../Drivers/CMSIS/Include -I../Drivers/STM32F4xx_HAL_Driver/Inc -I../Core/Inc -I../Drivers/CMSIS/Device/ST/STM32F4xx/Include -O0 -ffunction-sections -fdata-sections -Wall -fstack-usage -MMD -MP -MF"Core/Src/stm32f4xx_it.d" -MT"Core/Src/stm32f4xx_it.o" --specs=nano.specs -mfpu=fpv4-sp-d16 -mfloat-abi=hard -mthumb -o "Core/Src/stm32f4xx_it.o"
arm-none-eabi-gcc "../Core/Src/syscalls.c" -mcpu=cortex-m4 -std=gnu11 -g3 '-DLSI_VALUE=32000' -DSTM32F401xE '-DHSE_STARTUP_TIMEOUT=100' '-DHSI_VALUE=16000000' '-DLSE_STARTUP_TIMEOUT=5000' -DDEBUG '-DLSE_VALUE=32768' '-DDATA_CACHE_ENABLE=1' '-DEXTERNAL_CLOCK_VALUE=12288000' '-DVDD_VALUE=3300' '-DINSTRUCTION_CACHE_ENABLE=1' '-DHSE_VALUE=25000000' -DUSE_FULL_LL_DRIVER '-DPREFETCH_ENABLE=1' -c -I../Drivers/CMSIS/Include -I../Drivers/STM32F4xx_HAL_Driver/Inc -I../Core/Inc -I../Drivers/CMSIS/Device/ST/STM32F4xx/Include -O0 -ffunction-sections -fdata-sections -Wall -fstack-usage -MMD -MP -MF"Core/Src/syscalls.d" -MT"Core/Src/syscalls.o" --specs=nano.specs -mfpu=fpv4-sp-d16 -mfloat-abi=hard -mthumb -o "Core/Src/syscalls.o"
arm-none-eabi-gcc "../Core/Src/sysmem.c" -mcpu=cortex-m4 -std=gnu11 -g3 '-DLSI_VALUE=32000' -DSTM32F401xE '-DHSE_STARTUP_TIMEOUT=100' '-DHSI_VALUE=16000000' '-DLSE_STARTUP_TIMEOUT=5000' -DDEBUG '-DLSE_VALUE=32768' '-DDATA_CACHE_ENABLE=1' '-DEXTERNAL_CLOCK_VALUE=12288000' '-DVDD_VALUE=3300' '-DINSTRUCTION_CACHE_ENABLE=1' '-DHSE_VALUE=25000000' -DUSE_FULL_LL_DRIVER '-DPREFETCH_ENABLE=1' -c -I../Drivers/CMSIS/Include -I../Drivers/STM32F4xx_HAL_Driver/Inc -I../Core/Inc -I../Drivers/CMSIS/Device/ST/STM32F4xx/Include -O0 -ffunction-sections -fdata-sections -Wall -fstack-usage -MMD -MP -MF"Core/Src/sysmem.d" -MT"Core/Src/sysmem.o" --specs=nano.specs -mfpu=fpv4-sp-d16 -mfloat-abi=hard -mthumb -o "Core/Src/sysmem.o"
arm-none-eabi-gcc "../Core/Src/system_stm32f4xx.c" -mcpu=cortex-m4 -std=gnu11 -g3 '-DLSI_VALUE=32000' -DSTM32F401xE '-DHSE_STARTUP_TIMEOUT=100' '-DHSI_VALUE=16000000' '-DLSE_STARTUP_TIMEOUT=5000' -DDEBUG '-DLSE_VALUE=32768' '-DDATA_CACHE_ENABLE=1' '-DEXTERNAL_CLOCK_VALUE=12288000' '-DVDD_VALUE=3300' '-DINSTRUCTION_CACHE_ENABLE=1' '-DHSE_VALUE=25000000' -DUSE_FULL_LL_DRIVER '-DPREFETCH_ENABLE=1' -c -I../Drivers/CMSIS/Include -I../Drivers/STM32F4xx_HAL_Driver/Inc -I../Core/Inc -I../Drivers/CMSIS/Device/ST/STM32F4xx/Include -O0 -ffunction-sections -fdata-sections -Wall -fstack-usage -MMD -MP -MF"Core/Src/system_stm32f4xx.d" -MT"Core/Src/system_stm32f4xx.o" --specs=nano.specs -mfpu=fpv4-sp-d16 -mfloat-abi=hard -mthumb -o "Core/Src/system_stm32f4xx.o"
arm-none-eabi-gcc -o "Erlaitz_lab1_2_with_extra_code.elf" @"objects.list"   -mcpu=cortex-m4 -T"D:\POLITO\3rd year\digital systema electronics\STM32\lab7_private\trial2\Erlaitz_lab1_2_with_extra_code\STM32F401RETX_FLASH.ld" --specs=nosys.specs -Wl,-Map="Erlaitz_lab1_2_with_extra_code.map" -Wl,--gc-sections -static --specs=nano.specs -mfpu=fpv4-sp-d16 -mfloat-abi=hard -mthumb -Wl,--start-group -lc -lm -Wl,--end-group
Finished building target: Erlaitz_lab1_2_with_extra_code.elf
 
arm-none-eabi-size   Erlaitz_lab1_2_with_extra_code.elf 
arm-none-eabi-objdump -h -S  Erlaitz_lab1_2_with_extra_code.elf  > "Erlaitz_lab1_2_with_extra_code.list"
arm-none-eabi-objcopy  -O binary  Erlaitz_lab1_2_with_extra_code.elf  "Erlaitz_lab1_2_with_extra_code.bin"
   text	   data	    bss	    dec	    hex	filename
   2876	     16	   1568	   4460	   116c	Erlaitz_lab1_2_with_extra_code.elf
Finished building: default.size.stdout
 
Finished building: Erlaitz_lab1_2_with_extra_code.bin
Finished building: Erlaitz_lab1_2_with_extra_code.list
 
 
00:21:30 **** Incremental Build of configuration Debug for project Erlaitz_lab1_2_with_extra_code ****
make -j8 all 
arm-none-eabi-size   Erlaitz_lab1_2_with_extra_code.elf 
   text	   data	    bss	    dec	    hex	filename
   2876	     16	   1568	   4460	   116c	Erlaitz_lab1_2_with_extra_code.elf
Finished building: default.size.stdout
 
00:22:19 **** Incremental Build of configuration Debug for project Erlaitz_lab1_2_with_extra_code ****
make -j8 all 
arm-none-eabi-size   Erlaitz_lab1_2_with_extra_code.elf 
   text	   data	    bss	    dec	    hex	filename
   2876	     16	   1568	   4460	   116c	Erlaitz_lab1_2_with_extra_code.elf
Finished building: default.size.stdout
 
00:25:57 **** Incremental Build of configuration Debug for project Erlaitz_lab1_2_with_extra_code ****
make -j8 all 
arm-none-eabi-gcc "../Core/Src/main.c" -mcpu=cortex-m4 -std=gnu11 -g3 '-DLSI_VALUE=32000' -DSTM32F401xE '-DHSE_STARTUP_TIMEOUT=100' '-DHSI_VALUE=16000000' '-DLSE_STARTUP_TIMEOUT=5000' -DDEBUG '-DLSE_VALUE=32768' '-DDATA_CACHE_ENABLE=1' '-DEXTERNAL_CLOCK_VALUE=12288000' '-DVDD_VALUE=3300' '-DINSTRUCTION_CACHE_ENABLE=1' '-DHSE_VALUE=25000000' -DUSE_FULL_LL_DRIVER '-DPREFETCH_ENABLE=1' -c -I../Drivers/CMSIS/Include -I../Drivers/STM32F4xx_HAL_Driver/Inc -I../Core/Inc -I../Drivers/CMSIS/Device/ST/STM32F4xx/Include -O0 -ffunction-sections -fdata-sections -Wall -fstack-usage -MMD -MP -MF"Core/Src/main.d" -MT"Core/Src/main.o" --specs=nano.specs -mfpu=fpv4-sp-d16 -mfloat-abi=hard -mthumb -o "Core/Src/main.o"
arm-none-eabi-gcc -o "Erlaitz_lab1_2_with_extra_code.elf" @"objects.list"   -mcpu=cortex-m4 -T"D:\POLITO\3rd year\digital systema electronics\STM32\lab7_private\trial2\Erlaitz_lab1_2_with_extra_code\STM32F401RETX_FLASH.ld" --specs=nosys.specs -Wl,-Map="Erlaitz_lab1_2_with_extra_code.map" -Wl,--gc-sections -static --specs=nano.specs -mfpu=fpv4-sp-d16 -mfloat-abi=hard -mthumb -Wl,--start-group -lc -lm -Wl,--end-group
Finished building target: Erlaitz_lab1_2_with_extra_code.elf
 
arm-none-eabi-objdump -h -S  Erlaitz_lab1_2_with_extra_code.elf  > "Erlaitz_lab1_2_with_extra_code.list"
arm-none-eabi-objcopy  -O binary  Erlaitz_lab1_2_with_extra_code.elf  "Erlaitz_lab1_2_with_extra_code.bin"
arm-none-eabi-size   Erlaitz_lab1_2_with_extra_code.elf 
   text	   data	    bss	    dec	    hex	filename
   2876	     16	   1568	   4460	   116c	Erlaitz_lab1_2_with_extra_code.elf
Finished building: default.size.stdout
 
Finished building: Erlaitz_lab1_2_with_extra_code.bin
Finished building: Erlaitz_lab1_2_with_extra_code.list
 
 
00:26:02 **** Incremental Build of configuration Debug for project Erlaitz_lab1_2_with_extra_code ****
make -j8 all 
arm-none-eabi-size   Erlaitz_lab1_2_with_extra_code.elf 
   text	   data	    bss	    dec	    hex	filename
   2876	     16	   1568	   4460	   116c	Erlaitz_lab1_2_with_extra_code.elf
Finished building: default.size.stdout
 
00:29:17 **** Incremental Build of configuration Debug for project Erlaitz_lab1_2_with_extra_code ****
make -j8 all 
arm-none-eabi-gcc "../Core/Src/main.c" -mcpu=cortex-m4 -std=gnu11 -g3 '-DLSI_VALUE=32000' -DSTM32F401xE '-DHSE_STARTUP_TIMEOUT=100' '-DHSI_VALUE=16000000' '-DLSE_STARTUP_TIMEOUT=5000' -DDEBUG '-DLSE_VALUE=32768' '-DDATA_CACHE_ENABLE=1' '-DEXTERNAL_CLOCK_VALUE=12288000' '-DVDD_VALUE=3300' '-DINSTRUCTION_CACHE_ENABLE=1' '-DHSE_VALUE=25000000' -DUSE_FULL_LL_DRIVER '-DPREFETCH_ENABLE=1' -c -I../Drivers/CMSIS/Include -I../Drivers/STM32F4xx_HAL_Driver/Inc -I../Core/Inc -I../Drivers/CMSIS/Device/ST/STM32F4xx/Include -O0 -ffunction-sections -fdata-sections -Wall -fstack-usage -MMD -MP -MF"Core/Src/main.d" -MT"Core/Src/main.o" --specs=nano.specs -mfpu=fpv4-sp-d16 -mfloat-abi=hard -mthumb -o "Core/Src/main.o"
arm-none-eabi-gcc -o "Erlaitz_lab1_2_with_extra_code.elf" @"objects.list"   -mcpu=cortex-m4 -T"D:\POLITO\3rd year\digital systema electronics\STM32\lab7_private\trial2\Erlaitz_lab1_2_with_extra_code\STM32F401RETX_FLASH.ld" --specs=nosys.specs -Wl,-Map="Erlaitz_lab1_2_with_extra_code.map" -Wl,--gc-sections -static --specs=nano.specs -mfpu=fpv4-sp-d16 -mfloat-abi=hard -mthumb -Wl,--start-group -lc -lm -Wl,--end-group
Finished building target: Erlaitz_lab1_2_with_extra_code.elf
 
arm-none-eabi-objdump -h -S  Erlaitz_lab1_2_with_extra_code.elf  > "Erlaitz_lab1_2_with_extra_code.list"
arm-none-eabi-objcopy  -O binary  Erlaitz_lab1_2_with_extra_code.elf  "Erlaitz_lab1_2_with_extra_code.bin"
arm-none-eabi-size   Erlaitz_lab1_2_with_extra_code.elf 
   text	   data	    bss	    dec	    hex	filename
   2888	     16	   1568	   4472	   1178	Erlaitz_lab1_2_with_extra_code.elf
Finished building: default.size.stdout
 
Finished building: Erlaitz_lab1_2_with_extra_code.bin
Finished building: Erlaitz_lab1_2_with_extra_code.list
 
 
00:29:22 **** Incremental Build of configuration Debug for project Erlaitz_lab1_2_with_extra_code ****
make -j8 all 
arm-none-eabi-size   Erlaitz_lab1_2_with_extra_code.elf 
   text	   data	    bss	    dec	    hex	filename
   2888	     16	   1568	   4472	   1178	Erlaitz_lab1_2_with_extra_code.elf
Finished building: default.size.stdout
 
00:29:59 **** Incremental Build of configuration Debug for project Erlaitz_lab1_2_with_extra_code ****
make -j8 all 
arm-none-eabi-size   Erlaitz_lab1_2_with_extra_code.elf 
   text	   data	    bss	    dec	    hex	filename
   2888	     16	   1568	   4472	   1178	Erlaitz_lab1_2_with_extra_code.elf
Finished building: default.size.stdout
 
00:32:01 **** Incremental Build of configuration Debug for project Erlaitz_lab1_2_with_extra_code ****
make -j8 all 
arm-none-eabi-size   Erlaitz_lab1_2_with_extra_code.elf 
   text	   data	    bss	    dec	    hex	filename
   2888	     16	   1568	   4472	   1178	Erlaitz_lab1_2_with_extra_code.elf
Finished building: default.size.stdout
 
00:34:48 **** Incremental Build of configuration Debug for project Erlaitz_lab1_2_with_extra_code ****
make -j8 all 
arm-none-eabi-gcc "../Core/Src/main.c" -mcpu=cortex-m4 -std=gnu11 -g3 '-DLSI_VALUE=32000' -DSTM32F401xE '-DHSE_STARTUP_TIMEOUT=100' '-DHSI_VALUE=16000000' '-DLSE_STARTUP_TIMEOUT=5000' -DDEBUG '-DLSE_VALUE=32768' '-DDATA_CACHE_ENABLE=1' '-DEXTERNAL_CLOCK_VALUE=12288000' '-DVDD_VALUE=3300' '-DINSTRUCTION_CACHE_ENABLE=1' '-DHSE_VALUE=25000000' -DUSE_FULL_LL_DRIVER '-DPREFETCH_ENABLE=1' -c -I../Drivers/CMSIS/Include -I../Drivers/STM32F4xx_HAL_Driver/Inc -I../Core/Inc -I../Drivers/CMSIS/Device/ST/STM32F4xx/Include -O0 -ffunction-sections -fdata-sections -Wall -fstack-usage -MMD -MP -MF"Core/Src/main.d" -MT"Core/Src/main.o" --specs=nano.specs -mfpu=fpv4-sp-d16 -mfloat-abi=hard -mthumb -o "Core/Src/main.o"
../Core/Src/main.c: In function 'main':
../Core/Src/main.c:103:7: warning: unused variable 'x' [-Wunused-variable]
   int x =(LL_GPIO_ReadReg(GPIOA,ODR) |(0x400));
       ^
arm-none-eabi-gcc -o "Erlaitz_lab1_2_with_extra_code.elf" @"objects.list"   -mcpu=cortex-m4 -T"D:\POLITO\3rd year\digital systema electronics\STM32\lab7_private\trial2\Erlaitz_lab1_2_with_extra_code\STM32F401RETX_FLASH.ld" --specs=nosys.specs -Wl,-Map="Erlaitz_lab1_2_with_extra_code.map" -Wl,--gc-sections -static --specs=nano.specs -mfpu=fpv4-sp-d16 -mfloat-abi=hard -mthumb -Wl,--start-group -lc -lm -Wl,--end-group
Finished building target: Erlaitz_lab1_2_with_extra_code.elf
 
arm-none-eabi-objdump -h -S  Erlaitz_lab1_2_with_extra_code.elf  > "Erlaitz_lab1_2_with_extra_code.list"
arm-none-eabi-objcopy  -O binary  Erlaitz_lab1_2_with_extra_code.elf  "Erlaitz_lab1_2_with_extra_code.bin"
arm-none-eabi-size   Erlaitz_lab1_2_with_extra_code.elf 
   text	   data	    bss	    dec	    hex	filename
   2896	     16	   1568	   4480	   1180	Erlaitz_lab1_2_with_extra_code.elf
Finished building: default.size.stdout
 
Finished building: Erlaitz_lab1_2_with_extra_code.bin
Finished building: Erlaitz_lab1_2_with_extra_code.list
 
 
00:34:56 **** Incremental Build of configuration Debug for project Erlaitz_lab1_2_with_extra_code ****
make -j8 all 
arm-none-eabi-size   Erlaitz_lab1_2_with_extra_code.elf 
   text	   data	    bss	    dec	    hex	filename
   2896	     16	   1568	   4480	   1180	Erlaitz_lab1_2_with_extra_code.elf
Finished building: default.size.stdout
 
00:36:23 **** Incremental Build of configuration Debug for project Erlaitz_lab1_2_with_extra_code ****
make -j8 all 
arm-none-eabi-gcc "../Core/Src/main.c" -mcpu=cortex-m4 -std=gnu11 -g3 '-DLSI_VALUE=32000' -DSTM32F401xE '-DHSE_STARTUP_TIMEOUT=100' '-DHSI_VALUE=16000000' '-DLSE_STARTUP_TIMEOUT=5000' -DDEBUG '-DLSE_VALUE=32768' '-DDATA_CACHE_ENABLE=1' '-DEXTERNAL_CLOCK_VALUE=12288000' '-DVDD_VALUE=3300' '-DINSTRUCTION_CACHE_ENABLE=1' '-DHSE_VALUE=25000000' -DUSE_FULL_LL_DRIVER '-DPREFETCH_ENABLE=1' -c -I../Drivers/CMSIS/Include -I../Drivers/STM32F4xx_HAL_Driver/Inc -I../Core/Inc -I../Drivers/CMSIS/Device/ST/STM32F4xx/Include -O0 -ffunction-sections -fdata-sections -Wall -fstack-usage -MMD -MP -MF"Core/Src/main.d" -MT"Core/Src/main.o" --specs=nano.specs -mfpu=fpv4-sp-d16 -mfloat-abi=hard -mthumb -o "Core/Src/main.o"
../Core/Src/main.c: In function 'main':
../Core/Src/main.c:103:7: warning: unused variable 'x' [-Wunused-variable]
   int x =(LL_GPIO_ReadReg(GPIOA,ODR) &(0x400));
       ^
arm-none-eabi-gcc -o "Erlaitz_lab1_2_with_extra_code.elf" @"objects.list"   -mcpu=cortex-m4 -T"D:\POLITO\3rd year\digital systema electronics\STM32\lab7_private\trial2\Erlaitz_lab1_2_with_extra_code\STM32F401RETX_FLASH.ld" --specs=nosys.specs -Wl,-Map="Erlaitz_lab1_2_with_extra_code.map" -Wl,--gc-sections -static --specs=nano.specs -mfpu=fpv4-sp-d16 -mfloat-abi=hard -mthumb -Wl,--start-group -lc -lm -Wl,--end-group
Finished building target: Erlaitz_lab1_2_with_extra_code.elf
 
arm-none-eabi-objdump -h -S  Erlaitz_lab1_2_with_extra_code.elf  > "Erlaitz_lab1_2_with_extra_code.list"
arm-none-eabi-objcopy  -O binary  Erlaitz_lab1_2_with_extra_code.elf  "Erlaitz_lab1_2_with_extra_code.bin"
arm-none-eabi-size   Erlaitz_lab1_2_with_extra_code.elf 
   text	   data	    bss	    dec	    hex	filename
   2896	     16	   1568	   4480	   1180	Erlaitz_lab1_2_with_extra_code.elf
Finished building: default.size.stdout
 
Finished building: Erlaitz_lab1_2_with_extra_code.bin
Finished building: Erlaitz_lab1_2_with_extra_code.list
 
 
00:36:28 **** Incremental Build of configuration Debug for project Erlaitz_lab1_2_with_extra_code ****
make -j8 all 
arm-none-eabi-size   Erlaitz_lab1_2_with_extra_code.elf 
   text	   data	    bss	    dec	    hex	filename
   2896	     16	   1568	   4480	   1180	Erlaitz_lab1_2_with_extra_code.elf
Finished building: default.size.stdout
 
00:38:22 **** Incremental Build of configuration Debug for project Erlaitz_lab1_2_with_extra_code ****
make -j8 all 
arm-none-eabi-gcc "../Core/Src/main.c" -mcpu=cortex-m4 -std=gnu11 -g3 '-DLSI_VALUE=32000' -DSTM32F401xE '-DHSE_STARTUP_TIMEOUT=100' '-DHSI_VALUE=16000000' '-DLSE_STARTUP_TIMEOUT=5000' -DDEBUG '-DLSE_VALUE=32768' '-DDATA_CACHE_ENABLE=1' '-DEXTERNAL_CLOCK_VALUE=12288000' '-DVDD_VALUE=3300' '-DINSTRUCTION_CACHE_ENABLE=1' '-DHSE_VALUE=25000000' -DUSE_FULL_LL_DRIVER '-DPREFETCH_ENABLE=1' -c -I../Drivers/CMSIS/Include -I../Drivers/STM32F4xx_HAL_Driver/Inc -I../Core/Inc -I../Drivers/CMSIS/Device/ST/STM32F4xx/Include -O0 -ffunction-sections -fdata-sections -Wall -fstack-usage -MMD -MP -MF"Core/Src/main.d" -MT"Core/Src/main.o" --specs=nano.specs -mfpu=fpv4-sp-d16 -mfloat-abi=hard -mthumb -o "Core/Src/main.o"
../Core/Src/main.c: In function 'main':
../Core/Src/main.c:105:7: error: redefinition of 'x'
   int x =(LL_GPIO_ReadReg(GPIOA,ODR) &(0x400));
       ^
../Core/Src/main.c:103:7: note: previous definition of 'x' was here
   int x =(LL_GPIO_ReadReg(GPIOA,ODR) &(0x400));
       ^
../Core/Src/main.c:105:7: warning: unused variable 'x' [-Wunused-variable]
   int x =(LL_GPIO_ReadReg(GPIOA,ODR) &(0x400));
       ^
make: *** [Core/Src/subdir.mk:30: Core/Src/main.o] Error 1
"make -j8 all" terminated with exit code 2. Build might be incomplete.
00:38:26 **** Incremental Build of configuration Debug for project Erlaitz_lab1_2_with_extra_code ****
make -j8 all 
arm-none-eabi-gcc "../Core/Src/main.c" -mcpu=cortex-m4 -std=gnu11 -g3 '-DLSI_VALUE=32000' -DSTM32F401xE '-DHSE_STARTUP_TIMEOUT=100' '-DHSI_VALUE=16000000' '-DLSE_STARTUP_TIMEOUT=5000' -DDEBUG '-DLSE_VALUE=32768' '-DDATA_CACHE_ENABLE=1' '-DEXTERNAL_CLOCK_VALUE=12288000' '-DVDD_VALUE=3300' '-DINSTRUCTION_CACHE_ENABLE=1' '-DHSE_VALUE=25000000' -DUSE_FULL_LL_DRIVER '-DPREFETCH_ENABLE=1' -c -I../Drivers/CMSIS/Include -I../Drivers/STM32F4xx_HAL_Driver/Inc -I../Core/Inc -I../Drivers/CMSIS/Device/ST/STM32F4xx/Include -O0 -ffunction-sections -fdata-sections -Wall -fstack-usage -MMD -MP -MF"Core/Src/main.d" -MT"Core/Src/main.o" --specs=nano.specs -mfpu=fpv4-sp-d16 -mfloat-abi=hard -mthumb -o "Core/Src/main.o"
../Core/Src/main.c: In function 'main':
../Core/Src/main.c:105:7: error: redefinition of 'x'
   int x =(LL_GPIO_ReadReg(GPIOA,ODR) &(0x400));
       ^
../Core/Src/main.c:103:7: note: previous definition of 'x' was here
   int x =(LL_GPIO_ReadReg(GPIOA,ODR) &(0x400));
       ^
../Core/Src/main.c:105:7: warning: unused variable 'x' [-Wunused-variable]
   int x =(LL_GPIO_ReadReg(GPIOA,ODR) &(0x400));
       ^
make: *** [Core/Src/subdir.mk:30: Core/Src/main.o] Error 1
"make -j8 all" terminated with exit code 2. Build might be incomplete.
00:38:58 **** Incremental Build of configuration Debug for project Erlaitz_lab1_2_with_extra_code ****
make -j8 all 
arm-none-eabi-gcc "../Core/Src/main.c" -mcpu=cortex-m4 -std=gnu11 -g3 '-DLSI_VALUE=32000' -DSTM32F401xE '-DHSE_STARTUP_TIMEOUT=100' '-DHSI_VALUE=16000000' '-DLSE_STARTUP_TIMEOUT=5000' -DDEBUG '-DLSE_VALUE=32768' '-DDATA_CACHE_ENABLE=1' '-DEXTERNAL_CLOCK_VALUE=12288000' '-DVDD_VALUE=3300' '-DINSTRUCTION_CACHE_ENABLE=1' '-DHSE_VALUE=25000000' -DUSE_FULL_LL_DRIVER '-DPREFETCH_ENABLE=1' -c -I../Drivers/CMSIS/Include -I../Drivers/STM32F4xx_HAL_Driver/Inc -I../Core/Inc -I../Drivers/CMSIS/Device/ST/STM32F4xx/Include -O0 -ffunction-sections -fdata-sections -Wall -fstack-usage -MMD -MP -MF"Core/Src/main.d" -MT"Core/Src/main.o" --specs=nano.specs -mfpu=fpv4-sp-d16 -mfloat-abi=hard -mthumb -o "Core/Src/main.o"
../Core/Src/main.c: In function 'main':
../Core/Src/main.c:103:7: warning: variable 'x' set but not used [-Wunused-but-set-variable]
   int x =(LL_GPIO_ReadReg(GPIOA,ODR) &(0x400));
       ^
arm-none-eabi-gcc -o "Erlaitz_lab1_2_with_extra_code.elf" @"objects.list"   -mcpu=cortex-m4 -T"D:\POLITO\3rd year\digital systema electronics\STM32\lab7_private\trial2\Erlaitz_lab1_2_with_extra_code\STM32F401RETX_FLASH.ld" --specs=nosys.specs -Wl,-Map="Erlaitz_lab1_2_with_extra_code.map" -Wl,--gc-sections -static --specs=nano.specs -mfpu=fpv4-sp-d16 -mfloat-abi=hard -mthumb -Wl,--start-group -lc -lm -Wl,--end-group
Finished building target: Erlaitz_lab1_2_with_extra_code.elf
 
arm-none-eabi-objdump -h -S  Erlaitz_lab1_2_with_extra_code.elf  > "Erlaitz_lab1_2_with_extra_code.list"
arm-none-eabi-objcopy  -O binary  Erlaitz_lab1_2_with_extra_code.elf  "Erlaitz_lab1_2_with_extra_code.bin"
arm-none-eabi-size   Erlaitz_lab1_2_with_extra_code.elf 
   text	   data	    bss	    dec	    hex	filename
   2908	     16	   1568	   4492	   118c	Erlaitz_lab1_2_with_extra_code.elf
Finished building: default.size.stdout
 
Finished building: Erlaitz_lab1_2_with_extra_code.list
Finished building: Erlaitz_lab1_2_with_extra_code.bin
 
 
00:39:09 **** Incremental Build of configuration Debug for project Erlaitz_lab1_2_with_extra_code ****
make -j8 all 
arm-none-eabi-size   Erlaitz_lab1_2_with_extra_code.elf 
   text	   data	    bss	    dec	    hex	filename
   2908	     16	   1568	   4492	   118c	Erlaitz_lab1_2_with_extra_code.elf
Finished building: default.size.stdout
 
00:44:12 **** Incremental Build of configuration Debug for project Erlaitz_lab1_2_with_extra_code ****
make -j8 all 
arm-none-eabi-gcc "../Core/Src/main.c" -mcpu=cortex-m4 -std=gnu11 -g3 '-DLSI_VALUE=32000' -DSTM32F401xE '-DHSE_STARTUP_TIMEOUT=100' '-DHSI_VALUE=16000000' '-DLSE_STARTUP_TIMEOUT=5000' -DDEBUG '-DLSE_VALUE=32768' '-DDATA_CACHE_ENABLE=1' '-DEXTERNAL_CLOCK_VALUE=12288000' '-DVDD_VALUE=3300' '-DINSTRUCTION_CACHE_ENABLE=1' '-DHSE_VALUE=25000000' -DUSE_FULL_LL_DRIVER '-DPREFETCH_ENABLE=1' -c -I../Drivers/CMSIS/Include -I../Drivers/STM32F4xx_HAL_Driver/Inc -I../Core/Inc -I../Drivers/CMSIS/Device/ST/STM32F4xx/Include -O0 -ffunction-sections -fdata-sections -Wall -fstack-usage -MMD -MP -MF"Core/Src/main.d" -MT"Core/Src/main.o" --specs=nano.specs -mfpu=fpv4-sp-d16 -mfloat-abi=hard -mthumb -o "Core/Src/main.o"
../Core/Src/main.c: In function 'main':
../Core/Src/main.c:103:7: warning: unused variable 'x' [-Wunused-variable]
   int x =(LL_GPIO_ReadReg(GPIOA,ODR) &(0x400));
       ^
../Core/Src/main.c:69:8: warning: unused variable 'i' [-Wunused-variable]
    int i;
        ^
../Core/Src/main.c:68:6: warning: unused variable 'MYWAIT' [-Wunused-variable]
  int MYWAIT=400;
      ^~~~~~
arm-none-eabi-gcc -o "Erlaitz_lab1_2_with_extra_code.elf" @"objects.list"   -mcpu=cortex-m4 -T"D:\POLITO\3rd year\digital systema electronics\STM32\lab7_private\trial2\Erlaitz_lab1_2_with_extra_code\STM32F401RETX_FLASH.ld" --specs=nosys.specs -Wl,-Map="Erlaitz_lab1_2_with_extra_code.map" -Wl,--gc-sections -static --specs=nano.specs -mfpu=fpv4-sp-d16 -mfloat-abi=hard -mthumb -Wl,--start-group -lc -lm -Wl,--end-group
Finished building target: Erlaitz_lab1_2_with_extra_code.elf
 
arm-none-eabi-objdump -h -S  Erlaitz_lab1_2_with_extra_code.elf  > "Erlaitz_lab1_2_with_extra_code.list"
arm-none-eabi-objcopy  -O binary  Erlaitz_lab1_2_with_extra_code.elf  "Erlaitz_lab1_2_with_extra_code.bin"
arm-none-eabi-size   Erlaitz_lab1_2_with_extra_code.elf 
   text	   data	    bss	    dec	    hex	filename
   2776	     16	   1568	   4360	   1108	Erlaitz_lab1_2_with_extra_code.elf
Finished building: default.size.stdout
 
Finished building: Erlaitz_lab1_2_with_extra_code.bin
Finished building: Erlaitz_lab1_2_with_extra_code.list
 
 
00:44:22 **** Incremental Build of configuration Debug for project Erlaitz_lab1_2_with_extra_code ****
make -j8 all 
arm-none-eabi-size   Erlaitz_lab1_2_with_extra_code.elf 
   text	   data	    bss	    dec	    hex	filename
   2776	     16	   1568	   4360	   1108	Erlaitz_lab1_2_with_extra_code.elf
Finished building: default.size.stdout
 
00:45:43 **** Incremental Build of configuration Debug for project Erlaitz_lab1_2_with_extra_code ****
make -j8 all 
arm-none-eabi-gcc "../Core/Src/main.c" -mcpu=cortex-m4 -std=gnu11 -g3 '-DLSI_VALUE=32000' -DSTM32F401xE '-DHSE_STARTUP_TIMEOUT=100' '-DHSI_VALUE=16000000' '-DLSE_STARTUP_TIMEOUT=5000' -DDEBUG '-DLSE_VALUE=32768' '-DDATA_CACHE_ENABLE=1' '-DEXTERNAL_CLOCK_VALUE=12288000' '-DVDD_VALUE=3300' '-DINSTRUCTION_CACHE_ENABLE=1' '-DHSE_VALUE=25000000' -DUSE_FULL_LL_DRIVER '-DPREFETCH_ENABLE=1' -c -I../Drivers/CMSIS/Include -I../Drivers/STM32F4xx_HAL_Driver/Inc -I../Core/Inc -I../Drivers/CMSIS/Device/ST/STM32F4xx/Include -O0 -ffunction-sections -fdata-sections -Wall -fstack-usage -MMD -MP -MF"Core/Src/main.d" -MT"Core/Src/main.o" --specs=nano.specs -mfpu=fpv4-sp-d16 -mfloat-abi=hard -mthumb -o "Core/Src/main.o"
../Core/Src/main.c: In function 'main':
../Core/Src/main.c:103:7: warning: variable 'x' set but not used [-Wunused-but-set-variable]
   int x =(LL_GPIO_ReadReg(GPIOA,ODR) &(0x400));
       ^
../Core/Src/main.c:69:8: warning: unused variable 'i' [-Wunused-variable]
    int i;
        ^
../Core/Src/main.c:68:6: warning: unused variable 'MYWAIT' [-Wunused-variable]
  int MYWAIT=400;
      ^~~~~~
arm-none-eabi-gcc -o "Erlaitz_lab1_2_with_extra_code.elf" @"objects.list"   -mcpu=cortex-m4 -T"D:\POLITO\3rd year\digital systema electronics\STM32\lab7_private\trial2\Erlaitz_lab1_2_with_extra_code\STM32F401RETX_FLASH.ld" --specs=nosys.specs -Wl,-Map="Erlaitz_lab1_2_with_extra_code.map" -Wl,--gc-sections -static --specs=nano.specs -mfpu=fpv4-sp-d16 -mfloat-abi=hard -mthumb -Wl,--start-group -lc -lm -Wl,--end-group
Finished building target: Erlaitz_lab1_2_with_extra_code.elf
 
arm-none-eabi-objdump -h -S  Erlaitz_lab1_2_with_extra_code.elf  > "Erlaitz_lab1_2_with_extra_code.list"
arm-none-eabi-objcopy  -O binary  Erlaitz_lab1_2_with_extra_code.elf  "Erlaitz_lab1_2_with_extra_code.bin"
arm-none-eabi-size   Erlaitz_lab1_2_with_extra_code.elf 
   text	   data	    bss	    dec	    hex	filename
   2788	     16	   1568	   4372	   1114	Erlaitz_lab1_2_with_extra_code.elf
Finished building: default.size.stdout
 
Finished building: Erlaitz_lab1_2_with_extra_code.bin
Finished building: Erlaitz_lab1_2_with_extra_code.list
 
 
00:45:54 **** Incremental Build of configuration Debug for project Erlaitz_lab1_2_with_extra_code ****
make -j8 all 
arm-none-eabi-size   Erlaitz_lab1_2_with_extra_code.elf 
   text	   data	    bss	    dec	    hex	filename
   2788	     16	   1568	   4372	   1114	Erlaitz_lab1_2_with_extra_code.elf
Finished building: default.size.stdout
 
