Archive member included to satisfy reference by file (symbol)

c:/st/stm32cubeide_1.3.0/stm32cubeide/plugins/com.st.stm32cube.ide.mcu.externaltools.gnu-tools-for-stm32.7-2018-q2-update.win32_1.0.0.201904181610/tools/bin/../lib/gcc/arm-none-eabi/7.3.1/../../../../arm-none-eabi/lib/thumb/v7e-m/fpv4-sp/hard\libc_nano.a(lib_a-errno.o)
                              Core/Src/syscalls.o (__errno)
c:/st/stm32cubeide_1.3.0/stm32cubeide/plugins/com.st.stm32cube.ide.mcu.externaltools.gnu-tools-for-stm32.7-2018-q2-update.win32_1.0.0.201904181610/tools/bin/../lib/gcc/arm-none-eabi/7.3.1/../../../../arm-none-eabi/lib/thumb/v7e-m/fpv4-sp/hard\libc_nano.a(lib_a-exit.o)
                              c:/st/stm32cubeide_1.3.0/stm32cubeide/plugins/com.st.stm32cube.ide.mcu.externaltools.gnu-tools-for-stm32.7-2018-q2-update.win32_1.0.0.201904181610/tools/bin/../lib/gcc/arm-none-eabi/7.3.1/../../../../arm-none-eabi/lib/thumb/v7e-m/fpv4-sp/hard/crt0.o (exit)
c:/st/stm32cubeide_1.3.0/stm32cubeide/plugins/com.st.stm32cube.ide.mcu.externaltools.gnu-tools-for-stm32.7-2018-q2-update.win32_1.0.0.201904181610/tools/bin/../lib/gcc/arm-none-eabi/7.3.1/../../../../arm-none-eabi/lib/thumb/v7e-m/fpv4-sp/hard\libc_nano.a(lib_a-impure.o)
                              c:/st/stm32cubeide_1.3.0/stm32cubeide/plugins/com.st.stm32cube.ide.mcu.externaltools.gnu-tools-for-stm32.7-2018-q2-update.win32_1.0.0.201904181610/tools/bin/../lib/gcc/arm-none-eabi/7.3.1/../../../../arm-none-eabi/lib/thumb/v7e-m/fpv4-sp/hard\libc_nano.a(lib_a-exit.o) (_global_impure_ptr)
c:/st/stm32cubeide_1.3.0/stm32cubeide/plugins/com.st.stm32cube.ide.mcu.externaltools.gnu-tools-for-stm32.7-2018-q2-update.win32_1.0.0.201904181610/tools/bin/../lib/gcc/arm-none-eabi/7.3.1/../../../../arm-none-eabi/lib/thumb/v7e-m/fpv4-sp/hard\libc_nano.a(lib_a-init.o)
                              c:/st/stm32cubeide_1.3.0/stm32cubeide/plugins/com.st.stm32cube.ide.mcu.externaltools.gnu-tools-for-stm32.7-2018-q2-update.win32_1.0.0.201904181610/tools/bin/../lib/gcc/arm-none-eabi/7.3.1/../../../../arm-none-eabi/lib/thumb/v7e-m/fpv4-sp/hard/crt0.o (__libc_init_array)
c:/st/stm32cubeide_1.3.0/stm32cubeide/plugins/com.st.stm32cube.ide.mcu.externaltools.gnu-tools-for-stm32.7-2018-q2-update.win32_1.0.0.201904181610/tools/bin/../lib/gcc/arm-none-eabi/7.3.1/../../../../arm-none-eabi/lib/thumb/v7e-m/fpv4-sp/hard\libc_nano.a(lib_a-memset.o)
                              c:/st/stm32cubeide_1.3.0/stm32cubeide/plugins/com.st.stm32cube.ide.mcu.externaltools.gnu-tools-for-stm32.7-2018-q2-update.win32_1.0.0.201904181610/tools/bin/../lib/gcc/arm-none-eabi/7.3.1/../../../../arm-none-eabi/lib/thumb/v7e-m/fpv4-sp/hard/crt0.o (memset)
c:/st/stm32cubeide_1.3.0/stm32cubeide/plugins/com.st.stm32cube.ide.mcu.externaltools.gnu-tools-for-stm32.7-2018-q2-update.win32_1.0.0.201904181610/tools/bin/../lib/gcc/arm-none-eabi/7.3.1/thumb/v7e-m/fpv4-sp/hard\libgcc.a(_aeabi_uldivmod.o)
                              Drivers/STM32F4xx_HAL_Driver/Src/stm32f4xx_ll_usart.o (__aeabi_uldivmod)
c:/st/stm32cubeide_1.3.0/stm32cubeide/plugins/com.st.stm32cube.ide.mcu.externaltools.gnu-tools-for-stm32.7-2018-q2-update.win32_1.0.0.201904181610/tools/bin/../lib/gcc/arm-none-eabi/7.3.1/thumb/v7e-m/fpv4-sp/hard\libgcc.a(_udivmoddi4.o)
                              c:/st/stm32cubeide_1.3.0/stm32cubeide/plugins/com.st.stm32cube.ide.mcu.externaltools.gnu-tools-for-stm32.7-2018-q2-update.win32_1.0.0.201904181610/tools/bin/../lib/gcc/arm-none-eabi/7.3.1/thumb/v7e-m/fpv4-sp/hard\libgcc.a(_aeabi_uldivmod.o) (__udivmoddi4)
c:/st/stm32cubeide_1.3.0/stm32cubeide/plugins/com.st.stm32cube.ide.mcu.externaltools.gnu-tools-for-stm32.7-2018-q2-update.win32_1.0.0.201904181610/tools/bin/../lib/gcc/arm-none-eabi/7.3.1/thumb/v7e-m/fpv4-sp/hard\libgcc.a(_dvmd_tls.o)
                              c:/st/stm32cubeide_1.3.0/stm32cubeide/plugins/com.st.stm32cube.ide.mcu.externaltools.gnu-tools-for-stm32.7-2018-q2-update.win32_1.0.0.201904181610/tools/bin/../lib/gcc/arm-none-eabi/7.3.1/thumb/v7e-m/fpv4-sp/hard\libgcc.a(_aeabi_uldivmod.o) (__aeabi_ldiv0)

Allocating common symbols
Common symbol       size              file

samples0            0x100             Core/Src/stm32f4xx_it.o
i                   0x4               Core/Src/main.o
pointer             0x4               Core/Src/main.o

Discarded input sections

 .text          0x0000000000000000        0x0 c:/st/stm32cubeide_1.3.0/stm32cubeide/plugins/com.st.stm32cube.ide.mcu.externaltools.gnu-tools-for-stm32.7-2018-q2-update.win32_1.0.0.201904181610/tools/bin/../lib/gcc/arm-none-eabi/7.3.1/thumb/v7e-m/fpv4-sp/hard/crti.o
 .data          0x0000000000000000        0x0 c:/st/stm32cubeide_1.3.0/stm32cubeide/plugins/com.st.stm32cube.ide.mcu.externaltools.gnu-tools-for-stm32.7-2018-q2-update.win32_1.0.0.201904181610/tools/bin/../lib/gcc/arm-none-eabi/7.3.1/thumb/v7e-m/fpv4-sp/hard/crti.o
[...]
Memory Configuration

Name             Origin             Length             Attributes
RAM              0x0000000020000000 0x0000000000018000 xrw
FLASH            0x0000000008000000 0x0000000000080000 xr
*default*        0x0000000000000000 0xffffffffffffffff

Linker script and memory map

LOAD c:/st/stm32cubeide_1.3.0/stm32cubeide/plugins/com.st.stm32cube.ide.mcu.externaltools.gnu-tools-for-stm32.7-2018-q2-update.win32_1.0.0.201904181610/tools/bin/../lib/gcc/arm-none-eabi/7.3.1/thumb/v7e-m/fpv4-sp/hard/crti.o
LOAD c:/st/stm32cubeide_1.3.0/stm32cubeide/plugins/com.st.stm32cube.ide.mcu.externaltools.gnu-tools-for-stm32.7-2018-q2-update.win32_1.0.0.201904181610/tools/bin/../lib/gcc/arm-none-eabi/7.3.1/thumb/v7e-m/fpv4-sp/hard/crtbegin.o
LOAD c:/st/stm32cubeide_1.3.0/stm32cubeide/plugins/com.st.stm32cube.ide.mcu.externaltools.gnu-tools-for-stm32.7-2018-q2-update.win32_1.0.0.201904181610/tools/bin/../lib/gcc/arm-none-eabi/7.3.1/../../../../arm-none-eabi/lib/thumb/v7e-m/fpv4-sp/hard/crt0.o
LOAD Core/Src/main.o
LOAD Core/Src/stm32f4xx_it.o
LOAD Core/Src/syscalls.o
LOAD Core/Src/sysmem.o
LOAD Core/Src/system_stm32f4xx.o
LOAD Core/Startup/startup_stm32f401retx.o
LOAD Drivers/STM32F4xx_HAL_Driver/Src/stm32f4xx_ll_adc.o
LOAD Drivers/STM32F4xx_HAL_Driver/Src/stm32f4xx_ll_dma.o
LOAD Drivers/STM32F4xx_HAL_Driver/Src/stm32f4xx_ll_exti.o
LOAD Drivers/STM32F4xx_HAL_Driver/Src/stm32f4xx_ll_gpio.o
LOAD Drivers/STM32F4xx_HAL_Driver/Src/stm32f4xx_ll_rcc.o
LOAD Drivers/STM32F4xx_HAL_Driver/Src/stm32f4xx_ll_tim.o
LOAD Drivers/STM32F4xx_HAL_Driver/Src/stm32f4xx_ll_usart.o
LOAD Drivers/STM32F4xx_HAL_Driver/Src/stm32f4xx_ll_utils.o
START GROUP
LOAD c:/st/stm32cubeide_1.3.0/stm32cubeide/plugins/com.st.stm32cube.ide.mcu.externaltools.gnu-tools-for-stm32.7-2018-q2-update.win32_1.0.0.201904181610/tools/bin/../lib/gcc/arm-none-eabi/7.3.1/../../../../arm-none-eabi/lib/thumb/v7e-m/fpv4-sp/hard\libc_nano.a
LOAD c:/st/stm32cubeide_1.3.0/stm32cubeide/plugins/com.st.stm32cube.ide.mcu.externaltools.gnu-tools-for-stm32.7-2018-q2-update.win32_1.0.0.201904181610/tools/bin/../lib/gcc/arm-none-eabi/7.3.1/../../../../arm-none-eabi/lib/thumb/v7e-m/fpv4-sp/hard\libm.a
END GROUP
START GROUP
LOAD c:/st/stm32cubeide_1.3.0/stm32cubeide/plugins/com.st.stm32cube.ide.mcu.externaltools.gnu-tools-for-stm32.7-2018-q2-update.win32_1.0.0.201904181610/tools/bin/../lib/gcc/arm-none-eabi/7.3.1/thumb/v7e-m/fpv4-sp/hard\libgcc.a
LOAD c:/st/stm32cubeide_1.3.0/stm32cubeide/plugins/com.st.stm32cube.ide.mcu.externaltools.gnu-tools-for-stm32.7-2018-q2-update.win32_1.0.0.201904181610/tools/bin/../lib/gcc/arm-none-eabi/7.3.1/../../../../arm-none-eabi/lib/thumb/v7e-m/fpv4-sp/hard\libc_nano.a
END GROUP
START GROUP
LOAD c:/st/stm32cubeide_1.3.0/stm32cubeide/plugins/com.st.stm32cube.ide.mcu.externaltools.gnu-tools-for-stm32.7-2018-q2-update.win32_1.0.0.201904181610/tools/bin/../lib/gcc/arm-none-eabi/7.3.1/thumb/v7e-m/fpv4-sp/hard\libgcc.a
LOAD c:/st/stm32cubeide_1.3.0/stm32cubeide/plugins/com.st.stm32cube.ide.mcu.externaltools.gnu-tools-for-stm32.7-2018-q2-update.win32_1.0.0.201904181610/tools/bin/../lib/gcc/arm-none-eabi/7.3.1/../../../../arm-none-eabi/lib/thumb/v7e-m/fpv4-sp/hard\libc_nano.a
LOAD c:/st/stm32cubeide_1.3.0/stm32cubeide/plugins/com.st.stm32cube.ide.mcu.externaltools.gnu-tools-for-stm32.7-2018-q2-update.win32_1.0.0.201904181610/tools/bin/../lib/gcc/arm-none-eabi/7.3.1/../../../../arm-none-eabi/lib/thumb/v7e-m/fpv4-sp/hard\libnosys.a
END GROUP
START GROUP
LOAD c:/st/stm32cubeide_1.3.0/stm32cubeide/plugins/com.st.stm32cube.ide.mcu.externaltools.gnu-tools-for-stm32.7-2018-q2-update.win32_1.0.0.201904181610/tools/bin/../lib/gcc/arm-none-eabi/7.3.1/thumb/v7e-m/fpv4-sp/hard\libgcc.a
LOAD c:/st/stm32cubeide_1.3.0/stm32cubeide/plugins/com.st.stm32cube.ide.mcu.externaltools.gnu-tools-for-stm32.7-2018-q2-update.win32_1.0.0.201904181610/tools/bin/../lib/gcc/arm-none-eabi/7.3.1/../../../../arm-none-eabi/lib/thumb/v7e-m/fpv4-sp/hard\libc_nano.a
LOAD c:/st/stm32cubeide_1.3.0/stm32cubeide/plugins/com.st.stm32cube.ide.mcu.externaltools.gnu-tools-for-stm32.7-2018-q2-update.win32_1.0.0.201904181610/tools/bin/../lib/gcc/arm-none-eabi/7.3.1/../../../../arm-none-eabi/lib/thumb/v7e-m/fpv4-sp/hard\libnosys.a
END GROUP
LOAD c:/st/stm32cubeide_1.3.0/stm32cubeide/plugins/com.st.stm32cube.ide.mcu.externaltools.gnu-tools-for-stm32.7-2018-q2-update.win32_1.0.0.201904181610/tools/bin/../lib/gcc/arm-none-eabi/7.3.1/thumb/v7e-m/fpv4-sp/hard/crtend.o
LOAD c:/st/stm32cubeide_1.3.0/stm32cubeide/plugins/com.st.stm32cube.ide.mcu.externaltools.gnu-tools-for-stm32.7-2018-q2-update.win32_1.0.0.201904181610/tools/bin/../lib/gcc/arm-none-eabi/7.3.1/thumb/v7e-m/fpv4-sp/hard/crtn.o
                0x0000000020018000                _estack = (ORIGIN (RAM) + LENGTH (RAM))
                0x0000000000000200                _Min_Heap_Size = 0x200
                0x0000000000000400                _Min_Stack_Size = 0x400

.isr_vector     0x0000000008000000      0x194
                0x0000000008000000                . = ALIGN (0x4)
 *(.isr_vector)
 .isr_vector    0x0000000008000000      0x194 Core/Startup/startup_stm32f401retx.o
                0x0000000008000000                g_pfnVectors
                0x0000000008000194                . = ALIGN (0x4)

.text           0x0000000008000194     0x29c8
                0x0000000008000194                . = ALIGN (0x4)
 *(.text)
 .text          0x0000000008000194       0x40 c:/st/stm32cubeide_1.3.0/stm32cubeide/plugins/com.st.stm32cube.ide.mcu.externaltools.gnu-tools-for-stm32.7-2018-q2-update.win32_1.0.0.201904181610/tools/bin/../lib/gcc/arm-none-eabi/7.3.1/thumb/v7e-m/fpv4-sp/hard/crtbegin.o
 .text          0x00000000080001d4       0x30 c:/st/stm32cubeide_1.3.0/stm32cubeide/plugins/com.st.stm32cube.ide.mcu.externaltools.gnu-tools-for-stm32.7-2018-q2-update.win32_1.0.0.201904181610/tools/bin/../lib/gcc/arm-none-eabi/7.3.1/thumb/v7e-m/fpv4-sp/hard\libgcc.a(_aeabi_uldivmod.o)
                0x00000000080001d4                __aeabi_uldivmod
 .text          0x0000000008000204      0x2cc c:/st/stm32cubeide_1.3.0/stm32cubeide/plugins/com.st.stm32cube.ide.mcu.externaltools.gnu-tools-for-stm32.7-2018-q2-update.win32_1.0.0.201904181610/tools/bin/../lib/gcc/arm-none-eabi/7.3.1/thumb/v7e-m/fpv4-sp/hard\libgcc.a(_udivmoddi4.o)
                0x0000000008000204                __udivmoddi4
 .text          0x00000000080004d0        0x4 c:/st/stm32cubeide_1.3.0/stm32cubeide/plugins/com.st.stm32cube.ide.mcu.externaltools.gnu-tools-for-stm32.7-2018-q2-update.win32_1.0.0.201904181610/tools/bin/../lib/gcc/arm-none-eabi/7.3.1/thumb/v7e-m/fpv4-sp/hard\libgcc.a(_dvmd_tls.o)
                0x00000000080004d0                __aeabi_idiv0
                0x00000000080004d0                __aeabi_ldiv0
 *(.text*)
 .text.__NVIC_SetPriorityGrouping
                0x00000000080004d4       0x48 Core/Src/main.o
 .text.__NVIC_GetPriorityGrouping
                0x000000000800051c       0x1c Core/Src/main.o
 .text.__NVIC_EnableIRQ
                0x0000000008000538       0x3c Core/Src/main.o
 .text.__NVIC_SetPriority
                0x0000000008000574       0x54 Core/Src/main.o
 .text.NVIC_EncodePriority
                0x00000000080005c8       0x66 Core/Src/main.o
 .text.LL_ADC_REG_SetSequencerRanks
                0x000000000800062e       0x66 Core/Src/main.o
 .text.LL_ADC_REG_SetFlagEndOfConversion
                0x0000000008000694       0x26 Core/Src/main.o
 .text.LL_ADC_SetChannelSamplingTime
                0x00000000080006ba       0x92 Core/Src/main.o
 .text.LL_ADC_REG_StartConversionExtTrig
                0x000000000800074c       0x22 Core/Src/main.o
 .text.LL_ADC_DisableIT_EOCS
                0x000000000800076e       0x20 Core/Src/main.o
 *fill*         0x000000000800078e        0x2 
 .text.LL_DMA_EnableStream
                0x0000000008000790       0x40 Core/Src/main.o
 .text.LL_DMA_SetDataTransferDirection
                0x00000000080007d0       0x48 Core/Src/main.o
 .text.LL_DMA_SetMode
                0x0000000008000818       0x48 Core/Src/main.o
 .text.LL_DMA_SetPeriphIncMode
                0x0000000008000860       0x48 Core/Src/main.o
 .text.LL_DMA_SetMemoryIncMode
                0x00000000080008a8       0x48 Core/Src/main.o
 .text.LL_DMA_SetPeriphSize
                0x00000000080008f0       0x48 Core/Src/main.o
 .text.LL_DMA_SetMemorySize
                0x0000000008000938       0x48 Core/Src/main.o
 .text.LL_DMA_SetStreamPriorityLevel
                0x0000000008000980       0x48 Core/Src/main.o
 .text.LL_DMA_SetDataLength
                0x00000000080009c8       0x48 Core/Src/main.o
 .text.LL_DMA_SetChannelSelection
                0x0000000008000a10       0x48 Core/Src/main.o
 .text.LL_DMA_DisableFifoMode
                0x0000000008000a58       0x40 Core/Src/main.o
 .text.LL_DMA_SetMemoryAddress
                0x0000000008000a98       0x30 Core/Src/main.o
 .text.LL_DMA_SetPeriphAddress
                0x0000000008000ac8       0x30 Core/Src/main.o
 .text.LL_DMA_EnableIT_TC
                0x0000000008000af8       0x40 Core/Src/main.o
 .text.LL_RCC_HSI_Enable
                0x0000000008000b38       0x20 Core/Src/main.o
 .text.LL_RCC_HSI_IsReady
                0x0000000008000b58       0x24 Core/Src/main.o
 .text.LL_RCC_HSI_SetCalibTrimming
                0x0000000008000b7c       0x2c Core/Src/main.o
 .text.LL_RCC_SetSysClkSource
                0x0000000008000ba8       0x28 Core/Src/main.o
 .text.LL_RCC_GetSysClkSource
                0x0000000008000bd0       0x1c Core/Src/main.o
 .text.LL_RCC_SetAHBPrescaler
                0x0000000008000bec       0x28 Core/Src/main.o
 .text.LL_RCC_SetAPB1Prescaler
                0x0000000008000c14       0x28 Core/Src/main.o
 .text.LL_RCC_SetAPB2Prescaler
                0x0000000008000c3c       0x28 Core/Src/main.o
 .text.LL_RCC_SetTIMPrescaler
                0x0000000008000c64       0x2c Core/Src/main.o
 .text.LL_RCC_PLL_Enable
                0x0000000008000c90       0x20 Core/Src/main.o
 .text.LL_RCC_PLL_IsReady
                0x0000000008000cb0       0x28 Core/Src/main.o
 .text.LL_RCC_PLL_ConfigDomain_SYS
                0x0000000008000cd8       0x4c Core/Src/main.o
 .text.LL_AHB1_GRP1_EnableClock
                0x0000000008000d24       0x30 Core/Src/main.o
 .text.LL_APB1_GRP1_EnableClock
                0x0000000008000d54       0x30 Core/Src/main.o
 .text.LL_APB2_GRP1_EnableClock
                0x0000000008000d84       0x30 Core/Src/main.o
 .text.LL_DBGMCU_APB1_GRP1_FreezePeriph
                0x0000000008000db4       0x24 Core/Src/main.o
 .text.LL_FLASH_SetLatency
                0x0000000008000dd8       0x28 Core/Src/main.o
 .text.LL_FLASH_GetLatency
                0x0000000008000e00       0x1c Core/Src/main.o
 .text.LL_SYSTICK_SetClkSource
                0x0000000008000e1c       0x38 Core/Src/main.o
 .text.LL_PWR_SetRegulVoltageScaling
                0x0000000008000e54       0x28 Core/Src/main.o
 .text.LL_TIM_EnableARRPreload
                0x0000000008000e7c       0x20 Core/Src/main.o
 .text.LL_TIM_OC_DisableFast
                0x0000000008000e9c       0x84 Core/Src/main.o
 .text.LL_TIM_SetClockSource
                0x0000000008000f20       0x2a Core/Src/main.o
 .text.LL_TIM_SetTriggerOutput
                0x0000000008000f4a       0x26 Core/Src/main.o
 .text.LL_TIM_DisableMasterSlaveMode
                0x0000000008000f70       0x20 Core/Src/main.o
 .text.LL_USART_Enable
                0x0000000008000f90       0x20 Core/Src/main.o
 .text.LL_USART_ConfigAsyncMode
                0x0000000008000fb0       0x2c Core/Src/main.o
 .text.LL_USART_IsActiveFlag_TC
                0x0000000008000fdc       0x26 Core/Src/main.o
 .text.LL_USART_TransmitData8
                0x0000000008001002       0x1e Core/Src/main.o
 .text.LL_GPIO_ResetOutputPin
                0x0000000008001020       0x1e Core/Src/main.o
 *fill*         0x000000000800103e        0x2 
 .text.main     0x0000000008001040      0x134 Core/Src/main.o
                0x0000000008001040                main
 .text.SystemClock_Config
                0x0000000008001174       0x9c Core/Src/main.o
                0x0000000008001174                SystemClock_Config
 .text.MX_ADC1_Init
                0x0000000008001210      0x150 Core/Src/main.o
 .text.MX_TIM2_Init
                0x0000000008001360       0xe0 Core/Src/main.o
 .text.MX_USART2_UART_Init
                0x0000000008001440      0x120 Core/Src/main.o
 .text.MX_DMA_Init
                0x0000000008001560       0x58 Core/Src/main.o
 .text.MX_GPIO_Init
                0x00000000080015b8       0x58 Core/Src/main.o
 .text.Error_Handler
                0x0000000008001610        0xe Core/Src/main.o
                0x0000000008001610                Error_Handler
 *fill*         0x000000000800161e        0x2 
 .text.LL_DMA_EnableStream
                0x0000000008001620       0x40 Core/Src/stm32f4xx_it.o
 .text.LL_DMA_SetDataLength
                0x0000000008001660       0x48 Core/Src/stm32f4xx_it.o
 .text.LL_DMA_IsActiveFlag_TC0
                0x00000000080016a8       0x26 Core/Src/stm32f4xx_it.o
 .text.LL_DMA_IsActiveFlag_TC6
                0x00000000080016ce       0x28 Core/Src/stm32f4xx_it.o
 .text.LL_DMA_ClearFlag_HT0
                0x00000000080016f6       0x1a Core/Src/stm32f4xx_it.o
 .text.LL_DMA_ClearFlag_HT6
                0x0000000008001710       0x1c Core/Src/stm32f4xx_it.o
 .text.LL_DMA_ClearFlag_TC0
                0x000000000800172c       0x1a Core/Src/stm32f4xx_it.o
 .text.LL_DMA_ClearFlag_TC6
                0x0000000008001746       0x1c Core/Src/stm32f4xx_it.o
 .text.LL_USART_EnableDMAReq_TX
                0x0000000008001762       0x20 Core/Src/stm32f4xx_it.o
 .text.NMI_Handler
                0x0000000008001782        0xe Core/Src/stm32f4xx_it.o
                0x0000000008001782                NMI_Handler
 .text.HardFault_Handler
                0x0000000008001790        0x6 Core/Src/stm32f4xx_it.o
                0x0000000008001790                HardFault_Handler
 .text.MemManage_Handler
                0x0000000008001796        0x6 Core/Src/stm32f4xx_it.o
                0x0000000008001796                MemManage_Handler
 .text.BusFault_Handler
                0x000000000800179c        0x6 Core/Src/stm32f4xx_it.o
                0x000000000800179c                BusFault_Handler
 .text.UsageFault_Handler
                0x00000000080017a2        0x6 Core/Src/stm32f4xx_it.o
                0x00000000080017a2                UsageFault_Handler
 .text.SVC_Handler
                0x00000000080017a8        0xe Core/Src/stm32f4xx_it.o
                0x00000000080017a8                SVC_Handler
 .text.DebugMon_Handler
                0x00000000080017b6        0xe Core/Src/stm32f4xx_it.o
                0x00000000080017b6                DebugMon_Handler
 .text.PendSV_Handler
                0x00000000080017c4        0xe Core/Src/stm32f4xx_it.o
                0x00000000080017c4                PendSV_Handler
 .text.SysTick_Handler
                0x00000000080017d2        0xe Core/Src/stm32f4xx_it.o
                0x00000000080017d2                SysTick_Handler
 .text.DMA1_Stream6_IRQHandler
                0x00000000080017e0       0x6c Core/Src/stm32f4xx_it.o
                0x00000000080017e0                DMA1_Stream6_IRQHandler
 .text.USART2_IRQHandler
                0x000000000800184c        0xe Core/Src/stm32f4xx_it.o
                0x000000000800184c                USART2_IRQHandler
 *fill*         0x000000000800185a        0x2 
 .text.DMA2_Stream0_IRQHandler
                0x000000000800185c       0x58 Core/Src/stm32f4xx_it.o
                0x000000000800185c                DMA2_Stream0_IRQHandler
 .text.SystemInit
                0x00000000080018b4       0x2c Core/Src/system_stm32f4xx.o
                0x00000000080018b4                SystemInit
 .text.Reset_Handler
                0x00000000080018e0       0x50 Core/Startup/startup_stm32f401retx.o
                0x00000000080018e0                Reset_Handler
 .text.Default_Handler
                0x0000000008001930        0x2 Core/Startup/startup_stm32f401retx.o
                0x0000000008001930                RTC_Alarm_IRQHandler
                0x0000000008001930                EXTI2_IRQHandler
                0x0000000008001930                SPI4_IRQHandler
                0x0000000008001930                TIM1_CC_IRQHandler
                0x0000000008001930                DMA2_Stream5_IRQHandler
                0x0000000008001930                DMA1_Stream5_IRQHandler
                0x0000000008001930                PVD_IRQHandler
                0x0000000008001930                SDIO_IRQHandler
                0x0000000008001930                TAMP_STAMP_IRQHandler
                0x0000000008001930                EXTI3_IRQHandler
                0x0000000008001930                TIM1_UP_TIM10_IRQHandler
                0x0000000008001930                I2C3_ER_IRQHandler
                0x0000000008001930                EXTI0_IRQHandler
                0x0000000008001930                I2C2_EV_IRQHandler
                0x0000000008001930                DMA1_Stream2_IRQHandler
                0x0000000008001930                FPU_IRQHandler
                0x0000000008001930                DMA2_Stream2_IRQHandler
                0x0000000008001930                SPI1_IRQHandler
                0x0000000008001930                TIM1_BRK_TIM9_IRQHandler
                0x0000000008001930                DMA2_Stream3_IRQHandler
                0x0000000008001930                USART6_IRQHandler
                0x0000000008001930                TIM4_IRQHandler
                0x0000000008001930                I2C1_EV_IRQHandler
                0x0000000008001930                DMA1_Stream1_IRQHandler
                0x0000000008001930                TIM3_IRQHandler
                0x0000000008001930                RCC_IRQHandler
                0x0000000008001930                Default_Handler
                0x0000000008001930                EXTI15_10_IRQHandler
                0x0000000008001930                ADC_IRQHandler
                0x0000000008001930                DMA1_Stream7_IRQHandler
                0x0000000008001930                TIM5_IRQHandler
                0x0000000008001930                DMA2_Stream7_IRQHandler
                0x0000000008001930                I2C3_EV_IRQHandler
                0x0000000008001930                EXTI9_5_IRQHandler
                0x0000000008001930                RTC_WKUP_IRQHandler
                0x0000000008001930                SPI2_IRQHandler
                0x0000000008001930                DMA1_Stream0_IRQHandler
                0x0000000008001930                EXTI4_IRQHandler
                0x0000000008001930                WWDG_IRQHandler
                0x0000000008001930                TIM2_IRQHandler
                0x0000000008001930                OTG_FS_WKUP_IRQHandler
                0x0000000008001930                TIM1_TRG_COM_TIM11_IRQHandler
                0x0000000008001930                EXTI1_IRQHandler
                0x0000000008001930                I2C2_ER_IRQHandler
                0x0000000008001930                DMA2_Stream1_IRQHandler
                0x0000000008001930                FLASH_IRQHandler
                0x0000000008001930                DMA2_Stream4_IRQHandler
                0x0000000008001930                USART1_IRQHandler
                0x0000000008001930                OTG_FS_IRQHandler
                0x0000000008001930                SPI3_IRQHandler
                0x0000000008001930                DMA1_Stream4_IRQHandler
                0x0000000008001930                I2C1_ER_IRQHandler
                0x0000000008001930                DMA2_Stream6_IRQHandler
                0x0000000008001930                DMA1_Stream3_IRQHandler
 .text.LL_ADC_SetCommonClock
                0x0000000008001932       0x26 Drivers/STM32F4xx_HAL_Driver/Src/stm32f4xx_ll_adc.o
 .text.LL_ADC_REG_SetSequencerLength
                0x0000000008001958       0x26 Drivers/STM32F4xx_HAL_Driver/Src/stm32f4xx_ll_adc.o
 .text.LL_ADC_IsEnabled
                0x000000000800197e       0x26 Drivers/STM32F4xx_HAL_Driver/Src/stm32f4xx_ll_adc.o
 .text.LL_ADC_CommonInit
                0x00000000080019a4       0x3c Drivers/STM32F4xx_HAL_Driver/Src/stm32f4xx_ll_adc.o
                0x00000000080019a4                LL_ADC_CommonInit
 .text.LL_ADC_Init
                0x00000000080019e0       0x58 Drivers/STM32F4xx_HAL_Driver/Src/stm32f4xx_ll_adc.o
                0x00000000080019e0                LL_ADC_Init
 .text.LL_ADC_REG_Init
                0x0000000008001a38       0x84 Drivers/STM32F4xx_HAL_Driver/Src/stm32f4xx_ll_adc.o
                0x0000000008001a38                LL_ADC_REG_Init
 .text.LL_GPIO_SetPinMode
                0x0000000008001abc       0x5e Drivers/STM32F4xx_HAL_Driver/Src/stm32f4xx_ll_gpio.o
 .text.LL_GPIO_SetPinOutputType
                0x0000000008001b1a       0x5a Drivers/STM32F4xx_HAL_Driver/Src/stm32f4xx_ll_gpio.o
 .text.LL_GPIO_SetPinSpeed
                0x0000000008001b74       0x5e Drivers/STM32F4xx_HAL_Driver/Src/stm32f4xx_ll_gpio.o
 .text.LL_GPIO_SetPinPull
                0x0000000008001bd2       0x5e Drivers/STM32F4xx_HAL_Driver/Src/stm32f4xx_ll_gpio.o
 .text.LL_GPIO_SetAFPin_0_7
                0x0000000008001c30       0x5e Drivers/STM32F4xx_HAL_Driver/Src/stm32f4xx_ll_gpio.o
 .text.LL_GPIO_SetAFPin_8_15
                0x0000000008001c8e       0x62 Drivers/STM32F4xx_HAL_Driver/Src/stm32f4xx_ll_gpio.o
 .text.LL_GPIO_Init
                0x0000000008001cf0       0xe6 Drivers/STM32F4xx_HAL_Driver/Src/stm32f4xx_ll_gpio.o
                0x0000000008001cf0                LL_GPIO_Init
 *fill*         0x0000000008001dd6        0x2 
 .text.LL_RCC_GetSysClkSource
                0x0000000008001dd8       0x1c Drivers/STM32F4xx_HAL_Driver/Src/stm32f4xx_ll_rcc.o
 .text.LL_RCC_GetAHBPrescaler
                0x0000000008001df4       0x1c Drivers/STM32F4xx_HAL_Driver/Src/stm32f4xx_ll_rcc.o
 .text.LL_RCC_GetAPB1Prescaler
                0x0000000008001e10       0x1c Drivers/STM32F4xx_HAL_Driver/Src/stm32f4xx_ll_rcc.o
 .text.LL_RCC_GetAPB2Prescaler
                0x0000000008001e2c       0x1c Drivers/STM32F4xx_HAL_Driver/Src/stm32f4xx_ll_rcc.o
 .text.LL_RCC_PLL_GetMainSource
                0x0000000008001e48       0x1c Drivers/STM32F4xx_HAL_Driver/Src/stm32f4xx_ll_rcc.o
 .text.LL_RCC_PLL_GetN
                0x0000000008001e64       0x1c Drivers/STM32F4xx_HAL_Driver/Src/stm32f4xx_ll_rcc.o
 .text.LL_RCC_PLL_GetP
                0x0000000008001e80       0x1c Drivers/STM32F4xx_HAL_Driver/Src/stm32f4xx_ll_rcc.o
 .text.LL_RCC_PLL_GetDivider
                0x0000000008001e9c       0x1c Drivers/STM32F4xx_HAL_Driver/Src/stm32f4xx_ll_rcc.o
 .text.LL_RCC_GetSystemClocksFreq
                0x0000000008001eb8       0x4a Drivers/STM32F4xx_HAL_Driver/Src/stm32f4xx_ll_rcc.o
                0x0000000008001eb8                LL_RCC_GetSystemClocksFreq
 *fill*         0x0000000008001f02        0x2 
 .text.RCC_GetSystemClockFreq
                0x0000000008001f04       0x4c Drivers/STM32F4xx_HAL_Driver/Src/stm32f4xx_ll_rcc.o
                0x0000000008001f04                RCC_GetSystemClockFreq
 .text.RCC_GetHCLKClockFreq
                0x0000000008001f50       0x2c Drivers/STM32F4xx_HAL_Driver/Src/stm32f4xx_ll_rcc.o
                0x0000000008001f50                RCC_GetHCLKClockFreq
 .text.RCC_GetPCLK1ClockFreq
                0x0000000008001f7c       0x28 Drivers/STM32F4xx_HAL_Driver/Src/stm32f4xx_ll_rcc.o
                0x0000000008001f7c                RCC_GetPCLK1ClockFreq
 .text.RCC_GetPCLK2ClockFreq
                0x0000000008001fa4       0x28 Drivers/STM32F4xx_HAL_Driver/Src/stm32f4xx_ll_rcc.o
                0x0000000008001fa4                RCC_GetPCLK2ClockFreq
 .text.RCC_PLL_GetFreqDomain_SYS
                0x0000000008001fcc       0x7c Drivers/STM32F4xx_HAL_Driver/Src/stm32f4xx_ll_rcc.o
                0x0000000008001fcc                RCC_PLL_GetFreqDomain_SYS
 .text.LL_TIM_SetPrescaler
                0x0000000008002048       0x1c Drivers/STM32F4xx_HAL_Driver/Src/stm32f4xx_ll_tim.o
 .text.LL_TIM_SetAutoReload
                0x0000000008002064       0x1c Drivers/STM32F4xx_HAL_Driver/Src/stm32f4xx_ll_tim.o
 .text.LL_TIM_SetRepetitionCounter
                0x0000000008002080       0x1c Drivers/STM32F4xx_HAL_Driver/Src/stm32f4xx_ll_tim.o
 .text.LL_TIM_OC_SetCompareCH1
                0x000000000800209c       0x1c Drivers/STM32F4xx_HAL_Driver/Src/stm32f4xx_ll_tim.o
 .text.LL_TIM_OC_SetCompareCH2
                0x00000000080020b8       0x1c Drivers/STM32F4xx_HAL_Driver/Src/stm32f4xx_ll_tim.o
 .text.LL_TIM_OC_SetCompareCH3
                0x00000000080020d4       0x1c Drivers/STM32F4xx_HAL_Driver/Src/stm32f4xx_ll_tim.o
 .text.LL_TIM_OC_SetCompareCH4
                0x00000000080020f0       0x1c Drivers/STM32F4xx_HAL_Driver/Src/stm32f4xx_ll_tim.o
 .text.LL_TIM_GenerateEvent_UPDATE
                0x000000000800210c       0x20 Drivers/STM32F4xx_HAL_Driver/Src/stm32f4xx_ll_tim.o
 .text.LL_TIM_Init
                0x000000000800212c       0xf4 Drivers/STM32F4xx_HAL_Driver/Src/stm32f4xx_ll_tim.o
                0x000000000800212c                LL_TIM_Init
 .text.LL_TIM_OC_Init
                0x0000000008002220       0x70 Drivers/STM32F4xx_HAL_Driver/Src/stm32f4xx_ll_tim.o
                0x0000000008002220                LL_TIM_OC_Init
 .text.OC1Config
                0x0000000008002290       0xcc Drivers/STM32F4xx_HAL_Driver/Src/stm32f4xx_ll_tim.o
 .text.OC2Config
                0x000000000800235c       0xd4 Drivers/STM32F4xx_HAL_Driver/Src/stm32f4xx_ll_tim.o
 .text.OC3Config
                0x0000000008002430       0xd4 Drivers/STM32F4xx_HAL_Driver/Src/stm32f4xx_ll_tim.o
 .text.OC4Config
                0x0000000008002504       0xa4 Drivers/STM32F4xx_HAL_Driver/Src/stm32f4xx_ll_tim.o
 .text.LL_USART_IsEnabled
                0x00000000080025a8       0x28 Drivers/STM32F4xx_HAL_Driver/Src/stm32f4xx_ll_usart.o
 .text.LL_USART_SetStopBitsLength
                0x00000000080025d0       0x26 Drivers/STM32F4xx_HAL_Driver/Src/stm32f4xx_ll_usart.o
 .text.LL_USART_SetHWFlowCtrl
                0x00000000080025f6       0x26 Drivers/STM32F4xx_HAL_Driver/Src/stm32f4xx_ll_usart.o
 .text.LL_USART_SetBaudRate
                0x000000000800261c      0x350 Drivers/STM32F4xx_HAL_Driver/Src/stm32f4xx_ll_usart.o
 .text.LL_USART_Init
                0x000000000800296c       0xc8 Drivers/STM32F4xx_HAL_Driver/Src/stm32f4xx_ll_usart.o
                0x000000000800296c                LL_USART_Init
 .text.LL_InitTick
                0x0000000008002a34       0x34 Drivers/STM32F4xx_HAL_Driver/Src/stm32f4xx_ll_utils.o
 .text.LL_Init1msTick
                0x0000000008002a68       0x1a Drivers/STM32F4xx_HAL_Driver/Src/stm32f4xx_ll_utils.o
                0x0000000008002a68                LL_Init1msTick
 *fill*         0x0000000008002a82        0x2 
 .text.LL_mDelay
                0x0000000008002a84       0x48 Drivers/STM32F4xx_HAL_Driver/Src/stm32f4xx_ll_utils.o
                0x0000000008002a84                LL_mDelay
 .text.LL_SetSystemCoreClock
                0x0000000008002acc       0x20 Drivers/STM32F4xx_HAL_Driver/Src/stm32f4xx_ll_utils.o
                0x0000000008002acc                LL_SetSystemCoreClock
 .text.__libc_init_array
                0x0000000008002aec       0x48 c:/st/stm32cubeide_1.3.0/stm32cubeide/plugins/com.st.stm32cube.ide.mcu.externaltools.gnu-tools-for-stm32.7-2018-q2-update.win32_1.0.0.201904181610/tools/bin/../lib/gcc/arm-none-eabi/7.3.1/../../../../arm-none-eabi/lib/thumb/v7e-m/fpv4-sp/hard\libc_nano.a(lib_a-init.o)
                0x0000000008002aec                __libc_init_array
 .text.memset   0x0000000008002b34       0x10 c:/st/stm32cubeide_1.3.0/stm32cubeide/plugins/com.st.stm32cube.ide.mcu.externaltools.gnu-tools-for-stm32.7-2018-q2-update.win32_1.0.0.201904181610/tools/bin/../lib/gcc/arm-none-eabi/7.3.1/../../../../arm-none-eabi/lib/thumb/v7e-m/fpv4-sp/hard\libc_nano.a(lib_a-memset.o)
                0x0000000008002b34                memset
 *(.glue_7)
 .glue_7        0x0000000008002b44        0x0 linker stubs
 *(.glue_7t)
 .glue_7t       0x0000000008002b44        0x0 linker stubs
 *(.eh_frame)
 .eh_frame      0x0000000008002b44        0x0 c:/st/stm32cubeide_1.3.0/stm32cubeide/plugins/com.st.stm32cube.ide.mcu.externaltools.gnu-tools-for-stm32.7-2018-q2-update.win32_1.0.0.201904181610/tools/bin/../lib/gcc/arm-none-eabi/7.3.1/thumb/v7e-m/fpv4-sp/hard/crtbegin.o
 *(.init)
 .init          0x0000000008002b44        0x4 c:/st/stm32cubeide_1.3.0/stm32cubeide/plugins/com.st.stm32cube.ide.mcu.externaltools.gnu-tools-for-stm32.7-2018-q2-update.win32_1.0.0.201904181610/tools/bin/../lib/gcc/arm-none-eabi/7.3.1/thumb/v7e-m/fpv4-sp/hard/crti.o
                0x0000000008002b44                _init
 .init          0x0000000008002b48        0x8 c:/st/stm32cubeide_1.3.0/stm32cubeide/plugins/com.st.stm32cube.ide.mcu.externaltools.gnu-tools-for-stm32.7-2018-q2-update.win32_1.0.0.201904181610/tools/bin/../lib/gcc/arm-none-eabi/7.3.1/thumb/v7e-m/fpv4-sp/hard/crtn.o
 *(.fini)
 .fini          0x0000000008002b50        0x4 c:/st/stm32cubeide_1.3.0/stm32cubeide/plugins/com.st.stm32cube.ide.mcu.externaltools.gnu-tools-for-stm32.7-2018-q2-update.win32_1.0.0.201904181610/tools/bin/../lib/gcc/arm-none-eabi/7.3.1/thumb/v7e-m/fpv4-sp/hard/crti.o
                0x0000000008002b50                _fini
 .fini          0x0000000008002b54        0x8 c:/st/stm32cubeide_1.3.0/stm32cubeide/plugins/com.st.stm32cube.ide.mcu.externaltools.gnu-tools-for-stm32.7-2018-q2-update.win32_1.0.0.201904181610/tools/bin/../lib/gcc/arm-none-eabi/7.3.1/thumb/v7e-m/fpv4-sp/hard/crtn.o
                0x0000000008002b5c                . = ALIGN (0x4)
                0x0000000008002b5c                _etext = .

.vfp11_veneer   0x0000000008002b5c        0x0
 .vfp11_veneer  0x0000000008002b5c        0x0 linker stubs

.v4_bx          0x0000000008002b5c        0x0
 .v4_bx         0x0000000008002b5c        0x0 linker stubs

.iplt           0x0000000008002b5c        0x0
 .iplt          0x0000000008002b5c        0x0 c:/st/stm32cubeide_1.3.0/stm32cubeide/plugins/com.st.stm32cube.ide.mcu.externaltools.gnu-tools-for-stm32.7-2018-q2-update.win32_1.0.0.201904181610/tools/bin/../lib/gcc/arm-none-eabi/7.3.1/thumb/v7e-m/fpv4-sp/hard/crtbegin.o

.rodata         0x0000000008002b5c       0x44
                0x0000000008002b5c                . = ALIGN (0x4)
 *(.rodata)
 *(.rodata*)
 .rodata.STREAM_OFFSET_TAB
                0x0000000008002b5c        0x8 Core/Src/main.o
 .rodata.OFFSET_TAB_CCMRx
                0x0000000008002b64        0x7 Core/Src/main.o
 *fill*         0x0000000008002b6b        0x1 
 .rodata.SHIFT_TAB_OCxx
                0x0000000008002b6c        0x7 Core/Src/main.o
 *fill*         0x0000000008002b73        0x1 
 .rodata.NN     0x0000000008002b74        0x4 Core/Src/main.o
                0x0000000008002b74                NN
 .rodata.str    0x0000000008002b78        0x5 Core/Src/main.o
 *fill*         0x0000000008002b7d        0x3 
 .rodata.STREAM_OFFSET_TAB
                0x0000000008002b80        0x8 Core/Src/stm32f4xx_it.o
 .rodata.AHBPrescTable
                0x0000000008002b88       0x10 Core/Src/system_stm32f4xx.o
                0x0000000008002b88                AHBPrescTable
 .rodata.APBPrescTable
                0x0000000008002b98        0x8 Core/Src/system_stm32f4xx.o
                0x0000000008002b98                APBPrescTable
                0x0000000008002ba0                . = ALIGN (0x4)

.ARM.extab      0x0000000008002ba0        0x0
                0x0000000008002ba0                . = ALIGN (0x4)
 *(.ARM.extab* .gnu.linkonce.armextab.*)
                0x0000000008002ba0                . = ALIGN (0x4)

.ARM            0x0000000008002ba0        0x8
                0x0000000008002ba0                . = ALIGN (0x4)
                0x0000000008002ba0                __exidx_start = .
 *(.ARM.exidx*)
 .ARM.exidx     0x0000000008002ba0        0x8 c:/st/stm32cubeide_1.3.0/stm32cubeide/plugins/com.st.stm32cube.ide.mcu.externaltools.gnu-tools-for-stm32.7-2018-q2-update.win32_1.0.0.201904181610/tools/bin/../lib/gcc/arm-none-eabi/7.3.1/thumb/v7e-m/fpv4-sp/hard\libgcc.a(_udivmoddi4.o)
                0x0000000008002ba8                __exidx_end = .
                0x0000000008002ba8                . = ALIGN (0x4)

.rel.dyn        0x0000000008002ba8        0x0
 .rel.iplt      0x0000000008002ba8        0x0 c:/st/stm32cubeide_1.3.0/stm32cubeide/plugins/com.st.stm32cube.ide.mcu.externaltools.gnu-tools-for-stm32.7-2018-q2-update.win32_1.0.0.201904181610/tools/bin/../lib/gcc/arm-none-eabi/7.3.1/thumb/v7e-m/fpv4-sp/hard/crtbegin.o

.preinit_array  0x0000000008002ba8        0x0
                0x0000000008002ba8                . = ALIGN (0x4)
                0x0000000008002ba8                PROVIDE (__preinit_array_start = .)
 *(.preinit_array*)
                0x0000000008002ba8                PROVIDE (__preinit_array_end = .)
                0x0000000008002ba8                . = ALIGN (0x4)

.init_array     0x0000000008002ba8        0x4
                0x0000000008002ba8                . = ALIGN (0x4)
                0x0000000008002ba8                PROVIDE (__init_array_start = .)
 *(SORT_BY_NAME(.init_array.*))
 *(.init_array*)
 .init_array    0x0000000008002ba8        0x4 c:/st/stm32cubeide_1.3.0/stm32cubeide/plugins/com.st.stm32cube.ide.mcu.externaltools.gnu-tools-for-stm32.7-2018-q2-update.win32_1.0.0.201904181610/tools/bin/../lib/gcc/arm-none-eabi/7.3.1/thumb/v7e-m/fpv4-sp/hard/crtbegin.o
                0x0000000008002bac                PROVIDE (__init_array_end = .)
                0x0000000008002bac                . = ALIGN (0x4)

.fini_array     0x0000000008002bac        0x4
                0x0000000008002bac                . = ALIGN (0x4)
                [!provide]                        PROVIDE (__fini_array_start = .)
 *(SORT_BY_NAME(.fini_array.*))
 *(.fini_array*)
 .fini_array    0x0000000008002bac        0x4 c:/st/stm32cubeide_1.3.0/stm32cubeide/plugins/com.st.stm32cube.ide.mcu.externaltools.gnu-tools-for-stm32.7-2018-q2-update.win32_1.0.0.201904181610/tools/bin/../lib/gcc/arm-none-eabi/7.3.1/thumb/v7e-m/fpv4-sp/hard/crtbegin.o
                [!provide]                        PROVIDE (__fini_array_end = .)
                0x0000000008002bb0                . = ALIGN (0x4)
                0x0000000008002bb0                _sidata = LOADADDR (.data)

.data           0x0000000020000000        0x4 load address 0x0000000008002bb0
                0x0000000020000000                . = ALIGN (0x4)
                0x0000000020000000                _sdata = .
 *(.data)
 *(.data*)
 .data.SystemCoreClock
                0x0000000020000000        0x4 Core/Src/system_stm32f4xx.o
                0x0000000020000000                SystemCoreClock
                0x0000000020000004                . = ALIGN (0x4)
                0x0000000020000004                _edata = .

.igot.plt       0x0000000020000004        0x0 load address 0x0000000008002bb4
 .igot.plt      0x0000000020000004        0x0 c:/st/stm32cubeide_1.3.0/stm32cubeide/plugins/com.st.stm32cube.ide.mcu.externaltools.gnu-tools-for-stm32.7-2018-q2-update.win32_1.0.0.201904181610/tools/bin/../lib/gcc/arm-none-eabi/7.3.1/thumb/v7e-m/fpv4-sp/hard/crtbegin.o
                0x0000000020000004                . = ALIGN (0x4)

.bss            0x0000000020000004      0x124 load address 0x0000000008002bb4
                0x0000000020000004                _sbss = .
                0x0000000020000004                __bss_start__ = _sbss
 *(.bss)
 .bss           0x0000000020000004       0x1c c:/st/stm32cubeide_1.3.0/stm32cubeide/plugins/com.st.stm32cube.ide.mcu.externaltools.gnu-tools-for-stm32.7-2018-q2-update.win32_1.0.0.201904181610/tools/bin/../lib/gcc/arm-none-eabi/7.3.1/thumb/v7e-m/fpv4-sp/hard/crtbegin.o
 *(.bss*)
 *(COMMON)
 COMMON         0x0000000020000020        0x8 Core/Src/main.o
                0x0000000020000020                i
                0x0000000020000024                pointer
 COMMON         0x0000000020000028      0x100 Core/Src/stm32f4xx_it.o
                0x0000000020000028                samples0
                0x0000000020000128                . = ALIGN (0x4)
                0x0000000020000128                _ebss = .
                0x0000000020000128                __bss_end__ = _ebss

._user_heap_stack
                0x0000000020000128      0x600 load address 0x0000000008002bb4
                0x0000000020000128                . = ALIGN (0x8)
                0x0000000020000128                PROVIDE (end = .)
                [!provide]                        PROVIDE (_end = .)
                0x0000000020000328                . = (. + _Min_Heap_Size)
 *fill*         0x0000000020000128      0x200 
                0x0000000020000728                . = (. + _Min_Stack_Size)
 *fill*         0x0000000020000328      0x400 
                0x0000000020000728                . = ALIGN (0x8)

/DISCARD/
 libc.a(*)
 libm.a(*)
 libgcc.a(*)

.ARM.attributes
                0x0000000000000000       0x30
 *(.ARM.attributes)
 .ARM.attributes
                0x0000000000000000       0x22 c:/st/stm32cubeide_1.3.0/stm32cubeide/plugins/com.st.stm32cube.ide.mcu.externaltools.gnu-tools-for-stm32.7-2018-q2-update.win32_1.0.0.201904181610/tools/bin/../lib/gcc/arm-none-eabi/7.3.1/thumb/v7e-m/fpv4-sp/hard/crti.o
 .ARM.attributes
                0x0000000000000022       0x34 c:/st/stm32cubeide_1.3.0/stm32cubeide/plugins/com.st.stm32cube.ide.mcu.externaltools.gnu-tools-for-stm32.7-2018-q2-update.win32_1.0.0.201904181610/tools/bin/../lib/gcc/arm-none-eabi/7.3.1/thumb/v7e-m/fpv4-sp/hard/crtbegin.o
 .ARM.attributes
                0x0000000000000056       0x39 Core/Src/main.o
 .ARM.attributes
                0x000000000000008f       0x39 Core/Src/stm32f4xx_it.o
 .ARM.attributes
                0x00000000000000c8       0x39 Core/Src/system_stm32f4xx.o
 .ARM.attributes
                0x0000000000000101       0x21 Core/Startup/startup_stm32f401retx.o
 .ARM.attributes
                0x0000000000000122       0x39 Drivers/STM32F4xx_HAL_Driver/Src/stm32f4xx_ll_adc.o
 .ARM.attributes
                0x000000000000015b       0x39 Drivers/STM32F4xx_HAL_Driver/Src/stm32f4xx_ll_gpio.o
 .ARM.attributes
                0x0000000000000194       0x39 Drivers/STM32F4xx_HAL_Driver/Src/stm32f4xx_ll_rcc.o
 .ARM.attributes
                0x00000000000001cd       0x39 Drivers/STM32F4xx_HAL_Driver/Src/stm32f4xx_ll_tim.o
 .ARM.attributes
                0x0000000000000206       0x39 Drivers/STM32F4xx_HAL_Driver/Src/stm32f4xx_ll_usart.o
 .ARM.attributes
                0x000000000000023f       0x39 Drivers/STM32F4xx_HAL_Driver/Src/stm32f4xx_ll_utils.o
 .ARM.attributes
                0x0000000000000278       0x34 c:/st/stm32cubeide_1.3.0/stm32cubeide/plugins/com.st.stm32cube.ide.mcu.externaltools.gnu-tools-for-stm32.7-2018-q2-update.win32_1.0.0.201904181610/tools/bin/../lib/gcc/arm-none-eabi/7.3.1/../../../../arm-none-eabi/lib/thumb/v7e-m/fpv4-sp/hard\libc_nano.a(lib_a-init.o)
 .ARM.attributes
                0x00000000000002ac       0x34 c:/st/stm32cubeide_1.3.0/stm32cubeide/plugins/com.st.stm32cube.ide.mcu.externaltools.gnu-tools-for-stm32.7-2018-q2-update.win32_1.0.0.201904181610/tools/bin/../lib/gcc/arm-none-eabi/7.3.1/../../../../arm-none-eabi/lib/thumb/v7e-m/fpv4-sp/hard\libc_nano.a(lib_a-memset.o)
 .ARM.attributes
                0x00000000000002e0       0x22 c:/st/stm32cubeide_1.3.0/stm32cubeide/plugins/com.st.stm32cube.ide.mcu.externaltools.gnu-tools-for-stm32.7-2018-q2-update.win32_1.0.0.201904181610/tools/bin/../lib/gcc/arm-none-eabi/7.3.1/thumb/v7e-m/fpv4-sp/hard\libgcc.a(_aeabi_uldivmod.o)
 .ARM.attributes
                0x0000000000000302       0x34 c:/st/stm32cubeide_1.3.0/stm32cubeide/plugins/com.st.stm32cube.ide.mcu.externaltools.gnu-tools-for-stm32.7-2018-q2-update.win32_1.0.0.201904181610/tools/bin/../lib/gcc/arm-none-eabi/7.3.1/thumb/v7e-m/fpv4-sp/hard\libgcc.a(_udivmoddi4.o)
 .ARM.attributes
                0x0000000000000336       0x22 c:/st/stm32cubeide_1.3.0/stm32cubeide/plugins/com.st.stm32cube.ide.mcu.externaltools.gnu-tools-for-stm32.7-2018-q2-update.win32_1.0.0.201904181610/tools/bin/../lib/gcc/arm-none-eabi/7.3.1/thumb/v7e-m/fpv4-sp/hard\libgcc.a(_dvmd_tls.o)
 .ARM.attributes
                0x0000000000000358       0x22 c:/st/stm32cubeide_1.3.0/stm32cubeide/plugins/com.st.stm32cube.ide.mcu.externaltools.gnu-tools-for-stm32.7-2018-q2-update.win32_1.0.0.201904181610/tools/bin/../lib/gcc/arm-none-eabi/7.3.1/thumb/v7e-m/fpv4-sp/hard/crtn.o
OUTPUT(viewer.elf elf32-littlearm)

.debug_info     0x0000000000000000     0x6219
 .debug_info    0x0000000000000000     0x1ccd Core/Src/main.o
 .debug_info    0x0000000000001ccd      0x638 Core/Src/stm32f4xx_it.o
 .debug_info    0x0000000000002305      0x525 Core/Src/system_stm32f4xx.o
 .debug_info    0x000000000000282a       0x22 Core/Startup/startup_stm32f401retx.o
 .debug_info    0x000000000000284c      0x92d Drivers/STM32F4xx_HAL_Driver/Src/stm32f4xx_ll_adc.o
 .debug_info    0x0000000000003179      0x946 Drivers/STM32F4xx_HAL_Driver/Src/stm32f4xx_ll_gpio.o
 .debug_info    0x0000000000003abf      0x797 Drivers/STM32F4xx_HAL_Driver/Src/stm32f4xx_ll_rcc.o
 .debug_info    0x0000000000004256      0xf39 Drivers/STM32F4xx_HAL_Driver/Src/stm32f4xx_ll_tim.o
 .debug_info    0x000000000000518f      0x77b Drivers/STM32F4xx_HAL_Driver/Src/stm32f4xx_ll_usart.o
 .debug_info    0x000000000000590a      0x90f Drivers/STM32F4xx_HAL_Driver/Src/stm32f4xx_ll_utils.o

.debug_abbrev   0x0000000000000000     0x1129
 .debug_abbrev  0x0000000000000000      0x31c Core/Src/main.o
 .debug_abbrev  0x000000000000031c      0x1a0 Core/Src/stm32f4xx_it.o
 .debug_abbrev  0x00000000000004bc      0x111 Core/Src/system_stm32f4xx.o
 .debug_abbrev  0x00000000000005cd       0x12 Core/Startup/startup_stm32f401retx.o
 .debug_abbrev  0x00000000000005df      0x19e Drivers/STM32F4xx_HAL_Driver/Src/stm32f4xx_ll_adc.o
 .debug_abbrev  0x000000000000077d      0x212 Drivers/STM32F4xx_HAL_Driver/Src/stm32f4xx_ll_gpio.o
 .debug_abbrev  0x000000000000098f      0x1d2 Drivers/STM32F4xx_HAL_Driver/Src/stm32f4xx_ll_rcc.o
 .debug_abbrev  0x0000000000000b61      0x1ff Drivers/STM32F4xx_HAL_Driver/Src/stm32f4xx_ll_tim.o
 .debug_abbrev  0x0000000000000d60      0x1c9 Drivers/STM32F4xx_HAL_Driver/Src/stm32f4xx_ll_usart.o
 .debug_abbrev  0x0000000000000f29      0x200 Drivers/STM32F4xx_HAL_Driver/Src/stm32f4xx_ll_utils.o

.debug_aranges  0x0000000000000000      0x7f0
 .debug_aranges
                0x0000000000000000      0x208 Core/Src/main.o
 .debug_aranges
                0x0000000000000208       0xc0 Core/Src/stm32f4xx_it.o
 .debug_aranges
                0x00000000000002c8       0x28 Core/Src/system_stm32f4xx.o
 .debug_aranges
                0x00000000000002f0       0x28 Core/Startup/startup_stm32f401retx.o
 .debug_aranges
                0x0000000000000318       0xb0 Drivers/STM32F4xx_HAL_Driver/Src/stm32f4xx_ll_adc.o
 .debug_aranges
                0x00000000000003c8       0x70 Drivers/STM32F4xx_HAL_Driver/Src/stm32f4xx_ll_gpio.o
 .debug_aranges
                0x0000000000000438      0x110 Drivers/STM32F4xx_HAL_Driver/Src/stm32f4xx_ll_rcc.o
 .debug_aranges
                0x0000000000000548      0x128 Drivers/STM32F4xx_HAL_Driver/Src/stm32f4xx_ll_tim.o
 .debug_aranges
                0x0000000000000670       0x88 Drivers/STM32F4xx_HAL_Driver/Src/stm32f4xx_ll_usart.o
 .debug_aranges
                0x00000000000006f8       0xf8 Drivers/STM32F4xx_HAL_Driver/Src/stm32f4xx_ll_utils.o

.debug_ranges   0x0000000000000000      0x758
 .debug_ranges  0x0000000000000000      0x1f8 Core/Src/main.o
 .debug_ranges  0x00000000000001f8       0xb0 Core/Src/stm32f4xx_it.o
 .debug_ranges  0x00000000000002a8       0x18 Core/Src/system_stm32f4xx.o
 .debug_ranges  0x00000000000002c0       0x20 Core/Startup/startup_stm32f401retx.o
 .debug_ranges  0x00000000000002e0       0xa0 Drivers/STM32F4xx_HAL_Driver/Src/stm32f4xx_ll_adc.o
 .debug_ranges  0x0000000000000380       0x60 Drivers/STM32F4xx_HAL_Driver/Src/stm32f4xx_ll_gpio.o
 .debug_ranges  0x00000000000003e0      0x100 Drivers/STM32F4xx_HAL_Driver/Src/stm32f4xx_ll_rcc.o
 .debug_ranges  0x00000000000004e0      0x118 Drivers/STM32F4xx_HAL_Driver/Src/stm32f4xx_ll_tim.o
 .debug_ranges  0x00000000000005f8       0x78 Drivers/STM32F4xx_HAL_Driver/Src/stm32f4xx_ll_usart.o
 .debug_ranges  0x0000000000000670       0xe8 Drivers/STM32F4xx_HAL_Driver/Src/stm32f4xx_ll_utils.o

.debug_macro    0x0000000000000000    0x118b7
 .debug_macro   0x0000000000000000      0x14f Core/Src/main.o
 .debug_macro   0x000000000000014f      0xa9c Core/Src/main.o
 .debug_macro   0x0000000000000beb       0x32 Core/Src/main.o
 .debug_macro   0x0000000000000c1d       0x28 Core/Src/main.o
 .debug_macro   0x0000000000000c45       0x22 Core/Src/main.o
 .debug_macro   0x0000000000000c67       0x8e Core/Src/main.o
 .debug_macro   0x0000000000000cf5       0x51 Core/Src/main.o
 .debug_macro   0x0000000000000d46       0xef Core/Src/main.o
 .debug_macro   0x0000000000000e35       0x6a Core/Src/main.o
 .debug_macro   0x0000000000000e9f      0x1df Core/Src/main.o
 .debug_macro   0x000000000000107e       0x1c Core/Src/main.o
 .debug_macro   0x000000000000109a       0x22 Core/Src/main.o
 .debug_macro   0x00000000000010bc       0xdf Core/Src/main.o
 .debug_macro   0x000000000000119b     0x102d Core/Src/main.o
 .debug_macro   0x00000000000021c8      0x11f Core/Src/main.o
 .debug_macro   0x00000000000022e7     0xb850 Core/Src/main.o
 .debug_macro   0x000000000000db37       0x43 Core/Src/main.o
 .debug_macro   0x000000000000db7a      0x9d4 Core/Src/main.o
 .debug_macro   0x000000000000e54e      0x1e6 Core/Src/main.o
 .debug_macro   0x000000000000e734      0x788 Core/Src/main.o
 .debug_macro   0x000000000000eebc      0x116 Core/Src/main.o
 .debug_macro   0x000000000000efd2      0x1ab Core/Src/main.o
 .debug_macro   0x000000000000f17d       0xe8 Core/Src/main.o
 .debug_macro   0x000000000000f265      0x1a8 Core/Src/main.o
 .debug_macro   0x000000000000f40d       0x61 Core/Src/main.o
 .debug_macro   0x000000000000f46e       0xbd Core/Src/main.o
 .debug_macro   0x000000000000f52b      0x5f3 Core/Src/main.o
 .debug_macro   0x000000000000fb1e      0x1bb Core/Src/main.o
 .debug_macro   0x000000000000fcd9      0x149 Core/Src/main.o
 .debug_macro   0x000000000000fe22       0x22 Core/Src/main.o
 .debug_macro   0x000000000000fe44      0x159 Core/Src/stm32f4xx_it.o
 .debug_macro   0x000000000000ff9d       0xd4 Core/Src/system_stm32f4xx.o
 .debug_macro   0x0000000000010071      0x152 Drivers/STM32F4xx_HAL_Driver/Src/stm32f4xx_ll_adc.o
 .debug_macro   0x00000000000101c3      0x110 Drivers/STM32F4xx_HAL_Driver/Src/stm32f4xx_ll_gpio.o
 .debug_macro   0x00000000000102d3      0x143 Drivers/STM32F4xx_HAL_Driver/Src/stm32f4xx_ll_gpio.o
 .debug_macro   0x0000000000010416       0xf5 Drivers/STM32F4xx_HAL_Driver/Src/stm32f4xx_ll_rcc.o
 .debug_macro   0x000000000001050b      0x782 Drivers/STM32F4xx_HAL_Driver/Src/stm32f4xx_ll_rcc.o
 .debug_macro   0x0000000000010c8d      0x159 Drivers/STM32F4xx_HAL_Driver/Src/stm32f4xx_ll_tim.o
 .debug_macro   0x0000000000010de6      0x5ed Drivers/STM32F4xx_HAL_Driver/Src/stm32f4xx_ll_tim.o
 .debug_macro   0x00000000000113d3      0x143 Drivers/STM32F4xx_HAL_Driver/Src/stm32f4xx_ll_usart.o
 .debug_macro   0x0000000000011516      0x1b5 Drivers/STM32F4xx_HAL_Driver/Src/stm32f4xx_ll_usart.o
 .debug_macro   0x00000000000116cb      0x191 Drivers/STM32F4xx_HAL_Driver/Src/stm32f4xx_ll_utils.o
 .debug_macro   0x000000000001185c       0x5b Drivers/STM32F4xx_HAL_Driver/Src/stm32f4xx_ll_utils.o

.debug_line     0x0000000000000000     0x432a
 .debug_line    0x0000000000000000      0xc03 Core/Src/main.o
 .debug_line    0x0000000000000c03      0x758 Core/Src/stm32f4xx_it.o
 .debug_line    0x000000000000135b      0x486 Core/Src/system_stm32f4xx.o
 .debug_line    0x00000000000017e1       0x86 Core/Startup/startup_stm32f401retx.o
 .debug_line    0x0000000000001867      0x67f Drivers/STM32F4xx_HAL_Driver/Src/stm32f4xx_ll_adc.o
 .debug_line    0x0000000000001ee6      0x692 Drivers/STM32F4xx_HAL_Driver/Src/stm32f4xx_ll_gpio.o
 .debug_line    0x0000000000002578      0x756 Drivers/STM32F4xx_HAL_Driver/Src/stm32f4xx_ll_rcc.o
 .debug_line    0x0000000000002cce      0x88f Drivers/STM32F4xx_HAL_Driver/Src/stm32f4xx_ll_tim.o
 .debug_line    0x000000000000355d      0x628 Drivers/STM32F4xx_HAL_Driver/Src/stm32f4xx_ll_usart.o
 .debug_line    0x0000000000003b85      0x7a5 Drivers/STM32F4xx_HAL_Driver/Src/stm32f4xx_ll_utils.o

.debug_str      0x0000000000000000    0x68fd3
 .debug_str     0x0000000000000000    0x637d5 Core/Src/main.o
                                      0x63ad7 (size before relaxing)
 .debug_str     0x00000000000637d5      0x19c Core/Src/stm32f4xx_it.o
                                      0x62c95 (size before relaxing)
 .debug_str     0x0000000000063971       0x70 Core/Src/system_stm32f4xx.o
                                      0x4f21e (size before relaxing)
 .debug_str     0x00000000000639e1       0x36 Core/Startup/startup_stm32f401retx.o
                                         0x85 (size before relaxing)
 .debug_str     0x0000000000063a17     0x1af9 Drivers/STM32F4xx_HAL_Driver/Src/stm32f4xx_ll_adc.o
                                      0x5848b (size before relaxing)
 .debug_str     0x0000000000065510      0x65d Drivers/STM32F4xx_HAL_Driver/Src/stm32f4xx_ll_gpio.o
                                      0x50706 (size before relaxing)
 .debug_str     0x0000000000065b6d      0x474 Drivers/STM32F4xx_HAL_Driver/Src/stm32f4xx_ll_rcc.o
                                      0x536e4 (size before relaxing)
 .debug_str     0x0000000000065fe1     0x1276 Drivers/STM32F4xx_HAL_Driver/Src/stm32f4xx_ll_tim.o
                                      0x53e0a (size before relaxing)
 .debug_str     0x0000000000067257      0x825 Drivers/STM32F4xx_HAL_Driver/Src/stm32f4xx_ll_usart.o
                                      0x550a9 (size before relaxing)
 .debug_str     0x0000000000067a7c     0x1557 Drivers/STM32F4xx_HAL_Driver/Src/stm32f4xx_ll_utils.o
                                      0x55bd9 (size before relaxing)

.comment        0x0000000000000000       0x7b
 .comment       0x0000000000000000       0x7b Core/Src/main.o
                                         0x7c (size before relaxing)
 .comment       0x000000000000007b       0x7c Core/Src/stm32f4xx_it.o
 .comment       0x000000000000007b       0x7c Core/Src/system_stm32f4xx.o
 .comment       0x000000000000007b       0x7c Drivers/STM32F4xx_HAL_Driver/Src/stm32f4xx_ll_adc.o
 .comment       0x000000000000007b       0x7c Drivers/STM32F4xx_HAL_Driver/Src/stm32f4xx_ll_gpio.o
 .comment       0x000000000000007b       0x7c Drivers/STM32F4xx_HAL_Driver/Src/stm32f4xx_ll_rcc.o
 .comment       0x000000000000007b       0x7c Drivers/STM32F4xx_HAL_Driver/Src/stm32f4xx_ll_tim.o
 .comment       0x000000000000007b       0x7c Drivers/STM32F4xx_HAL_Driver/Src/stm32f4xx_ll_usart.o
 .comment       0x000000000000007b       0x7c Drivers/STM32F4xx_HAL_Driver/Src/stm32f4xx_ll_utils.o

.debug_frame    0x0000000000000000     0x2188
 .debug_frame   0x0000000000000000      0x958 Core/Src/main.o
 .debug_frame   0x0000000000000958      0x2d0 Core/Src/stm32f4xx_it.o
 .debug_frame   0x0000000000000c28       0x58 Core/Src/system_stm32f4xx.o
 .debug_frame   0x0000000000000c80      0x2f0 Drivers/STM32F4xx_HAL_Driver/Src/stm32f4xx_ll_adc.o
 .debug_frame   0x0000000000000f70      0x1c0 Drivers/STM32F4xx_HAL_Driver/Src/stm32f4xx_ll_gpio.o
 .debug_frame   0x0000000000001130      0x43c Drivers/STM32F4xx_HAL_Driver/Src/stm32f4xx_ll_rcc.o
 .debug_frame   0x000000000000156c      0x538 Drivers/STM32F4xx_HAL_Driver/Src/stm32f4xx_ll_tim.o
 .debug_frame   0x0000000000001aa4      0x240 Drivers/STM32F4xx_HAL_Driver/Src/stm32f4xx_ll_usart.o
 .debug_frame   0x0000000000001ce4      0x3f8 Drivers/STM32F4xx_HAL_Driver/Src/stm32f4xx_ll_utils.o
 .debug_frame   0x00000000000020dc       0x2c c:/st/stm32cubeide_1.3.0/stm32cubeide/plugins/com.st.stm32cube.ide.mcu.externaltools.gnu-tools-for-stm32.7-2018-q2-update.win32_1.0.0.201904181610/tools/bin/../lib/gcc/arm-none-eabi/7.3.1/../../../../arm-none-eabi/lib/thumb/v7e-m/fpv4-sp/hard\libc_nano.a(lib_a-init.o)
 .debug_frame   0x0000000000002108       0x20 c:/st/stm32cubeide_1.3.0/stm32cubeide/plugins/com.st.stm32cube.ide.mcu.externaltools.gnu-tools-for-stm32.7-2018-q2-update.win32_1.0.0.201904181610/tools/bin/../lib/gcc/arm-none-eabi/7.3.1/../../../../arm-none-eabi/lib/thumb/v7e-m/fpv4-sp/hard\libc_nano.a(lib_a-memset.o)
 .debug_frame   0x0000000000002128       0x2c c:/st/stm32cubeide_1.3.0/stm32cubeide/plugins/com.st.stm32cube.ide.mcu.externaltools.gnu-tools-for-stm32.7-2018-q2-update.win32_1.0.0.201904181610/tools/bin/../lib/gcc/arm-none-eabi/7.3.1/thumb/v7e-m/fpv4-sp/hard\libgcc.a(_aeabi_uldivmod.o)
 .debug_frame   0x0000000000002154       0x34 c:/st/stm32cubeide_1.3.0/stm32cubeide/plugins/com.st.stm32cube.ide.mcu.externaltools.gnu-tools-for-stm32.7-2018-q2-update.win32_1.0.0.201904181610/tools/bin/../lib/gcc/arm-none-eabi/7.3.1/thumb/v7e-m/fpv4-sp/hard\libgcc.a(_udivmoddi4.o)
