core_cm4.h:1657:22:__NVIC_SetPriorityGrouping	24	static
core_cm4.h:1676:26:__NVIC_GetPriorityGrouping	4	static
core_cm4.h:1688:22:__NVIC_EnableIRQ	16	static
core_cm4.h:1816:22:__NVIC_SetPriority	16	static
core_cm4.h:1863:26:NVIC_EncodePriority	40	static
stm32f4xx_ll_adc.h:2454:22:LL_ADC_REG_SetSequencerRanks	32	static,ignoring_inline_asm
stm32f4xx_ll_adc.h:2686:22:LL_ADC_REG_SetFlagEndOfConversion	16	static
stm32f4xx_ll_adc.h:3240:22:LL_ADC_SetChannelSamplingTime	48	static,ignoring_inline_asm
stm32f4xx_ll_adc.h:3903:22:LL_ADC_REG_StartConversionExtTrig	16	static
stm32f4xx_ll_adc.h:4589:22:LL_ADC_DisableIT_EOCS	16	static
stm32f4xx_ll_dma.h:485:22:LL_DMA_EnableStream	16	static
stm32f4xx_ll_dma.h:586:22:LL_DMA_SetDataTransferDirection	24	static
stm32f4xx_ll_dma.h:634:22:LL_DMA_SetMode	24	static
stm32f4xx_ll_dma.h:681:22:LL_DMA_SetPeriphIncMode	24	static
stm32f4xx_ll_dma.h:726:22:LL_DMA_SetMemoryIncMode	24	static
stm32f4xx_ll_dma.h:772:22:LL_DMA_SetPeriphSize	24	static
stm32f4xx_ll_dma.h:819:22:LL_DMA_SetMemorySize	24	static
stm32f4xx_ll_dma.h:912:22:LL_DMA_SetStreamPriorityLevel	24	static
stm32f4xx_ll_dma.h:959:22:LL_DMA_SetDataLength	24	static
stm32f4xx_ll_dma.h:1010:22:LL_DMA_SetChannelSelection	24	static
stm32f4xx_ll_dma.h:1267:22:LL_DMA_DisableFifoMode	16	static
stm32f4xx_ll_dma.h:1427:22:LL_DMA_SetMemoryAddress	24	static
stm32f4xx_ll_dma.h:1450:22:LL_DMA_SetPeriphAddress	24	static
stm32f4xx_ll_dma.h:2577:22:LL_DMA_EnableIT_TC	16	static
stm32f4xx_ll_rcc.h:2989:22:LL_RCC_HSI_Enable	4	static
stm32f4xx_ll_rcc.h:3009:26:LL_RCC_HSI_IsReady	4	static
stm32f4xx_ll_rcc.h:3035:22:LL_RCC_HSI_SetCalibTrimming	16	static
stm32f4xx_ll_rcc.h:3190:22:LL_RCC_SetSysClkSource	16	static
stm32f4xx_ll_rcc.h:3206:26:LL_RCC_GetSysClkSource	4	static
stm32f4xx_ll_rcc.h:3226:22:LL_RCC_SetAHBPrescaler	16	static
stm32f4xx_ll_rcc.h:3242:22:LL_RCC_SetAPB1Prescaler	16	static
stm32f4xx_ll_rcc.h:3258:22:LL_RCC_SetAPB2Prescaler	16	static
stm32f4xx_ll_rcc.h:4155:22:LL_RCC_SetTIMPrescaler	16	static
stm32f4xx_ll_rcc.h:4186:22:LL_RCC_PLL_Enable	4	static
stm32f4xx_ll_rcc.h:4207:26:LL_RCC_PLL_IsReady	4	static
stm32f4xx_ll_rcc.h:4306:22:LL_RCC_PLL_ConfigDomain_SYS	24	static
stm32f4xx_ll_bus.h:411:22:LL_AHB1_GRP1_EnableClock	24	static
stm32f4xx_ll_bus.h:1187:22:LL_APB1_GRP1_EnableClock	24	static
stm32f4xx_ll_bus.h:1706:22:LL_APB2_GRP1_EnableClock	24	static
stm32f4xx_ll_system.h:1412:22:LL_DBGMCU_APB1_GRP1_FreezePeriph	16	static
stm32f4xx_ll_system.h:1542:22:LL_FLASH_SetLatency	16	static
stm32f4xx_ll_system.h:1568:26:LL_FLASH_GetLatency	4	static
stm32f4xx_ll_cortex.h:244:22:LL_SYSTICK_SetClkSource	16	static
stm32f4xx_ll_pwr.h:507:22:LL_PWR_SetRegulVoltageScaling	16	static
stm32f4xx_ll_tim.h:1222:22:LL_TIM_EnableARRPreload	16	static
stm32f4xx_ll_tim.h:1838:22:LL_TIM_OC_DisableFast	24	static
stm32f4xx_ll_tim.h:2605:22:LL_TIM_SetClockSource	16	static
stm32f4xx_ll_tim.h:2651:22:LL_TIM_SetTriggerOutput	16	static
stm32f4xx_ll_tim.h:2717:22:LL_TIM_DisableMasterSlaveMode	16	static
stm32f4xx_ll_usart.h:409:22:LL_USART_Enable	16	static
stm32f4xx_ll_usart.h:1478:22:LL_USART_ConfigAsyncMode	16	static
stm32f4xx_ll_usart.h:1802:26:LL_USART_IsActiveFlag_TC	16	static
stm32f4xx_ll_usart.h:2425:22:LL_USART_TransmitData8	16	static
stm32f4xx_ll_gpio.h:912:22:LL_GPIO_ResetOutputPin	16	static
main.c:75:5:main	16	static
main.c:168:6:SystemClock_Config	8	static
main.c:214:13:MX_ADC1_Init	72	static
main.c:295:13:MX_TIM2_Init	88	static
main.c:351:13:MX_USART2_UART_Init	64	static
main.c:425:13:MX_DMA_Init	8	static
main.c:448:13:MX_GPIO_Init	32	static
main.c:477:6:Error_Handler	4	static
