stm32f4xx_ll_dma.h:485:22:LL_DMA_EnableStream	16	static
stm32f4xx_ll_dma.h:959:22:LL_DMA_SetDataLength	24	static
stm32f4xx_ll_dma.h:1728:26:LL_DMA_IsActiveFlag_TC0	16	static
stm32f4xx_ll_dma.h:1794:26:LL_DMA_IsActiveFlag_TC6	16	static
stm32f4xx_ll_dma.h:2080:22:LL_DMA_ClearFlag_HT0	16	static
stm32f4xx_ll_dma.h:2146:22:LL_DMA_ClearFlag_HT6	16	static
stm32f4xx_ll_dma.h:2168:22:LL_DMA_ClearFlag_TC0	16	static
stm32f4xx_ll_dma.h:2234:22:LL_DMA_ClearFlag_TC6	16	static
stm32f4xx_ll_usart.h:2348:22:LL_USART_EnableDMAReq_TX	16	static
stm32f4xx_it.c:71:6:NMI_Handler	4	static
stm32f4xx_it.c:84:6:HardFault_Handler	4	static
stm32f4xx_it.c:99:6:MemManage_Handler	4	static
stm32f4xx_it.c:114:6:BusFault_Handler	4	static
stm32f4xx_it.c:129:6:UsageFault_Handler	4	static
stm32f4xx_it.c:144:6:SVC_Handler	4	static
stm32f4xx_it.c:157:6:DebugMon_Handler	4	static
stm32f4xx_it.c:170:6:PendSV_Handler	4	static
stm32f4xx_it.c:183:6:SysTick_Handler	4	static
stm32f4xx_it.c:204:6:DMA1_Stream6_IRQHandler	8	static
stm32f4xx_it.c:229:6:USART2_IRQHandler	4	static
stm32f4xx_it.c:248:6:DMA2_Stream0_IRQHandler	8	static
