core_cm4.h:1657:22:__NVIC_SetPriorityGrouping	24	static
core_cm4.h:1816:22:__NVIC_SetPriority	16	static
core_cm4.h:2022:26:SysTick_Config	16	static
stm32f4xx_ll_rcc.h:2989:22:LL_RCC_HSI_Enable	4	static
stm32f4xx_ll_rcc.h:3009:26:LL_RCC_HSI_IsReady	4	static
stm32f4xx_ll_rcc.h:3035:22:LL_RCC_HSI_SetCalibTrimming	16	static
stm32f4xx_ll_rcc.h:3190:22:LL_RCC_SetSysClkSource	16	static
stm32f4xx_ll_rcc.h:3206:26:LL_RCC_GetSysClkSource	4	static
stm32f4xx_ll_rcc.h:3226:22:LL_RCC_SetAHBPrescaler	16	static
stm32f4xx_ll_rcc.h:3242:22:LL_RCC_SetAPB1Prescaler	16	static
stm32f4xx_ll_rcc.h:3258:22:LL_RCC_SetAPB2Prescaler	16	static
stm32f4xx_ll_rcc.h:4155:22:LL_RCC_SetTIMPrescaler	16	static
stm32f4xx_ll_rcc.h:4186:22:LL_RCC_PLL_Enable	4	static
stm32f4xx_ll_rcc.h:4207:26:LL_RCC_PLL_IsReady	4	static
stm32f4xx_ll_rcc.h:4306:22:LL_RCC_PLL_ConfigDomain_SYS	24	static
stm32f4xx_ll_bus.h:411:22:LL_AHB1_GRP1_EnableClock	24	static
stm32f4xx_ll_bus.h:1187:22:LL_APB1_GRP1_EnableClock	24	static
stm32f4xx_ll_bus.h:1706:22:LL_APB2_GRP1_EnableClock	24	static
stm32f4xx_ll_system.h:1542:22:LL_FLASH_SetLatency	16	static
stm32f4xx_ll_system.h:1568:26:LL_FLASH_GetLatency	4	static
stm32f4xx_ll_pwr.h:507:22:LL_PWR_SetRegulVoltageScaling	16	static
stm32f4xx_ll_tim.h:1233:22:LL_TIM_DisableARRPreload	16	static
stm32f4xx_ll_tim.h:1838:22:LL_TIM_OC_DisableFast	24	static
stm32f4xx_ll_tim.h:2605:22:LL_TIM_SetClockSource	16	static
stm32f4xx_ll_tim.h:2651:22:LL_TIM_SetTriggerOutput	16	static
stm32f4xx_ll_tim.h:2717:22:LL_TIM_DisableMasterSlaveMode	16	static
stm32f4xx_ll_gpio.h:911:22:LL_GPIO_ResetOutputPin	16	static
main.c:66:5:main	8	static
main.c:126:6:SystemClock_Config	8	static
main.c:171:13:MX_TIM3_Init	88	static
main.c:227:13:MX_GPIO_Init	32	static
main.c:255:6:Error_Handler	4	static
