11:30:08 **** Incremental Build of configuration Debug for project lab7_ex1.2_project ****
make -j8 all 
arm-none-eabi-gcc "../Core/Src/main.c" -mcpu=cortex-m4 -std=gnu11 -g3 '-DLSI_VALUE=32000' -DSTM32F401xE '-DHSE_STARTUP_TIMEOUT=100' '-DHSI_VALUE=16000000' -DDEBUG '-DLSE_STARTUP_TIMEOUT=5000' '-DLSE_VALUE=32768' '-DDATA_CACHE_ENABLE=1' '-DEXTERNAL_CLOCK_VALUE=12288000' '-DVDD_VALUE=3300' '-DINSTRUCTION_CACHE_ENABLE=1' '-DHSE_VALUE=25000000' -DUSE_FULL_LL_DRIVER '-DPREFETCH_ENABLE=1' -c -I../Drivers/CMSIS/Include -I../Drivers/STM32F4xx_HAL_Driver/Inc -I../Core/Inc -I../Drivers/CMSIS/Device/ST/STM32F4xx/Include -O0 -ffunction-sections -fdata-sections -Wall -fstack-usage -MMD -MP -MF"Core/Src/main.d" -MT"Core/Src/main.o" --specs=nano.specs -mfpu=fpv4-sp-d16 -mfloat-abi=hard -mthumb -o "Core/Src/main.o"
arm-none-eabi-gcc -o "lab7_ex1.2_project.elf" @"objects.list"   -mcpu=cortex-m4 -T"D:\POLITO\3rd year\digital systema electronics\STM32\lab7_ex1.2\lab7_ex1.2_project\STM32F401RETX_FLASH.ld" --specs=nosys.specs -Wl,-Map="lab7_ex1.2_project.map" -Wl,--gc-sections -static --specs=nano.specs -mfpu=fpv4-sp-d16 -mfloat-abi=hard -mthumb -Wl,--start-group -lc -lm -Wl,--end-group
Finished building target: lab7_ex1.2_project.elf
 
arm-none-eabi-size   lab7_ex1.2_project.elf 
arm-none-eabi-objdump -h -S  lab7_ex1.2_project.elf  > "lab7_ex1.2_project.list"
arm-none-eabi-objcopy  -O binary  lab7_ex1.2_project.elf  "lab7_ex1.2_project.bin"
   text	   data	    bss	    dec	    hex	filename
   2680	     12	   1564	   4256	   10a0	lab7_ex1.2_project.elf
Finished building: default.size.stdout
 
Finished building: lab7_ex1.2_project.bin
Finished building: lab7_ex1.2_project.list
 
 
11:42:22 **** Incremental Build of configuration Debug for project lab7_ex1.3_project ****
make -j8 all 
arm-none-eabi-gcc "../Core/Src/main.c" -mcpu=cortex-m4 -std=gnu11 -g3 '-DLSI_VALUE=32000' -DSTM32F401xE '-DHSE_STARTUP_TIMEOUT=100' '-DHSI_VALUE=16000000' -DDEBUG '-DLSE_STARTUP_TIMEOUT=5000' '-DLSE_VALUE=32768' '-DDATA_CACHE_ENABLE=1' '-DEXTERNAL_CLOCK_VALUE=12288000' '-DVDD_VALUE=3300' '-DINSTRUCTION_CACHE_ENABLE=1' '-DHSE_VALUE=25000000' -DUSE_FULL_LL_DRIVER '-DPREFETCH_ENABLE=1' -c -I../Drivers/CMSIS/Include -I../Drivers/STM32F4xx_HAL_Driver/Inc -I../Core/Inc -I../Drivers/CMSIS/Device/ST/STM32F4xx/Include -O0 -ffunction-sections -fdata-sections -Wall -fstack-usage -MMD -MP -MF"Core/Src/main.d" -MT"Core/Src/main.o" --specs=nano.specs -mfpu=fpv4-sp-d16 -mfloat-abi=hard -mthumb -o "Core/Src/main.o"
../Core/Src/main.c: In function 'main':
../Core/Src/main.c:98:3: error: 'LL' undeclared (first use in this function)
   LL-GPIO_WriteReg(GPIOA , ODR, LL_GPIO_ReadReg(GPIOA,ODR) | 0x20);
   ^~
../Core/Src/main.c:98:3: note: each undeclared identifier is reported only once for each function it appears in
../Core/Src/main.c:98:6: warning: implicit declaration of function 'GPIO_WriteReg'; did you mean 'LL_GPIO_WriteReg'? [-Wimplicit-function-declaration]
   LL-GPIO_WriteReg(GPIOA , ODR, LL_GPIO_ReadReg(GPIOA,ODR) | 0x20);
      ^~~~~~~~~~~~~
      LL_GPIO_WriteReg
../Core/Src/main.c:98:28: error: 'ODR' undeclared (first use in this function)
   LL-GPIO_WriteReg(GPIOA , ODR, LL_GPIO_ReadReg(GPIOA,ODR) | 0x20);
                            ^~~
make: *** [Core/Src/subdir.mk:30: Core/Src/main.o] Error 1
"make -j8 all" terminated with exit code 2. Build might be incomplete.
11:43:58 **** Incremental Build of configuration Debug for project lab7_ex1.3_project ****
make -j8 all 
arm-none-eabi-gcc "../Core/Src/main.c" -mcpu=cortex-m4 -std=gnu11 -g3 '-DLSI_VALUE=32000' -DSTM32F401xE '-DHSE_STARTUP_TIMEOUT=100' '-DHSI_VALUE=16000000' -DDEBUG '-DLSE_STARTUP_TIMEOUT=5000' '-DLSE_VALUE=32768' '-DDATA_CACHE_ENABLE=1' '-DEXTERNAL_CLOCK_VALUE=12288000' '-DVDD_VALUE=3300' '-DINSTRUCTION_CACHE_ENABLE=1' '-DHSE_VALUE=25000000' -DUSE_FULL_LL_DRIVER '-DPREFETCH_ENABLE=1' -c -I../Drivers/CMSIS/Include -I../Drivers/STM32F4xx_HAL_Driver/Inc -I../Core/Inc -I../Drivers/CMSIS/Device/ST/STM32F4xx/Include -O0 -ffunction-sections -fdata-sections -Wall -fstack-usage -MMD -MP -MF"Core/Src/main.d" -MT"Core/Src/main.o" --specs=nano.specs -mfpu=fpv4-sp-d16 -mfloat-abi=hard -mthumb -o "Core/Src/main.o"
arm-none-eabi-gcc -o "lab7_ex1.3_project.elf" @"objects.list"   -mcpu=cortex-m4 -T"D:\POLITO\3rd year\digital systema electronics\STM32\lab7_ex1.3\lab7_ex1.3_project\STM32F401RETX_FLASH.ld" --specs=nosys.specs -Wl,-Map="lab7_ex1.3_project.map" -Wl,--gc-sections -static --specs=nano.specs -mfpu=fpv4-sp-d16 -mfloat-abi=hard -mthumb -Wl,--start-group -lc -lm -Wl,--end-group
Finished building target: lab7_ex1.3_project.elf
 
arm-none-eabi-size   lab7_ex1.3_project.elf 
arm-none-eabi-objdump -h -S  lab7_ex1.3_project.elf  > "lab7_ex1.3_project.list"
arm-none-eabi-objcopy  -O binary  lab7_ex1.3_project.elf  "lab7_ex1.3_project.bin"
   text	   data	    bss	    dec	    hex	filename
   2740	     12	   1564	   4316	   10dc	lab7_ex1.3_project.elf
Finished building: default.size.stdout
 
Finished building: lab7_ex1.3_project.bin
Finished building: lab7_ex1.3_project.list
 
 
11:44:20 **** Incremental Build of configuration Debug for project lab7_ex1.3_project ****
make -j8 all 
arm-none-eabi-size   lab7_ex1.3_project.elf 
   text	   data	    bss	    dec	    hex	filename
   2740	     12	   1564	   4316	   10dc	lab7_ex1.3_project.elf
Finished building: default.size.stdout
 
11:46:32 **** Incremental Build of configuration Debug for project lab7_ex1.3_project ****
make -j8 all 
arm-none-eabi-gcc "../Core/Src/main.c" -mcpu=cortex-m4 -std=gnu11 -g3 '-DLSI_VALUE=32000' -DSTM32F401xE '-DHSE_STARTUP_TIMEOUT=100' '-DHSI_VALUE=16000000' -DDEBUG '-DLSE_STARTUP_TIMEOUT=5000' '-DLSE_VALUE=32768' '-DDATA_CACHE_ENABLE=1' '-DEXTERNAL_CLOCK_VALUE=12288000' '-DVDD_VALUE=3300' '-DINSTRUCTION_CACHE_ENABLE=1' '-DHSE_VALUE=25000000' -DUSE_FULL_LL_DRIVER '-DPREFETCH_ENABLE=1' -c -I../Drivers/CMSIS/Include -I../Drivers/STM32F4xx_HAL_Driver/Inc -I../Core/Inc -I../Drivers/CMSIS/Device/ST/STM32F4xx/Include -O0 -ffunction-sections -fdata-sections -Wall -fstack-usage -MMD -MP -MF"Core/Src/main.d" -MT"Core/Src/main.o" --specs=nano.specs -mfpu=fpv4-sp-d16 -mfloat-abi=hard -mthumb -o "Core/Src/main.o"
arm-none-eabi-gcc -o "lab7_ex1.3_project.elf" @"objects.list"   -mcpu=cortex-m4 -T"D:\POLITO\3rd year\digital systema electronics\STM32\lab7_ex1.3\lab7_ex1.3_project\STM32F401RETX_FLASH.ld" --specs=nosys.specs -Wl,-Map="lab7_ex1.3_project.map" -Wl,--gc-sections -static --specs=nano.specs -mfpu=fpv4-sp-d16 -mfloat-abi=hard -mthumb -Wl,--start-group -lc -lm -Wl,--end-group
Finished building target: lab7_ex1.3_project.elf
 
arm-none-eabi-objdump -h -S  lab7_ex1.3_project.elf  > "lab7_ex1.3_project.list"
arm-none-eabi-objcopy  -O binary  lab7_ex1.3_project.elf  "lab7_ex1.3_project.bin"
arm-none-eabi-size   lab7_ex1.3_project.elf 
   text	   data	    bss	    dec	    hex	filename
   2740	     12	   1564	   4316	   10dc	lab7_ex1.3_project.elf
Finished building: default.size.stdout
 
Finished building: lab7_ex1.3_project.bin
Finished building: lab7_ex1.3_project.list
 
 
11:46:38 **** Incremental Build of configuration Debug for project lab7_ex1.3_project ****
make -j8 all 
arm-none-eabi-size   lab7_ex1.3_project.elf 
   text	   data	    bss	    dec	    hex	filename
   2740	     12	   1564	   4316	   10dc	lab7_ex1.3_project.elf
Finished building: default.size.stdout
 
12:01:06 **** Incremental Build of configuration Debug for project lab7_ex1.3_project ****
make -j8 all 
arm-none-eabi-gcc "../Core/Src/main.c" -mcpu=cortex-m4 -std=gnu11 -g3 '-DLSI_VALUE=32000' -DSTM32F401xE '-DHSE_STARTUP_TIMEOUT=100' '-DHSI_VALUE=16000000' -DDEBUG '-DLSE_STARTUP_TIMEOUT=5000' '-DLSE_VALUE=32768' '-DDATA_CACHE_ENABLE=1' '-DEXTERNAL_CLOCK_VALUE=12288000' '-DVDD_VALUE=3300' '-DINSTRUCTION_CACHE_ENABLE=1' '-DHSE_VALUE=25000000' -DUSE_FULL_LL_DRIVER '-DPREFETCH_ENABLE=1' -c -I../Drivers/CMSIS/Include -I../Drivers/STM32F4xx_HAL_Driver/Inc -I../Core/Inc -I../Drivers/CMSIS/Device/ST/STM32F4xx/Include -O0 -ffunction-sections -fdata-sections -Wall -fstack-usage -MMD -MP -MF"Core/Src/main.d" -MT"Core/Src/main.o" --specs=nano.specs -mfpu=fpv4-sp-d16 -mfloat-abi=hard -mthumb -o "Core/Src/main.o"
../Core/Src/main.c: In function 'main':
../Core/Src/main.c:100:7: warning: unused variable 'i' [-Wunused-variable]
   int i;
       ^
arm-none-eabi-gcc -o "lab7_ex1.3_project.elf" @"objects.list"   -mcpu=cortex-m4 -T"D:\POLITO\3rd year\digital systema electronics\STM32\lab7_ex1.3\lab7_ex1.3_project\STM32F401RETX_FLASH.ld" --specs=nosys.specs -Wl,-Map="lab7_ex1.3_project.map" -Wl,--gc-sections -static --specs=nano.specs -mfpu=fpv4-sp-d16 -mfloat-abi=hard -mthumb -Wl,--start-group -lc -lm -Wl,--end-group
Finished building target: lab7_ex1.3_project.elf
 
arm-none-eabi-objdump -h -S  lab7_ex1.3_project.elf  > "lab7_ex1.3_project.list"
arm-none-eabi-objcopy  -O binary  lab7_ex1.3_project.elf  "lab7_ex1.3_project.bin"
arm-none-eabi-size   lab7_ex1.3_project.elf 
   text	   data	    bss	    dec	    hex	filename
   2792	     12	   1564	   4368	   1110	lab7_ex1.3_project.elf
Finished building: default.size.stdout
 
Finished building: lab7_ex1.3_project.bin
Finished building: lab7_ex1.3_project.list
 
 
12:01:27 **** Incremental Build of configuration Debug for project lab7_ex1.3_project ****
make -j8 all 
arm-none-eabi-size   lab7_ex1.3_project.elf 
   text	   data	    bss	    dec	    hex	filename
   2792	     12	   1564	   4368	   1110	lab7_ex1.3_project.elf
Finished building: default.size.stdout
 
12:07:35 **** Incremental Build of configuration Debug for project lab7_ex1.3_project ****
make -j8 all 
arm-none-eabi-gcc "../Core/Src/main.c" -mcpu=cortex-m4 -std=gnu11 -g3 '-DLSI_VALUE=32000' -DSTM32F401xE '-DHSE_STARTUP_TIMEOUT=100' '-DHSI_VALUE=16000000' -DDEBUG '-DLSE_STARTUP_TIMEOUT=5000' '-DLSE_VALUE=32768' '-DDATA_CACHE_ENABLE=1' '-DEXTERNAL_CLOCK_VALUE=12288000' '-DVDD_VALUE=3300' '-DINSTRUCTION_CACHE_ENABLE=1' '-DHSE_VALUE=25000000' -DUSE_FULL_LL_DRIVER '-DPREFETCH_ENABLE=1' -c -I../Drivers/CMSIS/Include -I../Drivers/STM32F4xx_HAL_Driver/Inc -I../Core/Inc -I../Drivers/CMSIS/Device/ST/STM32F4xx/Include -O0 -ffunction-sections -fdata-sections -Wall -fstack-usage -MMD -MP -MF"Core/Src/main.d" -MT"Core/Src/main.o" --specs=nano.specs -mfpu=fpv4-sp-d16 -mfloat-abi=hard -mthumb -o "Core/Src/main.o"
../Core/Src/main.c: In function 'main':
../Core/Src/main.c:100:7: warning: unused variable 'i' [-Wunused-variable]
   int i;
       ^
arm-none-eabi-gcc -o "lab7_ex1.3_project.elf" @"objects.list"   -mcpu=cortex-m4 -T"D:\POLITO\3rd year\digital systema electronics\STM32\lab7_ex1.3\lab7_ex1.3_project\STM32F401RETX_FLASH.ld" --specs=nosys.specs -Wl,-Map="lab7_ex1.3_project.map" -Wl,--gc-sections -static --specs=nano.specs -mfpu=fpv4-sp-d16 -mfloat-abi=hard -mthumb -Wl,--start-group -lc -lm -Wl,--end-group
Finished building target: lab7_ex1.3_project.elf
 
arm-none-eabi-objdump -h -S  lab7_ex1.3_project.elf  > "lab7_ex1.3_project.list"
arm-none-eabi-objcopy  -O binary  lab7_ex1.3_project.elf  "lab7_ex1.3_project.bin"
arm-none-eabi-size   lab7_ex1.3_project.elf 
   text	   data	    bss	    dec	    hex	filename
   2736	     12	   1564	   4312	   10d8	lab7_ex1.3_project.elf
Finished building: default.size.stdout
 
Finished building: lab7_ex1.3_project.bin
Finished building: lab7_ex1.3_project.list
 
 
12:13:12 **** Incremental Build of configuration Debug for project lab7_ex1.3_project ****
make -j8 all 
arm-none-eabi-gcc "../Core/Src/main.c" -mcpu=cortex-m4 -std=gnu11 -g3 '-DLSI_VALUE=32000' -DSTM32F401xE '-DHSE_STARTUP_TIMEOUT=100' '-DHSI_VALUE=16000000' -DDEBUG '-DLSE_STARTUP_TIMEOUT=5000' '-DLSE_VALUE=32768' '-DDATA_CACHE_ENABLE=1' '-DEXTERNAL_CLOCK_VALUE=12288000' '-DVDD_VALUE=3300' '-DINSTRUCTION_CACHE_ENABLE=1' '-DHSE_VALUE=25000000' -DUSE_FULL_LL_DRIVER '-DPREFETCH_ENABLE=1' -c -I../Drivers/CMSIS/Include -I../Drivers/STM32F4xx_HAL_Driver/Inc -I../Core/Inc -I../Drivers/CMSIS/Device/ST/STM32F4xx/Include -O0 -ffunction-sections -fdata-sections -Wall -fstack-usage -MMD -MP -MF"Core/Src/main.d" -MT"Core/Src/main.o" --specs=nano.specs -mfpu=fpv4-sp-d16 -mfloat-abi=hard -mthumb -o "Core/Src/main.o"
../Core/Src/main.c: In function 'main':
../Core/Src/main.c:100:7: warning: unused variable 'i' [-Wunused-variable]
   int i , delay = 4000;
       ^
arm-none-eabi-gcc -o "lab7_ex1.3_project.elf" @"objects.list"   -mcpu=cortex-m4 -T"D:\POLITO\3rd year\digital systema electronics\STM32\lab7_ex1.3\lab7_ex1.3_project\STM32F401RETX_FLASH.ld" --specs=nosys.specs -Wl,-Map="lab7_ex1.3_project.map" -Wl,--gc-sections -static --specs=nano.specs -mfpu=fpv4-sp-d16 -mfloat-abi=hard -mthumb -Wl,--start-group -lc -lm -Wl,--end-group
Finished building target: lab7_ex1.3_project.elf
 
arm-none-eabi-objdump -h -S  lab7_ex1.3_project.elf  > "lab7_ex1.3_project.list"
arm-none-eabi-objcopy  -O binary  lab7_ex1.3_project.elf  "lab7_ex1.3_project.bin"
arm-none-eabi-size   lab7_ex1.3_project.elf 
   text	   data	    bss	    dec	    hex	filename
   2764	     12	   1564	   4340	   10f4	lab7_ex1.3_project.elf
Finished building: default.size.stdout
 
Finished building: lab7_ex1.3_project.list
Finished building: lab7_ex1.3_project.bin
 
 
12:13:28 **** Incremental Build of configuration Debug for project lab7_ex1.3_project ****
make -j8 all 
arm-none-eabi-size   lab7_ex1.3_project.elf 
   text	   data	    bss	    dec	    hex	filename
   2764	     12	   1564	   4340	   10f4	lab7_ex1.3_project.elf
Finished building: default.size.stdout
 
12:15:54 **** Incremental Build of configuration Debug for project lab7_ex1.3_project ****
make -j8 all 
arm-none-eabi-gcc "../Core/Src/main.c" -mcpu=cortex-m4 -std=gnu11 -g3 '-DLSI_VALUE=32000' -DSTM32F401xE '-DHSE_STARTUP_TIMEOUT=100' '-DHSI_VALUE=16000000' -DDEBUG '-DLSE_STARTUP_TIMEOUT=5000' '-DLSE_VALUE=32768' '-DDATA_CACHE_ENABLE=1' '-DEXTERNAL_CLOCK_VALUE=12288000' '-DVDD_VALUE=3300' '-DINSTRUCTION_CACHE_ENABLE=1' '-DHSE_VALUE=25000000' -DUSE_FULL_LL_DRIVER '-DPREFETCH_ENABLE=1' -c -I../Drivers/CMSIS/Include -I../Drivers/STM32F4xx_HAL_Driver/Inc -I../Core/Inc -I../Drivers/CMSIS/Device/ST/STM32F4xx/Include -O0 -ffunction-sections -fdata-sections -Wall -fstack-usage -MMD -MP -MF"Core/Src/main.d" -MT"Core/Src/main.o" --specs=nano.specs -mfpu=fpv4-sp-d16 -mfloat-abi=hard -mthumb -o "Core/Src/main.o"
../Core/Src/main.c: In function 'main':
../Core/Src/main.c:100:7: warning: unused variable 'i' [-Wunused-variable]
   int i , delay = 4000;
       ^
arm-none-eabi-gcc -o "lab7_ex1.3_project.elf" @"objects.list"   -mcpu=cortex-m4 -T"D:\POLITO\3rd year\digital systema electronics\STM32\lab7_ex1.3\lab7_ex1.3_project\STM32F401RETX_FLASH.ld" --specs=nosys.specs -Wl,-Map="lab7_ex1.3_project.map" -Wl,--gc-sections -static --specs=nano.specs -mfpu=fpv4-sp-d16 -mfloat-abi=hard -mthumb -Wl,--start-group -lc -lm -Wl,--end-group
Finished building target: lab7_ex1.3_project.elf
 
arm-none-eabi-objdump -h -S  lab7_ex1.3_project.elf  > "lab7_ex1.3_project.list"
arm-none-eabi-objcopy  -O binary  lab7_ex1.3_project.elf  "lab7_ex1.3_project.bin"
arm-none-eabi-size   lab7_ex1.3_project.elf 
   text	   data	    bss	    dec	    hex	filename
   2768	     12	   1564	   4344	   10f8	lab7_ex1.3_project.elf
Finished building: default.size.stdout
 
Finished building: lab7_ex1.3_project.bin
Finished building: lab7_ex1.3_project.list
 
 
12:15:59 **** Incremental Build of configuration Debug for project lab7_ex1.3_project ****
make -j8 all 
arm-none-eabi-size   lab7_ex1.3_project.elf 
   text	   data	    bss	    dec	    hex	filename
   2768	     12	   1564	   4344	   10f8	lab7_ex1.3_project.elf
Finished building: default.size.stdout
 
12:22:55 **** Incremental Build of configuration Debug for project lab7_ex1.3_project ****
make -j8 all 
arm-none-eabi-size   lab7_ex1.3_project.elf 
   text	   data	    bss	    dec	    hex	filename
   2768	     12	   1564	   4344	   10f8	lab7_ex1.3_project.elf
Finished building: default.size.stdout
 
12:39:36 **** Build of configuration Debug for project lab7_stm32_project ****
make -j8 all 
arm-none-eabi-gcc "../Drivers/STM32F4xx_HAL_Driver/Src/stm32f4xx_ll_exti.c" -mcpu=cortex-m4 -std=gnu11 -g3 '-DLSI_VALUE=32000' -DSTM32F401xE '-DHSE_STARTUP_TIMEOUT=100' '-DHSI_VALUE=16000000' -DDEBUG '-DLSE_STARTUP_TIMEOUT=5000' '-DLSE_VALUE=32768' '-DDATA_CACHE_ENABLE=1' '-DEXTERNAL_CLOCK_VALUE=12288000' '-DVDD_VALUE=3300' '-DINSTRUCTION_CACHE_ENABLE=1' '-DHSE_VALUE=25000000' -DUSE_FULL_LL_DRIVER '-DPREFETCH_ENABLE=1' -c -I../Drivers/CMSIS/Include -I../Drivers/STM32F4xx_HAL_Driver/Inc -I../Core/Inc -I../Drivers/CMSIS/Device/ST/STM32F4xx/Include -O0 -ffunction-sections -fdata-sections -Wall -fstack-usage -MMD -MP -MF"Drivers/STM32F4xx_HAL_Driver/Src/stm32f4xx_ll_exti.d" -MT"Drivers/STM32F4xx_HAL_Driver/Src/stm32f4xx_ll_exti.o" --specs=nano.specs -mfpu=fpv4-sp-d16 -mfloat-abi=hard -mthumb -o "Drivers/STM32F4xx_HAL_Driver/Src/stm32f4xx_ll_exti.o"
arm-none-eabi-gcc "../Drivers/STM32F4xx_HAL_Driver/Src/stm32f4xx_ll_gpio.c" -mcpu=cortex-m4 -std=gnu11 -g3 '-DLSI_VALUE=32000' -DSTM32F401xE '-DHSE_STARTUP_TIMEOUT=100' '-DHSI_VALUE=16000000' -DDEBUG '-DLSE_STARTUP_TIMEOUT=5000' '-DLSE_VALUE=32768' '-DDATA_CACHE_ENABLE=1' '-DEXTERNAL_CLOCK_VALUE=12288000' '-DVDD_VALUE=3300' '-DINSTRUCTION_CACHE_ENABLE=1' '-DHSE_VALUE=25000000' -DUSE_FULL_LL_DRIVER '-DPREFETCH_ENABLE=1' -c -I../Drivers/CMSIS/Include -I../Drivers/STM32F4xx_HAL_Driver/Inc -I../Core/Inc -I../Drivers/CMSIS/Device/ST/STM32F4xx/Include -O0 -ffunction-sections -fdata-sections -Wall -fstack-usage -MMD -MP -MF"Drivers/STM32F4xx_HAL_Driver/Src/stm32f4xx_ll_gpio.d" -MT"Drivers/STM32F4xx_HAL_Driver/Src/stm32f4xx_ll_gpio.o" --specs=nano.specs -mfpu=fpv4-sp-d16 -mfloat-abi=hard -mthumb -o "Drivers/STM32F4xx_HAL_Driver/Src/stm32f4xx_ll_gpio.o"
arm-none-eabi-gcc "../Drivers/STM32F4xx_HAL_Driver/Src/stm32f4xx_ll_rcc.c" -mcpu=cortex-m4 -std=gnu11 -g3 '-DLSI_VALUE=32000' -DSTM32F401xE '-DHSE_STARTUP_TIMEOUT=100' '-DHSI_VALUE=16000000' -DDEBUG '-DLSE_STARTUP_TIMEOUT=5000' '-DLSE_VALUE=32768' '-DDATA_CACHE_ENABLE=1' '-DEXTERNAL_CLOCK_VALUE=12288000' '-DVDD_VALUE=3300' '-DINSTRUCTION_CACHE_ENABLE=1' '-DHSE_VALUE=25000000' -DUSE_FULL_LL_DRIVER '-DPREFETCH_ENABLE=1' -c -I../Drivers/CMSIS/Include -I../Drivers/STM32F4xx_HAL_Driver/Inc -I../Core/Inc -I../Drivers/CMSIS/Device/ST/STM32F4xx/Include -O0 -ffunction-sections -fdata-sections -Wall -fstack-usage -MMD -MP -MF"Drivers/STM32F4xx_HAL_Driver/Src/stm32f4xx_ll_rcc.d" -MT"Drivers/STM32F4xx_HAL_Driver/Src/stm32f4xx_ll_rcc.o" --specs=nano.specs -mfpu=fpv4-sp-d16 -mfloat-abi=hard -mthumb -o "Drivers/STM32F4xx_HAL_Driver/Src/stm32f4xx_ll_rcc.o"
arm-none-eabi-gcc "../Drivers/STM32F4xx_HAL_Driver/Src/stm32f4xx_ll_utils.c" -mcpu=cortex-m4 -std=gnu11 -g3 '-DLSI_VALUE=32000' -DSTM32F401xE '-DHSE_STARTUP_TIMEOUT=100' '-DHSI_VALUE=16000000' -DDEBUG '-DLSE_STARTUP_TIMEOUT=5000' '-DLSE_VALUE=32768' '-DDATA_CACHE_ENABLE=1' '-DEXTERNAL_CLOCK_VALUE=12288000' '-DVDD_VALUE=3300' '-DINSTRUCTION_CACHE_ENABLE=1' '-DHSE_VALUE=25000000' -DUSE_FULL_LL_DRIVER '-DPREFETCH_ENABLE=1' -c -I../Drivers/CMSIS/Include -I../Drivers/STM32F4xx_HAL_Driver/Inc -I../Core/Inc -I../Drivers/CMSIS/Device/ST/STM32F4xx/Include -O0 -ffunction-sections -fdata-sections -Wall -fstack-usage -MMD -MP -MF"Drivers/STM32F4xx_HAL_Driver/Src/stm32f4xx_ll_utils.d" -MT"Drivers/STM32F4xx_HAL_Driver/Src/stm32f4xx_ll_utils.o" --specs=nano.specs -mfpu=fpv4-sp-d16 -mfloat-abi=hard -mthumb -o "Drivers/STM32F4xx_HAL_Driver/Src/stm32f4xx_ll_utils.o"
arm-none-eabi-gcc -mcpu=cortex-m4 -g3 -c -x assembler-with-cpp --specs=nano.specs -mfpu=fpv4-sp-d16 -mfloat-abi=hard -mthumb -o "Core/Startup/startup_stm32f401retx.o" "../Core/Startup/startup_stm32f401retx.s"
arm-none-eabi-gcc "../Core/Src/main.c" -mcpu=cortex-m4 -std=gnu11 -g3 '-DLSI_VALUE=32000' -DSTM32F401xE '-DHSE_STARTUP_TIMEOUT=100' '-DHSI_VALUE=16000000' -DDEBUG '-DLSE_STARTUP_TIMEOUT=5000' '-DLSE_VALUE=32768' '-DDATA_CACHE_ENABLE=1' '-DEXTERNAL_CLOCK_VALUE=12288000' '-DVDD_VALUE=3300' '-DINSTRUCTION_CACHE_ENABLE=1' '-DHSE_VALUE=25000000' -DUSE_FULL_LL_DRIVER '-DPREFETCH_ENABLE=1' -c -I../Drivers/CMSIS/Include -I../Drivers/STM32F4xx_HAL_Driver/Inc -I../Core/Inc -I../Drivers/CMSIS/Device/ST/STM32F4xx/Include -O0 -ffunction-sections -fdata-sections -Wall -fstack-usage -MMD -MP -MF"Core/Src/main.d" -MT"Core/Src/main.o" --specs=nano.specs -mfpu=fpv4-sp-d16 -mfloat-abi=hard -mthumb -o "Core/Src/main.o"
arm-none-eabi-gcc "../Core/Src/stm32f4xx_it.c" -mcpu=cortex-m4 -std=gnu11 -g3 '-DLSI_VALUE=32000' -DSTM32F401xE '-DHSE_STARTUP_TIMEOUT=100' '-DHSI_VALUE=16000000' -DDEBUG '-DLSE_STARTUP_TIMEOUT=5000' '-DLSE_VALUE=32768' '-DDATA_CACHE_ENABLE=1' '-DEXTERNAL_CLOCK_VALUE=12288000' '-DVDD_VALUE=3300' '-DINSTRUCTION_CACHE_ENABLE=1' '-DHSE_VALUE=25000000' -DUSE_FULL_LL_DRIVER '-DPREFETCH_ENABLE=1' -c -I../Drivers/CMSIS/Include -I../Drivers/STM32F4xx_HAL_Driver/Inc -I../Core/Inc -I../Drivers/CMSIS/Device/ST/STM32F4xx/Include -O0 -ffunction-sections -fdata-sections -Wall -fstack-usage -MMD -MP -MF"Core/Src/stm32f4xx_it.d" -MT"Core/Src/stm32f4xx_it.o" --specs=nano.specs -mfpu=fpv4-sp-d16 -mfloat-abi=hard -mthumb -o "Core/Src/stm32f4xx_it.o"
arm-none-eabi-gcc "../Core/Src/syscalls.c" -mcpu=cortex-m4 -std=gnu11 -g3 '-DLSI_VALUE=32000' -DSTM32F401xE '-DHSE_STARTUP_TIMEOUT=100' '-DHSI_VALUE=16000000' -DDEBUG '-DLSE_STARTUP_TIMEOUT=5000' '-DLSE_VALUE=32768' '-DDATA_CACHE_ENABLE=1' '-DEXTERNAL_CLOCK_VALUE=12288000' '-DVDD_VALUE=3300' '-DINSTRUCTION_CACHE_ENABLE=1' '-DHSE_VALUE=25000000' -DUSE_FULL_LL_DRIVER '-DPREFETCH_ENABLE=1' -c -I../Drivers/CMSIS/Include -I../Drivers/STM32F4xx_HAL_Driver/Inc -I../Core/Inc -I../Drivers/CMSIS/Device/ST/STM32F4xx/Include -O0 -ffunction-sections -fdata-sections -Wall -fstack-usage -MMD -MP -MF"Core/Src/syscalls.d" -MT"Core/Src/syscalls.o" --specs=nano.specs -mfpu=fpv4-sp-d16 -mfloat-abi=hard -mthumb -o "Core/Src/syscalls.o"
arm-none-eabi-gcc "../Core/Src/sysmem.c" -mcpu=cortex-m4 -std=gnu11 -g3 '-DLSI_VALUE=32000' -DSTM32F401xE '-DHSE_STARTUP_TIMEOUT=100' '-DHSI_VALUE=16000000' -DDEBUG '-DLSE_STARTUP_TIMEOUT=5000' '-DLSE_VALUE=32768' '-DDATA_CACHE_ENABLE=1' '-DEXTERNAL_CLOCK_VALUE=12288000' '-DVDD_VALUE=3300' '-DINSTRUCTION_CACHE_ENABLE=1' '-DHSE_VALUE=25000000' -DUSE_FULL_LL_DRIVER '-DPREFETCH_ENABLE=1' -c -I../Drivers/CMSIS/Include -I../Drivers/STM32F4xx_HAL_Driver/Inc -I../Core/Inc -I../Drivers/CMSIS/Device/ST/STM32F4xx/Include -O0 -ffunction-sections -fdata-sections -Wall -fstack-usage -MMD -MP -MF"Core/Src/sysmem.d" -MT"Core/Src/sysmem.o" --specs=nano.specs -mfpu=fpv4-sp-d16 -mfloat-abi=hard -mthumb -o "Core/Src/sysmem.o"
arm-none-eabi-gcc "../Core/Src/system_stm32f4xx.c" -mcpu=cortex-m4 -std=gnu11 -g3 '-DLSI_VALUE=32000' -DSTM32F401xE '-DHSE_STARTUP_TIMEOUT=100' '-DHSI_VALUE=16000000' -DDEBUG '-DLSE_STARTUP_TIMEOUT=5000' '-DLSE_VALUE=32768' '-DDATA_CACHE_ENABLE=1' '-DEXTERNAL_CLOCK_VALUE=12288000' '-DVDD_VALUE=3300' '-DINSTRUCTION_CACHE_ENABLE=1' '-DHSE_VALUE=25000000' -DUSE_FULL_LL_DRIVER '-DPREFETCH_ENABLE=1' -c -I../Drivers/CMSIS/Include -I../Drivers/STM32F4xx_HAL_Driver/Inc -I../Core/Inc -I../Drivers/CMSIS/Device/ST/STM32F4xx/Include -O0 -ffunction-sections -fdata-sections -Wall -fstack-usage -MMD -MP -MF"Core/Src/system_stm32f4xx.d" -MT"Core/Src/system_stm32f4xx.o" --specs=nano.specs -mfpu=fpv4-sp-d16 -mfloat-abi=hard -mthumb -o "Core/Src/system_stm32f4xx.o"
arm-none-eabi-gcc -o "lab7_stm32_project.elf" @"objects.list"   -mcpu=cortex-m4 -T"D:\POLITO\3rd year\digital systema electronics\STM32\lab7_ex1.3\lab7_stm32_project\STM32F401RETX_FLASH.ld" --specs=nosys.specs -Wl,-Map="lab7_stm32_project.map" -Wl,--gc-sections -static --specs=nano.specs -mfpu=fpv4-sp-d16 -mfloat-abi=hard -mthumb -Wl,--start-group -lc -lm -Wl,--end-group
Finished building target: lab7_stm32_project.elf
 
arm-none-eabi-size   lab7_stm32_project.elf 
arm-none-eabi-objdump -h -S  lab7_stm32_project.elf  > "lab7_stm32_project.list"
arm-none-eabi-objcopy  -O binary  lab7_stm32_project.elf  "lab7_stm32_project.bin"
   text	   data	    bss	    dec	    hex	filename
   2628	     12	   1564	   4204	   106c	lab7_stm32_project.elf
Finished building: default.size.stdout
 
Finished building: lab7_stm32_project.bin
Finished building: lab7_stm32_project.list
 
 
12:41:35 **** Incremental Build of configuration Debug for project lab7_stm32_project ****
make -j8 all 
arm-none-eabi-gcc "../Core/Src/main.c" -mcpu=cortex-m4 -std=gnu11 -g3 '-DLSI_VALUE=32000' -DSTM32F401xE '-DHSE_STARTUP_TIMEOUT=100' '-DHSI_VALUE=16000000' -DDEBUG '-DLSE_STARTUP_TIMEOUT=5000' '-DLSE_VALUE=32768' '-DDATA_CACHE_ENABLE=1' '-DEXTERNAL_CLOCK_VALUE=12288000' '-DVDD_VALUE=3300' '-DINSTRUCTION_CACHE_ENABLE=1' '-DHSE_VALUE=25000000' -DUSE_FULL_LL_DRIVER '-DPREFETCH_ENABLE=1' -c -I../Drivers/CMSIS/Include -I../Drivers/STM32F4xx_HAL_Driver/Inc -I../Core/Inc -I../Drivers/CMSIS/Device/ST/STM32F4xx/Include -O0 -ffunction-sections -fdata-sections -Wall -fstack-usage -MMD -MP -MF"Core/Src/main.d" -MT"Core/Src/main.o" --specs=nano.specs -mfpu=fpv4-sp-d16 -mfloat-abi=hard -mthumb -o "Core/Src/main.o"
arm-none-eabi-gcc -o "lab7_stm32_project.elf" @"objects.list"   -mcpu=cortex-m4 -T"D:\POLITO\3rd year\digital systema electronics\STM32\lab7_ex1.3\lab7_stm32_project\STM32F401RETX_FLASH.ld" --specs=nosys.specs -Wl,-Map="lab7_stm32_project.map" -Wl,--gc-sections -static --specs=nano.specs -mfpu=fpv4-sp-d16 -mfloat-abi=hard -mthumb -Wl,--start-group -lc -lm -Wl,--end-group
Finished building target: lab7_stm32_project.elf
 
arm-none-eabi-objdump -h -S  lab7_stm32_project.elf  > "lab7_stm32_project.list"
arm-none-eabi-objcopy  -O binary  lab7_stm32_project.elf  "lab7_stm32_project.bin"
arm-none-eabi-size   lab7_stm32_project.elf 
   text	   data	    bss	    dec	    hex	filename
   2680	     12	   1564	   4256	   10a0	lab7_stm32_project.elf
Finished building: default.size.stdout
 
Finished building: lab7_stm32_project.bin
Finished building: lab7_stm32_project.list
 
 
14:07:34 **** Incremental Build of configuration Debug for project lab7_ex1.3_project ****
make -j8 all 
arm-none-eabi-gcc "../Core/Src/main.c" -mcpu=cortex-m4 -std=gnu11 -g3 '-DLSI_VALUE=32000' -DSTM32F401xE '-DHSE_STARTUP_TIMEOUT=100' '-DHSI_VALUE=16000000' -DDEBUG '-DLSE_STARTUP_TIMEOUT=5000' '-DLSE_VALUE=32768' '-DDATA_CACHE_ENABLE=1' '-DEXTERNAL_CLOCK_VALUE=12288000' '-DVDD_VALUE=3300' '-DINSTRUCTION_CACHE_ENABLE=1' '-DHSE_VALUE=25000000' -DUSE_FULL_LL_DRIVER '-DPREFETCH_ENABLE=1' -c -I../Drivers/CMSIS/Include -I../Drivers/STM32F4xx_HAL_Driver/Inc -I../Core/Inc -I../Drivers/CMSIS/Device/ST/STM32F4xx/Include -O0 -ffunction-sections -fdata-sections -Wall -fstack-usage -MMD -MP -MF"Core/Src/main.d" -MT"Core/Src/main.o" --specs=nano.specs -mfpu=fpv4-sp-d16 -mfloat-abi=hard -mthumb -o "Core/Src/main.o"
../Core/Src/main.c: In function 'main':
../Core/Src/main.c:99:7: warning: unused variable 'i' [-Wunused-variable]
   int i , delay = 2000;
       ^
arm-none-eabi-gcc -o "lab7_ex1.3_project.elf" @"objects.list"   -mcpu=cortex-m4 -T"D:\POLITO\3rd year\digital systema electronics\STM32\lab7_ex1.3\lab7_ex1.3_project\STM32F401RETX_FLASH.ld" --specs=nosys.specs -Wl,-Map="lab7_ex1.3_project.map" -Wl,--gc-sections -static --specs=nano.specs -mfpu=fpv4-sp-d16 -mfloat-abi=hard -mthumb -Wl,--start-group -lc -lm -Wl,--end-group
Finished building target: lab7_ex1.3_project.elf
 
arm-none-eabi-objdump -h -S  lab7_ex1.3_project.elf  > "lab7_ex1.3_project.list"
arm-none-eabi-objcopy  -O binary  lab7_ex1.3_project.elf  "lab7_ex1.3_project.bin"
arm-none-eabi-size   lab7_ex1.3_project.elf 
   text	   data	    bss	    dec	    hex	filename
   2768	     12	   1564	   4344	   10f8	lab7_ex1.3_project.elf
Finished building: default.size.stdout
 
Finished building: lab7_ex1.3_project.bin
 
Finished building: lab7_ex1.3_project.list
 
14:07:50 **** Incremental Build of configuration Debug for project lab7_ex1.3_project ****
make -j8 all 
arm-none-eabi-size   lab7_ex1.3_project.elf 
   text	   data	    bss	    dec	    hex	filename
   2768	     12	   1564	   4344	   10f8	lab7_ex1.3_project.elf
Finished building: default.size.stdout
 
14:08:00 **** Incremental Build of configuration Debug for project lab7_ex1.3_project ****
make -j8 all 
arm-none-eabi-size   lab7_ex1.3_project.elf 
   text	   data	    bss	    dec	    hex	filename
   2768	     12	   1564	   4344	   10f8	lab7_ex1.3_project.elf
Finished building: default.size.stdout
 
14:08:59 **** Incremental Build of configuration Debug for project lab7_ex1.3_project ****
make -j8 all 
arm-none-eabi-size   lab7_ex1.3_project.elf 
   text	   data	    bss	    dec	    hex	filename
   2768	     12	   1564	   4344	   10f8	lab7_ex1.3_project.elf
Finished building: default.size.stdout
 
00:00:14 **** Build of configuration Debug for project viewer ****
make -j8 all 
arm-none-eabi-gcc "../Drivers/STM32F4xx_HAL_Driver/Src/stm32f4xx_ll_adc.c" -mcpu=cortex-m4 -std=gnu11 -g3 '-DLSI_VALUE=32000' -DSTM32F401xE '-DHSE_STARTUP_TIMEOUT=100' '-DHSI_VALUE=16000000' '-DLSE_STARTUP_TIMEOUT=5000' -DDEBUG '-DLSE_VALUE=32768' '-DDATA_CACHE_ENABLE=1' '-DEXTERNAL_CLOCK_VALUE=12288000' '-DVDD_VALUE=3300' '-DINSTRUCTION_CACHE_ENABLE=1' '-DHSE_VALUE=25000000' -DUSE_FULL_LL_DRIVER '-DPREFETCH_ENABLE=1' -c -I../Drivers/CMSIS/Include -I../Drivers/STM32F4xx_HAL_Driver/Inc -I../Core/Inc -I../Drivers/CMSIS/Device/ST/STM32F4xx/Include -O0 -ffunction-sections -fdata-sections -Wall -fstack-usage -MMD -MP -MF"Drivers/STM32F4xx_HAL_Driver/Src/stm32f4xx_ll_adc.d" -MT"Drivers/STM32F4xx_HAL_Driver/Src/stm32f4xx_ll_adc.o" --specs=nano.specs -mfpu=fpv4-sp-d16 -mfloat-abi=hard -mthumb -o "Drivers/STM32F4xx_HAL_Driver/Src/stm32f4xx_ll_adc.o"
arm-none-eabi-gcc "../Drivers/STM32F4xx_HAL_Driver/Src/stm32f4xx_ll_dma.c" -mcpu=cortex-m4 -std=gnu11 -g3 '-DLSI_VALUE=32000' -DSTM32F401xE '-DHSE_STARTUP_TIMEOUT=100' '-DHSI_VALUE=16000000' '-DLSE_STARTUP_TIMEOUT=5000' -DDEBUG '-DLSE_VALUE=32768' '-DDATA_CACHE_ENABLE=1' '-DEXTERNAL_CLOCK_VALUE=12288000' '-DVDD_VALUE=3300' '-DINSTRUCTION_CACHE_ENABLE=1' '-DHSE_VALUE=25000000' -DUSE_FULL_LL_DRIVER '-DPREFETCH_ENABLE=1' -c -I../Drivers/CMSIS/Include -I../Drivers/STM32F4xx_HAL_Driver/Inc -I../Core/Inc -I../Drivers/CMSIS/Device/ST/STM32F4xx/Include -O0 -ffunction-sections -fdata-sections -Wall -fstack-usage -MMD -MP -MF"Drivers/STM32F4xx_HAL_Driver/Src/stm32f4xx_ll_dma.d" -MT"Drivers/STM32F4xx_HAL_Driver/Src/stm32f4xx_ll_dma.o" --specs=nano.specs -mfpu=fpv4-sp-d16 -mfloat-abi=hard -mthumb -o "Drivers/STM32F4xx_HAL_Driver/Src/stm32f4xx_ll_dma.o"
arm-none-eabi-gcc "../Drivers/STM32F4xx_HAL_Driver/Src/stm32f4xx_ll_exti.c" -mcpu=cortex-m4 -std=gnu11 -g3 '-DLSI_VALUE=32000' -DSTM32F401xE '-DHSE_STARTUP_TIMEOUT=100' '-DHSI_VALUE=16000000' '-DLSE_STARTUP_TIMEOUT=5000' -DDEBUG '-DLSE_VALUE=32768' '-DDATA_CACHE_ENABLE=1' '-DEXTERNAL_CLOCK_VALUE=12288000' '-DVDD_VALUE=3300' '-DINSTRUCTION_CACHE_ENABLE=1' '-DHSE_VALUE=25000000' -DUSE_FULL_LL_DRIVER '-DPREFETCH_ENABLE=1' -c -I../Drivers/CMSIS/Include -I../Drivers/STM32F4xx_HAL_Driver/Inc -I../Core/Inc -I../Drivers/CMSIS/Device/ST/STM32F4xx/Include -O0 -ffunction-sections -fdata-sections -Wall -fstack-usage -MMD -MP -MF"Drivers/STM32F4xx_HAL_Driver/Src/stm32f4xx_ll_exti.d" -MT"Drivers/STM32F4xx_HAL_Driver/Src/stm32f4xx_ll_exti.o" --specs=nano.specs -mfpu=fpv4-sp-d16 -mfloat-abi=hard -mthumb -o "Drivers/STM32F4xx_HAL_Driver/Src/stm32f4xx_ll_exti.o"
arm-none-eabi-gcc "../Drivers/STM32F4xx_HAL_Driver/Src/stm32f4xx_ll_gpio.c" -mcpu=cortex-m4 -std=gnu11 -g3 '-DLSI_VALUE=32000' -DSTM32F401xE '-DHSE_STARTUP_TIMEOUT=100' '-DHSI_VALUE=16000000' '-DLSE_STARTUP_TIMEOUT=5000' -DDEBUG '-DLSE_VALUE=32768' '-DDATA_CACHE_ENABLE=1' '-DEXTERNAL_CLOCK_VALUE=12288000' '-DVDD_VALUE=3300' '-DINSTRUCTION_CACHE_ENABLE=1' '-DHSE_VALUE=25000000' -DUSE_FULL_LL_DRIVER '-DPREFETCH_ENABLE=1' -c -I../Drivers/CMSIS/Include -I../Drivers/STM32F4xx_HAL_Driver/Inc -I../Core/Inc -I../Drivers/CMSIS/Device/ST/STM32F4xx/Include -O0 -ffunction-sections -fdata-sections -Wall -fstack-usage -MMD -MP -MF"Drivers/STM32F4xx_HAL_Driver/Src/stm32f4xx_ll_gpio.d" -MT"Drivers/STM32F4xx_HAL_Driver/Src/stm32f4xx_ll_gpio.o" --specs=nano.specs -mfpu=fpv4-sp-d16 -mfloat-abi=hard -mthumb -o "Drivers/STM32F4xx_HAL_Driver/Src/stm32f4xx_ll_gpio.o"
arm-none-eabi-gcc "../Drivers/STM32F4xx_HAL_Driver/Src/stm32f4xx_ll_rcc.c" -mcpu=cortex-m4 -std=gnu11 -g3 '-DLSI_VALUE=32000' -DSTM32F401xE '-DHSE_STARTUP_TIMEOUT=100' '-DHSI_VALUE=16000000' '-DLSE_STARTUP_TIMEOUT=5000' -DDEBUG '-DLSE_VALUE=32768' '-DDATA_CACHE_ENABLE=1' '-DEXTERNAL_CLOCK_VALUE=12288000' '-DVDD_VALUE=3300' '-DINSTRUCTION_CACHE_ENABLE=1' '-DHSE_VALUE=25000000' -DUSE_FULL_LL_DRIVER '-DPREFETCH_ENABLE=1' -c -I../Drivers/CMSIS/Include -I../Drivers/STM32F4xx_HAL_Driver/Inc -I../Core/Inc -I../Drivers/CMSIS/Device/ST/STM32F4xx/Include -O0 -ffunction-sections -fdata-sections -Wall -fstack-usage -MMD -MP -MF"Drivers/STM32F4xx_HAL_Driver/Src/stm32f4xx_ll_rcc.d" -MT"Drivers/STM32F4xx_HAL_Driver/Src/stm32f4xx_ll_rcc.o" --specs=nano.specs -mfpu=fpv4-sp-d16 -mfloat-abi=hard -mthumb -o "Drivers/STM32F4xx_HAL_Driver/Src/stm32f4xx_ll_rcc.o"
arm-none-eabi-gcc "../Drivers/STM32F4xx_HAL_Driver/Src/stm32f4xx_ll_tim.c" -mcpu=cortex-m4 -std=gnu11 -g3 '-DLSI_VALUE=32000' -DSTM32F401xE '-DHSE_STARTUP_TIMEOUT=100' '-DHSI_VALUE=16000000' '-DLSE_STARTUP_TIMEOUT=5000' -DDEBUG '-DLSE_VALUE=32768' '-DDATA_CACHE_ENABLE=1' '-DEXTERNAL_CLOCK_VALUE=12288000' '-DVDD_VALUE=3300' '-DINSTRUCTION_CACHE_ENABLE=1' '-DHSE_VALUE=25000000' -DUSE_FULL_LL_DRIVER '-DPREFETCH_ENABLE=1' -c -I../Drivers/CMSIS/Include -I../Drivers/STM32F4xx_HAL_Driver/Inc -I../Core/Inc -I../Drivers/CMSIS/Device/ST/STM32F4xx/Include -O0 -ffunction-sections -fdata-sections -Wall -fstack-usage -MMD -MP -MF"Drivers/STM32F4xx_HAL_Driver/Src/stm32f4xx_ll_tim.d" -MT"Drivers/STM32F4xx_HAL_Driver/Src/stm32f4xx_ll_tim.o" --specs=nano.specs -mfpu=fpv4-sp-d16 -mfloat-abi=hard -mthumb -o "Drivers/STM32F4xx_HAL_Driver/Src/stm32f4xx_ll_tim.o"
arm-none-eabi-gcc "../Drivers/STM32F4xx_HAL_Driver/Src/stm32f4xx_ll_usart.c" -mcpu=cortex-m4 -std=gnu11 -g3 '-DLSI_VALUE=32000' -DSTM32F401xE '-DHSE_STARTUP_TIMEOUT=100' '-DHSI_VALUE=16000000' '-DLSE_STARTUP_TIMEOUT=5000' -DDEBUG '-DLSE_VALUE=32768' '-DDATA_CACHE_ENABLE=1' '-DEXTERNAL_CLOCK_VALUE=12288000' '-DVDD_VALUE=3300' '-DINSTRUCTION_CACHE_ENABLE=1' '-DHSE_VALUE=25000000' -DUSE_FULL_LL_DRIVER '-DPREFETCH_ENABLE=1' -c -I../Drivers/CMSIS/Include -I../Drivers/STM32F4xx_HAL_Driver/Inc -I../Core/Inc -I../Drivers/CMSIS/Device/ST/STM32F4xx/Include -O0 -ffunction-sections -fdata-sections -Wall -fstack-usage -MMD -MP -MF"Drivers/STM32F4xx_HAL_Driver/Src/stm32f4xx_ll_usart.d" -MT"Drivers/STM32F4xx_HAL_Driver/Src/stm32f4xx_ll_usart.o" --specs=nano.specs -mfpu=fpv4-sp-d16 -mfloat-abi=hard -mthumb -o "Drivers/STM32F4xx_HAL_Driver/Src/stm32f4xx_ll_usart.o"
arm-none-eabi-gcc "../Drivers/STM32F4xx_HAL_Driver/Src/stm32f4xx_ll_utils.c" -mcpu=cortex-m4 -std=gnu11 -g3 '-DLSI_VALUE=32000' -DSTM32F401xE '-DHSE_STARTUP_TIMEOUT=100' '-DHSI_VALUE=16000000' '-DLSE_STARTUP_TIMEOUT=5000' -DDEBUG '-DLSE_VALUE=32768' '-DDATA_CACHE_ENABLE=1' '-DEXTERNAL_CLOCK_VALUE=12288000' '-DVDD_VALUE=3300' '-DINSTRUCTION_CACHE_ENABLE=1' '-DHSE_VALUE=25000000' -DUSE_FULL_LL_DRIVER '-DPREFETCH_ENABLE=1' -c -I../Drivers/CMSIS/Include -I../Drivers/STM32F4xx_HAL_Driver/Inc -I../Core/Inc -I../Drivers/CMSIS/Device/ST/STM32F4xx/Include -O0 -ffunction-sections -fdata-sections -Wall -fstack-usage -MMD -MP -MF"Drivers/STM32F4xx_HAL_Driver/Src/stm32f4xx_ll_utils.d" -MT"Drivers/STM32F4xx_HAL_Driver/Src/stm32f4xx_ll_utils.o" --specs=nano.specs -mfpu=fpv4-sp-d16 -mfloat-abi=hard -mthumb -o "Drivers/STM32F4xx_HAL_Driver/Src/stm32f4xx_ll_utils.o"
arm-none-eabi-gcc -mcpu=cortex-m4 -g3 -c -x assembler-with-cpp --specs=nano.specs -mfpu=fpv4-sp-d16 -mfloat-abi=hard -mthumb -o "Core/Startup/startup_stm32f401retx.o" "../Core/Startup/startup_stm32f401retx.s"
arm-none-eabi-gcc "../Core/Src/main.c" -mcpu=cortex-m4 -std=gnu11 -g3 '-DLSI_VALUE=32000' -DSTM32F401xE '-DHSE_STARTUP_TIMEOUT=100' '-DHSI_VALUE=16000000' '-DLSE_STARTUP_TIMEOUT=5000' -DDEBUG '-DLSE_VALUE=32768' '-DDATA_CACHE_ENABLE=1' '-DEXTERNAL_CLOCK_VALUE=12288000' '-DVDD_VALUE=3300' '-DINSTRUCTION_CACHE_ENABLE=1' '-DHSE_VALUE=25000000' -DUSE_FULL_LL_DRIVER '-DPREFETCH_ENABLE=1' -c -I../Drivers/CMSIS/Include -I../Drivers/STM32F4xx_HAL_Driver/Inc -I../Core/Inc -I../Drivers/CMSIS/Device/ST/STM32F4xx/Include -O0 -ffunction-sections -fdata-sections -Wall -fstack-usage -MMD -MP -MF"Core/Src/main.d" -MT"Core/Src/main.o" --specs=nano.specs -mfpu=fpv4-sp-d16 -mfloat-abi=hard -mthumb -o "Core/Src/main.o"
arm-none-eabi-gcc "../Core/Src/stm32f4xx_it.c" -mcpu=cortex-m4 -std=gnu11 -g3 '-DLSI_VALUE=32000' -DSTM32F401xE '-DHSE_STARTUP_TIMEOUT=100' '-DHSI_VALUE=16000000' '-DLSE_STARTUP_TIMEOUT=5000' -DDEBUG '-DLSE_VALUE=32768' '-DDATA_CACHE_ENABLE=1' '-DEXTERNAL_CLOCK_VALUE=12288000' '-DVDD_VALUE=3300' '-DINSTRUCTION_CACHE_ENABLE=1' '-DHSE_VALUE=25000000' -DUSE_FULL_LL_DRIVER '-DPREFETCH_ENABLE=1' -c -I../Drivers/CMSIS/Include -I../Drivers/STM32F4xx_HAL_Driver/Inc -I../Core/Inc -I../Drivers/CMSIS/Device/ST/STM32F4xx/Include -O0 -ffunction-sections -fdata-sections -Wall -fstack-usage -MMD -MP -MF"Core/Src/stm32f4xx_it.d" -MT"Core/Src/stm32f4xx_it.o" --specs=nano.specs -mfpu=fpv4-sp-d16 -mfloat-abi=hard -mthumb -o "Core/Src/stm32f4xx_it.o"
arm-none-eabi-gcc "../Core/Src/syscalls.c" -mcpu=cortex-m4 -std=gnu11 -g3 '-DLSI_VALUE=32000' -DSTM32F401xE '-DHSE_STARTUP_TIMEOUT=100' '-DHSI_VALUE=16000000' '-DLSE_STARTUP_TIMEOUT=5000' -DDEBUG '-DLSE_VALUE=32768' '-DDATA_CACHE_ENABLE=1' '-DEXTERNAL_CLOCK_VALUE=12288000' '-DVDD_VALUE=3300' '-DINSTRUCTION_CACHE_ENABLE=1' '-DHSE_VALUE=25000000' -DUSE_FULL_LL_DRIVER '-DPREFETCH_ENABLE=1' -c -I../Drivers/CMSIS/Include -I../Drivers/STM32F4xx_HAL_Driver/Inc -I../Core/Inc -I../Drivers/CMSIS/Device/ST/STM32F4xx/Include -O0 -ffunction-sections -fdata-sections -Wall -fstack-usage -MMD -MP -MF"Core/Src/syscalls.d" -MT"Core/Src/syscalls.o" --specs=nano.specs -mfpu=fpv4-sp-d16 -mfloat-abi=hard -mthumb -o "Core/Src/syscalls.o"
arm-none-eabi-gcc "../Core/Src/sysmem.c" -mcpu=cortex-m4 -std=gnu11 -g3 '-DLSI_VALUE=32000' -DSTM32F401xE '-DHSE_STARTUP_TIMEOUT=100' '-DHSI_VALUE=16000000' '-DLSE_STARTUP_TIMEOUT=5000' -DDEBUG '-DLSE_VALUE=32768' '-DDATA_CACHE_ENABLE=1' '-DEXTERNAL_CLOCK_VALUE=12288000' '-DVDD_VALUE=3300' '-DINSTRUCTION_CACHE_ENABLE=1' '-DHSE_VALUE=25000000' -DUSE_FULL_LL_DRIVER '-DPREFETCH_ENABLE=1' -c -I../Drivers/CMSIS/Include -I../Drivers/STM32F4xx_HAL_Driver/Inc -I../Core/Inc -I../Drivers/CMSIS/Device/ST/STM32F4xx/Include -O0 -ffunction-sections -fdata-sections -Wall -fstack-usage -MMD -MP -MF"Core/Src/sysmem.d" -MT"Core/Src/sysmem.o" --specs=nano.specs -mfpu=fpv4-sp-d16 -mfloat-abi=hard -mthumb -o "Core/Src/sysmem.o"
arm-none-eabi-gcc "../Core/Src/system_stm32f4xx.c" -mcpu=cortex-m4 -std=gnu11 -g3 '-DLSI_VALUE=32000' -DSTM32F401xE '-DHSE_STARTUP_TIMEOUT=100' '-DHSI_VALUE=16000000' '-DLSE_STARTUP_TIMEOUT=5000' -DDEBUG '-DLSE_VALUE=32768' '-DDATA_CACHE_ENABLE=1' '-DEXTERNAL_CLOCK_VALUE=12288000' '-DVDD_VALUE=3300' '-DINSTRUCTION_CACHE_ENABLE=1' '-DHSE_VALUE=25000000' -DUSE_FULL_LL_DRIVER '-DPREFETCH_ENABLE=1' -c -I../Drivers/CMSIS/Include -I../Drivers/STM32F4xx_HAL_Driver/Inc -I../Core/Inc -I../Drivers/CMSIS/Device/ST/STM32F4xx/Include -O0 -ffunction-sections -fdata-sections -Wall -fstack-usage -MMD -MP -MF"Core/Src/system_stm32f4xx.d" -MT"Core/Src/system_stm32f4xx.o" --specs=nano.specs -mfpu=fpv4-sp-d16 -mfloat-abi=hard -mthumb -o "Core/Src/system_stm32f4xx.o"
../Core/Src/main.c:46:20: warning: 'NN' initialized and declared 'extern'
   extern const int NN = 256;
                    ^~
arm-none-eabi-gcc -o "viewer.elf" @"objects.list"   -mcpu=cortex-m4 -T"D:\POLITO\3rd year\digital systema electronics\STM32\lab7_private\viewer\STM32F401RETX_FLASH.ld" --specs=nosys.specs -Wl,-Map="viewer.map" -Wl,--gc-sections -static --specs=nano.specs -mfpu=fpv4-sp-d16 -mfloat-abi=hard -mthumb -Wl,--start-group -lc -lm -Wl,--end-group
Finished building target: viewer.elf
 
arm-none-eabi-size   viewer.elf 
arm-none-eabi-objdump -h -S  viewer.elf  > "viewer.list"
arm-none-eabi-objcopy  -O binary  viewer.elf  "viewer.bin"
   text	   data	    bss	    dec	    hex	filename
  11076	     12	   1828	  12916	   3274	viewer.elf
Finished building: default.size.stdout
 
Finished building: viewer.bin
Finished building: viewer.list
 
 
00:10:54 **** Incremental Build of configuration Debug for project viewer ****
make -j8 all 
arm-none-eabi-gcc "../Core/Src/main.c" -mcpu=cortex-m4 -std=gnu11 -g3 '-DLSI_VALUE=32000' -DSTM32F401xE '-DHSE_STARTUP_TIMEOUT=100' '-DHSI_VALUE=16000000' '-DLSE_STARTUP_TIMEOUT=5000' -DDEBUG '-DLSE_VALUE=32768' '-DDATA_CACHE_ENABLE=1' '-DEXTERNAL_CLOCK_VALUE=12288000' '-DVDD_VALUE=3300' '-DINSTRUCTION_CACHE_ENABLE=1' '-DHSE_VALUE=25000000' -DUSE_FULL_LL_DRIVER '-DPREFETCH_ENABLE=1' -c -I../Drivers/CMSIS/Include -I../Drivers/STM32F4xx_HAL_Driver/Inc -I../Core/Inc -I../Drivers/CMSIS/Device/ST/STM32F4xx/Include -O0 -ffunction-sections -fdata-sections -Wall -fstack-usage -MMD -MP -MF"Core/Src/main.d" -MT"Core/Src/main.o" --specs=nano.specs -mfpu=fpv4-sp-d16 -mfloat-abi=hard -mthumb -o "Core/Src/main.o"
arm-none-eabi-gcc "../Core/Src/stm32f4xx_it.c" -mcpu=cortex-m4 -std=gnu11 -g3 '-DLSI_VALUE=32000' -DSTM32F401xE '-DHSE_STARTUP_TIMEOUT=100' '-DHSI_VALUE=16000000' '-DLSE_STARTUP_TIMEOUT=5000' -DDEBUG '-DLSE_VALUE=32768' '-DDATA_CACHE_ENABLE=1' '-DEXTERNAL_CLOCK_VALUE=12288000' '-DVDD_VALUE=3300' '-DINSTRUCTION_CACHE_ENABLE=1' '-DHSE_VALUE=25000000' -DUSE_FULL_LL_DRIVER '-DPREFETCH_ENABLE=1' -c -I../Drivers/CMSIS/Include -I../Drivers/STM32F4xx_HAL_Driver/Inc -I../Core/Inc -I../Drivers/CMSIS/Device/ST/STM32F4xx/Include -O0 -ffunction-sections -fdata-sections -Wall -fstack-usage -MMD -MP -MF"Core/Src/stm32f4xx_it.d" -MT"Core/Src/stm32f4xx_it.o" --specs=nano.specs -mfpu=fpv4-sp-d16 -mfloat-abi=hard -mthumb -o "Core/Src/stm32f4xx_it.o"
../Core/Src/main.c:46:20: warning: 'NN' initialized and declared 'extern'
   extern const int NN = 256;
                    ^~
arm-none-eabi-gcc -o "viewer.elf" @"objects.list"   -mcpu=cortex-m4 -T"D:\POLITO\3rd year\digital systema electronics\STM32\lab7_private\viewer\STM32F401RETX_FLASH.ld" --specs=nosys.specs -Wl,-Map="viewer.map" -Wl,--gc-sections -static --specs=nano.specs -mfpu=fpv4-sp-d16 -mfloat-abi=hard -mthumb -Wl,--start-group -lc -lm -Wl,--end-group
Finished building target: viewer.elf
 
arm-none-eabi-objdump -h -S  viewer.elf  > "viewer.list"
arm-none-eabi-objcopy  -O binary  viewer.elf  "viewer.bin"
arm-none-eabi-size   viewer.elf 
   text	   data	    bss	    dec	    hex	filename
  11164	     12	   1828	  13004	   32cc	viewer.elf
Finished building: default.size.stdout
 
Finished building: viewer.bin
 
Finished building: viewer.list
 
00:13:01 **** Incremental Build of configuration Debug for project viewer ****
make -j8 all 
arm-none-eabi-size   viewer.elf 
   text	   data	    bss	    dec	    hex	filename
  11164	     12	   1828	  13004	   32cc	viewer.elf
Finished building: default.size.stdout
 
00:13:42 **** Incremental Build of configuration Debug for project viewer ****
make -j8 all 
arm-none-eabi-size   viewer.elf 
   text	   data	    bss	    dec	    hex	filename
  11164	     12	   1828	  13004	   32cc	viewer.elf
Finished building: default.size.stdout
 
00:20:42 **** Incremental Build of configuration Debug for project viewer ****
make -j8 all 
arm-none-eabi-size   viewer.elf 
   text	   data	    bss	    dec	    hex	filename
  11164	     12	   1828	  13004	   32cc	viewer.elf
Finished building: default.size.stdout
 
00:23:19 **** Incremental Build of configuration Debug for project viewer ****
make -j8 all 
arm-none-eabi-gcc "../Core/Src/main.c" -mcpu=cortex-m4 -std=gnu11 -g3 '-DLSI_VALUE=32000' -DSTM32F401xE '-DHSE_STARTUP_TIMEOUT=100' '-DHSI_VALUE=16000000' '-DLSE_STARTUP_TIMEOUT=5000' -DDEBUG '-DLSE_VALUE=32768' '-DDATA_CACHE_ENABLE=1' '-DEXTERNAL_CLOCK_VALUE=12288000' '-DVDD_VALUE=3300' '-DINSTRUCTION_CACHE_ENABLE=1' '-DHSE_VALUE=25000000' -DUSE_FULL_LL_DRIVER '-DPREFETCH_ENABLE=1' -c -I../Drivers/CMSIS/Include -I../Drivers/STM32F4xx_HAL_Driver/Inc -I../Core/Inc -I../Drivers/CMSIS/Device/ST/STM32F4xx/Include -O0 -ffunction-sections -fdata-sections -Wall -fstack-usage -MMD -MP -MF"Core/Src/main.d" -MT"Core/Src/main.o" --specs=nano.specs -mfpu=fpv4-sp-d16 -mfloat-abi=hard -mthumb -o "Core/Src/main.o"
../Core/Src/main.c:46:20: warning: 'NN' initialized and declared 'extern'
   extern const int NN = 256;
                    ^~
arm-none-eabi-gcc -o "viewer.elf" @"objects.list"   -mcpu=cortex-m4 -T"D:\POLITO\3rd year\digital systema electronics\STM32\lab7_private\viewer\STM32F401RETX_FLASH.ld" --specs=nosys.specs -Wl,-Map="viewer.map" -Wl,--gc-sections -static --specs=nano.specs -mfpu=fpv4-sp-d16 -mfloat-abi=hard -mthumb -Wl,--start-group -lc -lm -Wl,--end-group
Finished building target: viewer.elf
 
arm-none-eabi-objdump -h -S  viewer.elf  > "viewer.list"
arm-none-eabi-objcopy  -O binary  viewer.elf  "viewer.bin"
arm-none-eabi-size   viewer.elf 
   text	   data	    bss	    dec	    hex	filename
  11164	     12	   1828	  13004	   32cc	viewer.elf
Finished building: default.size.stdout
 
Finished building: viewer.bin
 
Finished building: viewer.list
 
00:24:20 **** Incremental Build of configuration Debug for project viewer ****
make -j8 all 
arm-none-eabi-gcc "../Core/Src/main.c" -mcpu=cortex-m4 -std=gnu11 -g3 '-DLSI_VALUE=32000' -DSTM32F401xE '-DHSE_STARTUP_TIMEOUT=100' '-DHSI_VALUE=16000000' '-DLSE_STARTUP_TIMEOUT=5000' -DDEBUG '-DLSE_VALUE=32768' '-DDATA_CACHE_ENABLE=1' '-DEXTERNAL_CLOCK_VALUE=12288000' '-DVDD_VALUE=3300' '-DINSTRUCTION_CACHE_ENABLE=1' '-DHSE_VALUE=25000000' -DUSE_FULL_LL_DRIVER '-DPREFETCH_ENABLE=1' -c -I../Drivers/CMSIS/Include -I../Drivers/STM32F4xx_HAL_Driver/Inc -I../Core/Inc -I../Drivers/CMSIS/Device/ST/STM32F4xx/Include -O0 -ffunction-sections -fdata-sections -Wall -fstack-usage -MMD -MP -MF"Core/Src/main.d" -MT"Core/Src/main.o" --specs=nano.specs -mfpu=fpv4-sp-d16 -mfloat-abi=hard -mthumb -o "Core/Src/main.o"
../Core/Src/main.c:46:20: warning: 'NN' initialized and declared 'extern'
   extern const int NN = 256;
                    ^~
arm-none-eabi-gcc -o "viewer.elf" @"objects.list"   -mcpu=cortex-m4 -T"D:\POLITO\3rd year\digital systema electronics\STM32\lab7_private\viewer\STM32F401RETX_FLASH.ld" --specs=nosys.specs -Wl,-Map="viewer.map" -Wl,--gc-sections -static --specs=nano.specs -mfpu=fpv4-sp-d16 -mfloat-abi=hard -mthumb -Wl,--start-group -lc -lm -Wl,--end-group
Finished building target: viewer.elf
 
arm-none-eabi-objdump -h -S  viewer.elf  > "viewer.list"
arm-none-eabi-objcopy  -O binary  viewer.elf  "viewer.bin"
arm-none-eabi-size   viewer.elf 
   text	   data	    bss	    dec	    hex	filename
  11176	     12	   1828	  13016	   32d8	viewer.elf
Finished building: default.size.stdout
 
Finished building: viewer.bin
 
Finished building: viewer.list
 
00:24:34 **** Incremental Build of configuration Debug for project viewer ****
make -j8 all 
arm-none-eabi-size   viewer.elf 
   text	   data	    bss	    dec	    hex	filename
  11176	     12	   1828	  13016	   32d8	viewer.elf
Finished building: default.size.stdout
 
00:24:42 **** Incremental Build of configuration Debug for project viewer ****
make -j8 all 
arm-none-eabi-size   viewer.elf 
   text	   data	    bss	    dec	    hex	filename
  11176	     12	   1828	  13016	   32d8	viewer.elf
Finished building: default.size.stdout
 
00:32:46 **** Incremental Build of configuration Debug for project viewer ****
make -j8 all 
arm-none-eabi-size   viewer.elf 
   text	   data	    bss	    dec	    hex	filename
  11176	     12	   1828	  13016	   32d8	viewer.elf
Finished building: default.size.stdout
 
00:41:19 **** Incremental Build of configuration Debug for project viewer ****
make -j8 all 
arm-none-eabi-gcc "../Core/Src/main.c" -mcpu=cortex-m4 -std=gnu11 -g3 '-DLSI_VALUE=32000' -DSTM32F401xE '-DHSE_STARTUP_TIMEOUT=100' '-DHSI_VALUE=16000000' '-DLSE_STARTUP_TIMEOUT=5000' -DDEBUG '-DLSE_VALUE=32768' '-DDATA_CACHE_ENABLE=1' '-DEXTERNAL_CLOCK_VALUE=12288000' '-DVDD_VALUE=3300' '-DINSTRUCTION_CACHE_ENABLE=1' '-DHSE_VALUE=25000000' -DUSE_FULL_LL_DRIVER '-DPREFETCH_ENABLE=1' -c -I../Drivers/CMSIS/Include -I../Drivers/STM32F4xx_HAL_Driver/Inc -I../Core/Inc -I../Drivers/CMSIS/Device/ST/STM32F4xx/Include -O0 -ffunction-sections -fdata-sections -Wall -fstack-usage -MMD -MP -MF"Core/Src/main.d" -MT"Core/Src/main.o" --specs=nano.specs -mfpu=fpv4-sp-d16 -mfloat-abi=hard -mthumb -o "Core/Src/main.o"
arm-none-eabi-gcc "../Core/Src/stm32f4xx_it.c" -mcpu=cortex-m4 -std=gnu11 -g3 '-DLSI_VALUE=32000' -DSTM32F401xE '-DHSE_STARTUP_TIMEOUT=100' '-DHSI_VALUE=16000000' '-DLSE_STARTUP_TIMEOUT=5000' -DDEBUG '-DLSE_VALUE=32768' '-DDATA_CACHE_ENABLE=1' '-DEXTERNAL_CLOCK_VALUE=12288000' '-DVDD_VALUE=3300' '-DINSTRUCTION_CACHE_ENABLE=1' '-DHSE_VALUE=25000000' -DUSE_FULL_LL_DRIVER '-DPREFETCH_ENABLE=1' -c -I../Drivers/CMSIS/Include -I../Drivers/STM32F4xx_HAL_Driver/Inc -I../Core/Inc -I../Drivers/CMSIS/Device/ST/STM32F4xx/Include -O0 -ffunction-sections -fdata-sections -Wall -fstack-usage -MMD -MP -MF"Core/Src/stm32f4xx_it.d" -MT"Core/Src/stm32f4xx_it.o" --specs=nano.specs -mfpu=fpv4-sp-d16 -mfloat-abi=hard -mthumb -o "Core/Src/stm32f4xx_it.o"
../Core/Src/main.c:46:20: warning: 'NN' initialized and declared 'extern'
   extern const int NN = 256;
                    ^~
arm-none-eabi-gcc -o "viewer.elf" @"objects.list"   -mcpu=cortex-m4 -T"D:\POLITO\3rd year\digital systema electronics\STM32\lab7_private\viewer\STM32F401RETX_FLASH.ld" --specs=nosys.specs -Wl,-Map="viewer.map" -Wl,--gc-sections -static --specs=nano.specs -mfpu=fpv4-sp-d16 -mfloat-abi=hard -mthumb -Wl,--start-group -lc -lm -Wl,--end-group
Finished building target: viewer.elf
 
arm-none-eabi-objdump -h -S  viewer.elf  > "viewer.list"
arm-none-eabi-objcopy  -O binary  viewer.elf  "viewer.bin"
arm-none-eabi-size   viewer.elf 
   text	   data	    bss	    dec	    hex	filename
  11124	     12	   1828	  12964	   32a4	viewer.elf
Finished building: default.size.stdout
 
Finished building: viewer.bin
 
Finished building: viewer.list
 
00:41:38 **** Incremental Build of configuration Debug for project viewer ****
make -j8 all 
arm-none-eabi-size   viewer.elf 
   text	   data	    bss	    dec	    hex	filename
  11124	     12	   1828	  12964	   32a4	viewer.elf
Finished building: default.size.stdout
 
00:41:47 **** Incremental Build of configuration Debug for project viewer ****
make -j8 all 
arm-none-eabi-size   viewer.elf 
   text	   data	    bss	    dec	    hex	filename
  11124	     12	   1828	  12964	   32a4	viewer.elf
Finished building: default.size.stdout
 
00:46:37 **** Incremental Build of configuration Debug for project viewer ****
make -j8 all 
arm-none-eabi-gcc "../Core/Src/main.c" -mcpu=cortex-m4 -std=gnu11 -g3 '-DLSI_VALUE=32000' -DSTM32F401xE '-DHSE_STARTUP_TIMEOUT=100' '-DHSI_VALUE=16000000' '-DLSE_STARTUP_TIMEOUT=5000' -DDEBUG '-DLSE_VALUE=32768' '-DDATA_CACHE_ENABLE=1' '-DEXTERNAL_CLOCK_VALUE=12288000' '-DVDD_VALUE=3300' '-DINSTRUCTION_CACHE_ENABLE=1' '-DHSE_VALUE=25000000' -DUSE_FULL_LL_DRIVER '-DPREFETCH_ENABLE=1' -c -I../Drivers/CMSIS/Include -I../Drivers/STM32F4xx_HAL_Driver/Inc -I../Core/Inc -I../Drivers/CMSIS/Device/ST/STM32F4xx/Include -O0 -ffunction-sections -fdata-sections -Wall -fstack-usage -MMD -MP -MF"Core/Src/main.d" -MT"Core/Src/main.o" --specs=nano.specs -mfpu=fpv4-sp-d16 -mfloat-abi=hard -mthumb -o "Core/Src/main.o"
arm-none-eabi-gcc "../Core/Src/stm32f4xx_it.c" -mcpu=cortex-m4 -std=gnu11 -g3 '-DLSI_VALUE=32000' -DSTM32F401xE '-DHSE_STARTUP_TIMEOUT=100' '-DHSI_VALUE=16000000' '-DLSE_STARTUP_TIMEOUT=5000' -DDEBUG '-DLSE_VALUE=32768' '-DDATA_CACHE_ENABLE=1' '-DEXTERNAL_CLOCK_VALUE=12288000' '-DVDD_VALUE=3300' '-DINSTRUCTION_CACHE_ENABLE=1' '-DHSE_VALUE=25000000' -DUSE_FULL_LL_DRIVER '-DPREFETCH_ENABLE=1' -c -I../Drivers/CMSIS/Include -I../Drivers/STM32F4xx_HAL_Driver/Inc -I../Core/Inc -I../Drivers/CMSIS/Device/ST/STM32F4xx/Include -O0 -ffunction-sections -fdata-sections -Wall -fstack-usage -MMD -MP -MF"Core/Src/stm32f4xx_it.d" -MT"Core/Src/stm32f4xx_it.o" --specs=nano.specs -mfpu=fpv4-sp-d16 -mfloat-abi=hard -mthumb -o "Core/Src/stm32f4xx_it.o"
../Core/Src/main.c:46:20: warning: 'NN' initialized and declared 'extern'
   extern const int NN = 256;
                    ^~
arm-none-eabi-gcc -o "viewer.elf" @"objects.list"   -mcpu=cortex-m4 -T"D:\POLITO\3rd year\digital systema electronics\STM32\lab7_private\viewer\STM32F401RETX_FLASH.ld" --specs=nosys.specs -Wl,-Map="viewer.map" -Wl,--gc-sections -static --specs=nano.specs -mfpu=fpv4-sp-d16 -mfloat-abi=hard -mthumb -Wl,--start-group -lc -lm -Wl,--end-group
Finished building target: viewer.elf
 
arm-none-eabi-objdump -h -S  viewer.elf  > "viewer.list"
arm-none-eabi-objcopy  -O binary  viewer.elf  "viewer.bin"
arm-none-eabi-size   viewer.elf 
   text	   data	    bss	    dec	    hex	filename
  11176	     12	   1828	  13016	   32d8	viewer.elf
Finished building: default.size.stdout
 
Finished building: viewer.bin
 
Finished building: viewer.list
 
00:46:46 **** Incremental Build of configuration Debug for project viewer ****
make -j8 all 
arm-none-eabi-size   viewer.elf 
   text	   data	    bss	    dec	    hex	filename
  11176	     12	   1828	  13016	   32d8	viewer.elf
Finished building: default.size.stdout
 
00:48:56 **** Incremental Build of configuration Debug for project viewer ****
make -j8 all 
arm-none-eabi-size   viewer.elf 
   text	   data	    bss	    dec	    hex	filename
  11176	     12	   1828	  13016	   32d8	viewer.elf
Finished building: default.size.stdout
 
00:49:46 **** Incremental Build of configuration Debug for project viewer ****
make -j8 all 
arm-none-eabi-size   viewer.elf 
   text	   data	    bss	    dec	    hex	filename
  11176	     12	   1828	  13016	   32d8	viewer.elf
Finished building: default.size.stdout
 
00:50:29 **** Incremental Build of configuration Debug for project viewer ****
make -j8 all 
arm-none-eabi-size   viewer.elf 
   text	   data	    bss	    dec	    hex	filename
  11176	     12	   1828	  13016	   32d8	viewer.elf
Finished building: default.size.stdout
 
00:50:40 **** Incremental Build of configuration Debug for project viewer ****
make -j8 all 
arm-none-eabi-size   viewer.elf 
   text	   data	    bss	    dec	    hex	filename
  11176	     12	   1828	  13016	   32d8	viewer.elf
Finished building: default.size.stdout
 
00:50:44 **** Incremental Build of configuration Debug for project viewer ****
make -j8 all 
arm-none-eabi-size   viewer.elf 
   text	   data	    bss	    dec	    hex	filename
  11176	     12	   1828	  13016	   32d8	viewer.elf
Finished building: default.size.stdout
 
00:50:59 **** Incremental Build of configuration Debug for project viewer ****
make -j8 all 
arm-none-eabi-size   viewer.elf 
   text	   data	    bss	    dec	    hex	filename
  11176	     12	   1828	  13016	   32d8	viewer.elf
Finished building: default.size.stdout
 
01:01:38 **** Incremental Build of configuration Debug for project viewer ****
make -j8 all 
arm-none-eabi-gcc "../Core/Src/main.c" -mcpu=cortex-m4 -std=gnu11 -g3 '-DLSI_VALUE=32000' -DSTM32F401xE '-DHSE_STARTUP_TIMEOUT=100' '-DHSI_VALUE=16000000' '-DLSE_STARTUP_TIMEOUT=5000' -DDEBUG '-DLSE_VALUE=32768' '-DDATA_CACHE_ENABLE=1' '-DEXTERNAL_CLOCK_VALUE=12288000' '-DVDD_VALUE=3300' '-DINSTRUCTION_CACHE_ENABLE=1' '-DHSE_VALUE=25000000' -DUSE_FULL_LL_DRIVER '-DPREFETCH_ENABLE=1' -c -I../Drivers/CMSIS/Include -I../Drivers/STM32F4xx_HAL_Driver/Inc -I../Core/Inc -I../Drivers/CMSIS/Device/ST/STM32F4xx/Include -O0 -ffunction-sections -fdata-sections -Wall -fstack-usage -MMD -MP -MF"Core/Src/main.d" -MT"Core/Src/main.o" --specs=nano.specs -mfpu=fpv4-sp-d16 -mfloat-abi=hard -mthumb -o "Core/Src/main.o"
../Core/Src/main.c:46:20: warning: 'NN' initialized and declared 'extern'
   extern const int NN = 256;
                    ^~
arm-none-eabi-gcc -o "viewer.elf" @"objects.list"   -mcpu=cortex-m4 -T"D:\POLITO\3rd year\digital systema electronics\STM32\lab7_private\viewer\STM32F401RETX_FLASH.ld" --specs=nosys.specs -Wl,-Map="viewer.map" -Wl,--gc-sections -static --specs=nano.specs -mfpu=fpv4-sp-d16 -mfloat-abi=hard -mthumb -Wl,--start-group -lc -lm -Wl,--end-group
Finished building target: viewer.elf
 
arm-none-eabi-objdump -h -S  viewer.elf  > "viewer.list"
arm-none-eabi-objcopy  -O binary  viewer.elf  "viewer.bin"
arm-none-eabi-size   viewer.elf 
   text	   data	    bss	    dec	    hex	filename
  11180	     12	   1828	  13020	   32dc	viewer.elf
Finished building: default.size.stdout
 
Finished building: viewer.bin
 
Finished building: viewer.list
 
01:01:44 **** Incremental Build of configuration Debug for project viewer ****
make -j8 all 
arm-none-eabi-size   viewer.elf 
   text	   data	    bss	    dec	    hex	filename
  11180	     12	   1828	  13020	   32dc	viewer.elf
Finished building: default.size.stdout
 
01:01:53 **** Incremental Build of configuration Debug for project viewer ****
make -j8 all 
arm-none-eabi-size   viewer.elf 
   text	   data	    bss	    dec	    hex	filename
  11180	     12	   1828	  13020	   32dc	viewer.elf
Finished building: default.size.stdout
 
01:02:03 **** Incremental Build of configuration Debug for project viewer ****
make -j8 all 
arm-none-eabi-size   viewer.elf 
   text	   data	    bss	    dec	    hex	filename
  11180	     12	   1828	  13020	   32dc	viewer.elf
Finished building: default.size.stdout
 
01:06:47 **** Incremental Build of configuration Debug for project viewer ****
make -j8 all 
arm-none-eabi-gcc "../Core/Src/main.c" -mcpu=cortex-m4 -std=gnu11 -g3 '-DLSI_VALUE=32000' -DSTM32F401xE '-DHSE_STARTUP_TIMEOUT=100' '-DHSI_VALUE=16000000' '-DLSE_STARTUP_TIMEOUT=5000' -DDEBUG '-DLSE_VALUE=32768' '-DDATA_CACHE_ENABLE=1' '-DEXTERNAL_CLOCK_VALUE=12288000' '-DVDD_VALUE=3300' '-DINSTRUCTION_CACHE_ENABLE=1' '-DHSE_VALUE=25000000' -DUSE_FULL_LL_DRIVER '-DPREFETCH_ENABLE=1' -c -I../Drivers/CMSIS/Include -I../Drivers/STM32F4xx_HAL_Driver/Inc -I../Core/Inc -I../Drivers/CMSIS/Device/ST/STM32F4xx/Include -O0 -ffunction-sections -fdata-sections -Wall -fstack-usage -MMD -MP -MF"Core/Src/main.d" -MT"Core/Src/main.o" --specs=nano.specs -mfpu=fpv4-sp-d16 -mfloat-abi=hard -mthumb -o "Core/Src/main.o"
../Core/Src/main.c:46:20: warning: 'NN' initialized and declared 'extern'
   extern const int NN = 256;
                    ^~
arm-none-eabi-gcc -o "viewer.elf" @"objects.list"   -mcpu=cortex-m4 -T"D:\POLITO\3rd year\digital systema electronics\STM32\lab7_private\viewer\STM32F401RETX_FLASH.ld" --specs=nosys.specs -Wl,-Map="viewer.map" -Wl,--gc-sections -static --specs=nano.specs -mfpu=fpv4-sp-d16 -mfloat-abi=hard -mthumb -Wl,--start-group -lc -lm -Wl,--end-group
Finished building target: viewer.elf
 
arm-none-eabi-objdump -h -S  viewer.elf  > "viewer.list"
arm-none-eabi-objcopy  -O binary  viewer.elf  "viewer.bin"
arm-none-eabi-size   viewer.elf 
   text	   data	    bss	    dec	    hex	filename
  11176	     12	   1828	  13016	   32d8	viewer.elf
Finished building: default.size.stdout
 
Finished building: viewer.bin
 
Finished building: viewer.list
 
01:06:53 **** Incremental Build of configuration Debug for project viewer ****
make -j8 all 
arm-none-eabi-size   viewer.elf 
   text	   data	    bss	    dec	    hex	filename
  11176	     12	   1828	  13016	   32d8	viewer.elf
Finished building: default.size.stdout
 
01:07:02 **** Incremental Build of configuration Debug for project viewer ****
make -j8 all 
arm-none-eabi-size   viewer.elf 
   text	   data	    bss	    dec	    hex	filename
  11176	     12	   1828	  13016	   32d8	viewer.elf
Finished building: default.size.stdout
 
01:07:31 **** Incremental Build of configuration Debug for project viewer ****
make -j8 all 
arm-none-eabi-size   viewer.elf 
   text	   data	    bss	    dec	    hex	filename
  11176	     12	   1828	  13016	   32d8	viewer.elf
Finished building: default.size.stdout
 
10:50:23 **** Build of configuration Debug for project trial ****
make -j8 all 
arm-none-eabi-gcc "../Drivers/STM32F4xx_HAL_Driver/Src/stm32f4xx_ll_exti.c" -mcpu=cortex-m4 -std=gnu11 -g3 '-DLSI_VALUE=32000' -DSTM32F401xE '-DHSE_STARTUP_TIMEOUT=100' '-DHSI_VALUE=16000000' -DDEBUG '-DLSE_STARTUP_TIMEOUT=5000' '-DLSE_VALUE=32768' '-DDATA_CACHE_ENABLE=1' '-DEXTERNAL_CLOCK_VALUE=12288000' '-DVDD_VALUE=3300' '-DINSTRUCTION_CACHE_ENABLE=1' '-DHSE_VALUE=25000000' -DUSE_FULL_LL_DRIVER '-DPREFETCH_ENABLE=1' -c -I../Drivers/CMSIS/Include -I../Drivers/STM32F4xx_HAL_Driver/Inc -I../Core/Inc -I../Drivers/CMSIS/Device/ST/STM32F4xx/Include -O0 -ffunction-sections -fdata-sections -Wall -fstack-usage -MMD -MP -MF"Drivers/STM32F4xx_HAL_Driver/Src/stm32f4xx_ll_exti.d" -MT"Drivers/STM32F4xx_HAL_Driver/Src/stm32f4xx_ll_exti.o" --specs=nano.specs -mfpu=fpv4-sp-d16 -mfloat-abi=hard -mthumb -o "Drivers/STM32F4xx_HAL_Driver/Src/stm32f4xx_ll_exti.o"
arm-none-eabi-gcc "../Drivers/STM32F4xx_HAL_Driver/Src/stm32f4xx_ll_gpio.c" -mcpu=cortex-m4 -std=gnu11 -g3 '-DLSI_VALUE=32000' -DSTM32F401xE '-DHSE_STARTUP_TIMEOUT=100' '-DHSI_VALUE=16000000' -DDEBUG '-DLSE_STARTUP_TIMEOUT=5000' '-DLSE_VALUE=32768' '-DDATA_CACHE_ENABLE=1' '-DEXTERNAL_CLOCK_VALUE=12288000' '-DVDD_VALUE=3300' '-DINSTRUCTION_CACHE_ENABLE=1' '-DHSE_VALUE=25000000' -DUSE_FULL_LL_DRIVER '-DPREFETCH_ENABLE=1' -c -I../Drivers/CMSIS/Include -I../Drivers/STM32F4xx_HAL_Driver/Inc -I../Core/Inc -I../Drivers/CMSIS/Device/ST/STM32F4xx/Include -O0 -ffunction-sections -fdata-sections -Wall -fstack-usage -MMD -MP -MF"Drivers/STM32F4xx_HAL_Driver/Src/stm32f4xx_ll_gpio.d" -MT"Drivers/STM32F4xx_HAL_Driver/Src/stm32f4xx_ll_gpio.o" --specs=nano.specs -mfpu=fpv4-sp-d16 -mfloat-abi=hard -mthumb -o "Drivers/STM32F4xx_HAL_Driver/Src/stm32f4xx_ll_gpio.o"
arm-none-eabi-gcc "../Drivers/STM32F4xx_HAL_Driver/Src/stm32f4xx_ll_rcc.c" -mcpu=cortex-m4 -std=gnu11 -g3 '-DLSI_VALUE=32000' -DSTM32F401xE '-DHSE_STARTUP_TIMEOUT=100' '-DHSI_VALUE=16000000' -DDEBUG '-DLSE_STARTUP_TIMEOUT=5000' '-DLSE_VALUE=32768' '-DDATA_CACHE_ENABLE=1' '-DEXTERNAL_CLOCK_VALUE=12288000' '-DVDD_VALUE=3300' '-DINSTRUCTION_CACHE_ENABLE=1' '-DHSE_VALUE=25000000' -DUSE_FULL_LL_DRIVER '-DPREFETCH_ENABLE=1' -c -I../Drivers/CMSIS/Include -I../Drivers/STM32F4xx_HAL_Driver/Inc -I../Core/Inc -I../Drivers/CMSIS/Device/ST/STM32F4xx/Include -O0 -ffunction-sections -fdata-sections -Wall -fstack-usage -MMD -MP -MF"Drivers/STM32F4xx_HAL_Driver/Src/stm32f4xx_ll_rcc.d" -MT"Drivers/STM32F4xx_HAL_Driver/Src/stm32f4xx_ll_rcc.o" --specs=nano.specs -mfpu=fpv4-sp-d16 -mfloat-abi=hard -mthumb -o "Drivers/STM32F4xx_HAL_Driver/Src/stm32f4xx_ll_rcc.o"
arm-none-eabi-gcc "../Drivers/STM32F4xx_HAL_Driver/Src/stm32f4xx_ll_utils.c" -mcpu=cortex-m4 -std=gnu11 -g3 '-DLSI_VALUE=32000' -DSTM32F401xE '-DHSE_STARTUP_TIMEOUT=100' '-DHSI_VALUE=16000000' -DDEBUG '-DLSE_STARTUP_TIMEOUT=5000' '-DLSE_VALUE=32768' '-DDATA_CACHE_ENABLE=1' '-DEXTERNAL_CLOCK_VALUE=12288000' '-DVDD_VALUE=3300' '-DINSTRUCTION_CACHE_ENABLE=1' '-DHSE_VALUE=25000000' -DUSE_FULL_LL_DRIVER '-DPREFETCH_ENABLE=1' -c -I../Drivers/CMSIS/Include -I../Drivers/STM32F4xx_HAL_Driver/Inc -I../Core/Inc -I../Drivers/CMSIS/Device/ST/STM32F4xx/Include -O0 -ffunction-sections -fdata-sections -Wall -fstack-usage -MMD -MP -MF"Drivers/STM32F4xx_HAL_Driver/Src/stm32f4xx_ll_utils.d" -MT"Drivers/STM32F4xx_HAL_Driver/Src/stm32f4xx_ll_utils.o" --specs=nano.specs -mfpu=fpv4-sp-d16 -mfloat-abi=hard -mthumb -o "Drivers/STM32F4xx_HAL_Driver/Src/stm32f4xx_ll_utils.o"
arm-none-eabi-gcc -mcpu=cortex-m4 -g3 -c -x assembler-with-cpp --specs=nano.specs -mfpu=fpv4-sp-d16 -mfloat-abi=hard -mthumb -o "Core/Startup/startup_stm32f401retx.o" "../Core/Startup/startup_stm32f401retx.s"
arm-none-eabi-gcc "../Core/Src/main.c" -mcpu=cortex-m4 -std=gnu11 -g3 '-DLSI_VALUE=32000' -DSTM32F401xE '-DHSE_STARTUP_TIMEOUT=100' '-DHSI_VALUE=16000000' -DDEBUG '-DLSE_STARTUP_TIMEOUT=5000' '-DLSE_VALUE=32768' '-DDATA_CACHE_ENABLE=1' '-DEXTERNAL_CLOCK_VALUE=12288000' '-DVDD_VALUE=3300' '-DINSTRUCTION_CACHE_ENABLE=1' '-DHSE_VALUE=25000000' -DUSE_FULL_LL_DRIVER '-DPREFETCH_ENABLE=1' -c -I../Drivers/CMSIS/Include -I../Drivers/STM32F4xx_HAL_Driver/Inc -I../Core/Inc -I../Drivers/CMSIS/Device/ST/STM32F4xx/Include -O0 -ffunction-sections -fdata-sections -Wall -fstack-usage -MMD -MP -MF"Core/Src/main.d" -MT"Core/Src/main.o" --specs=nano.specs -mfpu=fpv4-sp-d16 -mfloat-abi=hard -mthumb -o "Core/Src/main.o"
arm-none-eabi-gcc "../Core/Src/stm32f4xx_it.c" -mcpu=cortex-m4 -std=gnu11 -g3 '-DLSI_VALUE=32000' -DSTM32F401xE '-DHSE_STARTUP_TIMEOUT=100' '-DHSI_VALUE=16000000' -DDEBUG '-DLSE_STARTUP_TIMEOUT=5000' '-DLSE_VALUE=32768' '-DDATA_CACHE_ENABLE=1' '-DEXTERNAL_CLOCK_VALUE=12288000' '-DVDD_VALUE=3300' '-DINSTRUCTION_CACHE_ENABLE=1' '-DHSE_VALUE=25000000' -DUSE_FULL_LL_DRIVER '-DPREFETCH_ENABLE=1' -c -I../Drivers/CMSIS/Include -I../Drivers/STM32F4xx_HAL_Driver/Inc -I../Core/Inc -I../Drivers/CMSIS/Device/ST/STM32F4xx/Include -O0 -ffunction-sections -fdata-sections -Wall -fstack-usage -MMD -MP -MF"Core/Src/stm32f4xx_it.d" -MT"Core/Src/stm32f4xx_it.o" --specs=nano.specs -mfpu=fpv4-sp-d16 -mfloat-abi=hard -mthumb -o "Core/Src/stm32f4xx_it.o"
arm-none-eabi-gcc "../Core/Src/syscalls.c" -mcpu=cortex-m4 -std=gnu11 -g3 '-DLSI_VALUE=32000' -DSTM32F401xE '-DHSE_STARTUP_TIMEOUT=100' '-DHSI_VALUE=16000000' -DDEBUG '-DLSE_STARTUP_TIMEOUT=5000' '-DLSE_VALUE=32768' '-DDATA_CACHE_ENABLE=1' '-DEXTERNAL_CLOCK_VALUE=12288000' '-DVDD_VALUE=3300' '-DINSTRUCTION_CACHE_ENABLE=1' '-DHSE_VALUE=25000000' -DUSE_FULL_LL_DRIVER '-DPREFETCH_ENABLE=1' -c -I../Drivers/CMSIS/Include -I../Drivers/STM32F4xx_HAL_Driver/Inc -I../Core/Inc -I../Drivers/CMSIS/Device/ST/STM32F4xx/Include -O0 -ffunction-sections -fdata-sections -Wall -fstack-usage -MMD -MP -MF"Core/Src/syscalls.d" -MT"Core/Src/syscalls.o" --specs=nano.specs -mfpu=fpv4-sp-d16 -mfloat-abi=hard -mthumb -o "Core/Src/syscalls.o"
arm-none-eabi-gcc "../Core/Src/sysmem.c" -mcpu=cortex-m4 -std=gnu11 -g3 '-DLSI_VALUE=32000' -DSTM32F401xE '-DHSE_STARTUP_TIMEOUT=100' '-DHSI_VALUE=16000000' -DDEBUG '-DLSE_STARTUP_TIMEOUT=5000' '-DLSE_VALUE=32768' '-DDATA_CACHE_ENABLE=1' '-DEXTERNAL_CLOCK_VALUE=12288000' '-DVDD_VALUE=3300' '-DINSTRUCTION_CACHE_ENABLE=1' '-DHSE_VALUE=25000000' -DUSE_FULL_LL_DRIVER '-DPREFETCH_ENABLE=1' -c -I../Drivers/CMSIS/Include -I../Drivers/STM32F4xx_HAL_Driver/Inc -I../Core/Inc -I../Drivers/CMSIS/Device/ST/STM32F4xx/Include -O0 -ffunction-sections -fdata-sections -Wall -fstack-usage -MMD -MP -MF"Core/Src/sysmem.d" -MT"Core/Src/sysmem.o" --specs=nano.specs -mfpu=fpv4-sp-d16 -mfloat-abi=hard -mthumb -o "Core/Src/sysmem.o"
arm-none-eabi-gcc "../Core/Src/system_stm32f4xx.c" -mcpu=cortex-m4 -std=gnu11 -g3 '-DLSI_VALUE=32000' -DSTM32F401xE '-DHSE_STARTUP_TIMEOUT=100' '-DHSI_VALUE=16000000' -DDEBUG '-DLSE_STARTUP_TIMEOUT=5000' '-DLSE_VALUE=32768' '-DDATA_CACHE_ENABLE=1' '-DEXTERNAL_CLOCK_VALUE=12288000' '-DVDD_VALUE=3300' '-DINSTRUCTION_CACHE_ENABLE=1' '-DHSE_VALUE=25000000' -DUSE_FULL_LL_DRIVER '-DPREFETCH_ENABLE=1' -c -I../Drivers/CMSIS/Include -I../Drivers/STM32F4xx_HAL_Driver/Inc -I../Core/Inc -I../Drivers/CMSIS/Device/ST/STM32F4xx/Include -O0 -ffunction-sections -fdata-sections -Wall -fstack-usage -MMD -MP -MF"Core/Src/system_stm32f4xx.d" -MT"Core/Src/system_stm32f4xx.o" --specs=nano.specs -mfpu=fpv4-sp-d16 -mfloat-abi=hard -mthumb -o "Core/Src/system_stm32f4xx.o"
arm-none-eabi-gcc -o "trial.elf" @"objects.list"   -mcpu=cortex-m4 -T"D:\POLITO\3rd year\digital systema electronics\STM32\lab7_private\trial\STM32F401RETX_FLASH.ld" --specs=nosys.specs -Wl,-Map="trial.map" -Wl,--gc-sections -static --specs=nano.specs -mfpu=fpv4-sp-d16 -mfloat-abi=hard -mthumb -Wl,--start-group -lc -lm -Wl,--end-group
Finished building target: trial.elf
 
arm-none-eabi-size   trial.elf 
arm-none-eabi-objdump -h -S  trial.elf  > "trial.list"
arm-none-eabi-objcopy  -O binary  trial.elf  "trial.bin"
   text	   data	    bss	    dec	    hex	filename
   2708	     12	   1564	   4284	   10bc	trial.elf
Finished building: default.size.stdout
 
Finished building: trial.bin
Finished building: trial.list
 
 
10:50:26 **** Incremental Build of configuration Debug for project viewer ****
make -j8 all 
arm-none-eabi-size   viewer.elf 
   text	   data	    bss	    dec	    hex	filename
  11176	     12	   1828	  13016	   32d8	viewer.elf
Finished building: default.size.stdout
 
10:50:49 **** Incremental Build of configuration Debug for project trial ****
make -j8 all 
arm-none-eabi-size   trial.elf 
   text	   data	    bss	    dec	    hex	filename
   2708	     12	   1564	   4284	   10bc	trial.elf
Finished building: default.size.stdout
 
10:54:27 **** Incremental Build of configuration Debug for project trial ****
make -j8 all 
arm-none-eabi-size   trial.elf 
   text	   data	    bss	    dec	    hex	filename
   2708	     12	   1564	   4284	   10bc	trial.elf
Finished building: default.size.stdout
 
11:04:12 **** Incremental Build of configuration Debug for project trial ****
make -j8 all 
arm-none-eabi-gcc "../Core/Src/main.c" -mcpu=cortex-m4 -std=gnu11 -g3 '-DLSI_VALUE=32000' -DSTM32F401xE '-DHSE_STARTUP_TIMEOUT=100' '-DHSI_VALUE=16000000' -DDEBUG '-DLSE_STARTUP_TIMEOUT=5000' '-DLSE_VALUE=32768' '-DDATA_CACHE_ENABLE=1' '-DEXTERNAL_CLOCK_VALUE=12288000' '-DVDD_VALUE=3300' '-DINSTRUCTION_CACHE_ENABLE=1' '-DHSE_VALUE=25000000' -DUSE_FULL_LL_DRIVER '-DPREFETCH_ENABLE=1' -c -I../Drivers/CMSIS/Include -I../Drivers/STM32F4xx_HAL_Driver/Inc -I../Core/Inc -I../Drivers/CMSIS/Device/ST/STM32F4xx/Include -O0 -ffunction-sections -fdata-sections -Wall -fstack-usage -MMD -MP -MF"Core/Src/main.d" -MT"Core/Src/main.o" --specs=nano.specs -mfpu=fpv4-sp-d16 -mfloat-abi=hard -mthumb -o "Core/Src/main.o"
arm-none-eabi-gcc -o "trial.elf" @"objects.list"   -mcpu=cortex-m4 -T"D:\POLITO\3rd year\digital systema electronics\STM32\lab7_private\trial\STM32F401RETX_FLASH.ld" --specs=nosys.specs -Wl,-Map="trial.map" -Wl,--gc-sections -static --specs=nano.specs -mfpu=fpv4-sp-d16 -mfloat-abi=hard -mthumb -Wl,--start-group -lc -lm -Wl,--end-group
Finished building target: trial.elf
 
arm-none-eabi-objdump -h -S  trial.elf  > "trial.list"
arm-none-eabi-objcopy  -O binary  trial.elf  "trial.bin"
arm-none-eabi-size   trial.elf 
   text	   data	    bss	    dec	    hex	filename
   2708	     12	   1564	   4284	   10bc	trial.elf
Finished building: default.size.stdout
 
Finished building: trial.bin
Finished building: trial.list
 
 
11:04:14 **** Incremental Build of configuration Debug for project viewer ****
make -j8 all 
arm-none-eabi-size   viewer.elf 
   text	   data	    bss	    dec	    hex	filename
  11176	     12	   1828	  13016	   32d8	viewer.elf
Finished building: default.size.stdout
 
11:04:18 **** Incremental Build of configuration Debug for project trial ****
make -j8 all 
arm-none-eabi-size   trial.elf 
   text	   data	    bss	    dec	    hex	filename
   2708	     12	   1564	   4284	   10bc	trial.elf
Finished building: default.size.stdout
 
11:04:32 **** Incremental Build of configuration Debug for project trial ****
make -j8 all 
arm-none-eabi-size   trial.elf 
   text	   data	    bss	    dec	    hex	filename
   2708	     12	   1564	   4284	   10bc	trial.elf
Finished building: default.size.stdout
 
11:07:32 **** Incremental Build of configuration Debug for project trial ****
make -j8 all 
arm-none-eabi-gcc "../Core/Src/main.c" -mcpu=cortex-m4 -std=gnu11 -g3 '-DLSI_VALUE=32000' -DSTM32F401xE '-DHSE_STARTUP_TIMEOUT=100' '-DHSI_VALUE=16000000' -DDEBUG '-DLSE_STARTUP_TIMEOUT=5000' '-DLSE_VALUE=32768' '-DDATA_CACHE_ENABLE=1' '-DEXTERNAL_CLOCK_VALUE=12288000' '-DVDD_VALUE=3300' '-DINSTRUCTION_CACHE_ENABLE=1' '-DHSE_VALUE=25000000' -DUSE_FULL_LL_DRIVER '-DPREFETCH_ENABLE=1' -c -I../Drivers/CMSIS/Include -I../Drivers/STM32F4xx_HAL_Driver/Inc -I../Core/Inc -I../Drivers/CMSIS/Device/ST/STM32F4xx/Include -O0 -ffunction-sections -fdata-sections -Wall -fstack-usage -MMD -MP -MF"Core/Src/main.d" -MT"Core/Src/main.o" --specs=nano.specs -mfpu=fpv4-sp-d16 -mfloat-abi=hard -mthumb -o "Core/Src/main.o"
arm-none-eabi-gcc "../Core/Src/stm32f4xx_it.c" -mcpu=cortex-m4 -std=gnu11 -g3 '-DLSI_VALUE=32000' -DSTM32F401xE '-DHSE_STARTUP_TIMEOUT=100' '-DHSI_VALUE=16000000' -DDEBUG '-DLSE_STARTUP_TIMEOUT=5000' '-DLSE_VALUE=32768' '-DDATA_CACHE_ENABLE=1' '-DEXTERNAL_CLOCK_VALUE=12288000' '-DVDD_VALUE=3300' '-DINSTRUCTION_CACHE_ENABLE=1' '-DHSE_VALUE=25000000' -DUSE_FULL_LL_DRIVER '-DPREFETCH_ENABLE=1' -c -I../Drivers/CMSIS/Include -I../Drivers/STM32F4xx_HAL_Driver/Inc -I../Core/Inc -I../Drivers/CMSIS/Device/ST/STM32F4xx/Include -O0 -ffunction-sections -fdata-sections -Wall -fstack-usage -MMD -MP -MF"Core/Src/stm32f4xx_it.d" -MT"Core/Src/stm32f4xx_it.o" --specs=nano.specs -mfpu=fpv4-sp-d16 -mfloat-abi=hard -mthumb -o "Core/Src/stm32f4xx_it.o"
arm-none-eabi-gcc -o "trial.elf" @"objects.list"   -mcpu=cortex-m4 -T"D:\POLITO\3rd year\digital systema electronics\STM32\lab7_private\trial\STM32F401RETX_FLASH.ld" --specs=nosys.specs -Wl,-Map="trial.map" -Wl,--gc-sections -static --specs=nano.specs -mfpu=fpv4-sp-d16 -mfloat-abi=hard -mthumb -Wl,--start-group -lc -lm -Wl,--end-group
Finished building target: trial.elf
 
arm-none-eabi-objdump -h -S  trial.elf  > "trial.list"
arm-none-eabi-objcopy  -O binary  trial.elf  "trial.bin"
arm-none-eabi-size   trial.elf 
   text	   data	    bss	    dec	    hex	filename
   2940	     16	   1568	   4524	   11ac	trial.elf
Finished building: default.size.stdout
 
Finished building: trial.bin
Finished building: trial.list
 
 
11:07:34 **** Incremental Build of configuration Debug for project viewer ****
make -j8 all 
arm-none-eabi-size   viewer.elf 
   text	   data	    bss	    dec	    hex	filename
  11176	     12	   1828	  13016	   32d8	viewer.elf
Finished building: default.size.stdout
 
11:07:51 **** Incremental Build of configuration Debug for project trial ****
make -j8 all 
arm-none-eabi-size   trial.elf 
   text	   data	    bss	    dec	    hex	filename
   2940	     16	   1568	   4524	   11ac	trial.elf
Finished building: default.size.stdout
 
11:07:52 **** Incremental Build of configuration Debug for project viewer ****
make -j8 all 
arm-none-eabi-size   viewer.elf 
   text	   data	    bss	    dec	    hex	filename
  11176	     12	   1828	  13016	   32d8	viewer.elf
Finished building: default.size.stdout
 
11:07:58 **** Incremental Build of configuration Debug for project trial ****
make -j8 all 
arm-none-eabi-size   trial.elf 
   text	   data	    bss	    dec	    hex	filename
   2940	     16	   1568	   4524	   11ac	trial.elf
Finished building: default.size.stdout
 
11:08:23 **** Incremental Build of configuration Debug for project trial ****
make -j8 all 
arm-none-eabi-size   trial.elf 
   text	   data	    bss	    dec	    hex	filename
   2940	     16	   1568	   4524	   11ac	trial.elf
Finished building: default.size.stdout
 
11:17:06 **** Incremental Build of configuration Debug for project trial ****
make -j8 all 
arm-none-eabi-gcc "../Core/Src/main.c" -mcpu=cortex-m4 -std=gnu11 -g3 '-DLSI_VALUE=32000' -DSTM32F401xE '-DHSE_STARTUP_TIMEOUT=100' '-DHSI_VALUE=16000000' -DDEBUG '-DLSE_STARTUP_TIMEOUT=5000' '-DLSE_VALUE=32768' '-DDATA_CACHE_ENABLE=1' '-DEXTERNAL_CLOCK_VALUE=12288000' '-DVDD_VALUE=3300' '-DINSTRUCTION_CACHE_ENABLE=1' '-DHSE_VALUE=25000000' -DUSE_FULL_LL_DRIVER '-DPREFETCH_ENABLE=1' -c -I../Drivers/CMSIS/Include -I../Drivers/STM32F4xx_HAL_Driver/Inc -I../Core/Inc -I../Drivers/CMSIS/Device/ST/STM32F4xx/Include -O0 -ffunction-sections -fdata-sections -Wall -fstack-usage -MMD -MP -MF"Core/Src/main.d" -MT"Core/Src/main.o" --specs=nano.specs -mfpu=fpv4-sp-d16 -mfloat-abi=hard -mthumb -o "Core/Src/main.o"
arm-none-eabi-gcc -o "trial.elf" @"objects.list"   -mcpu=cortex-m4 -T"D:\POLITO\3rd year\digital systema electronics\STM32\lab7_private\trial\STM32F401RETX_FLASH.ld" --specs=nosys.specs -Wl,-Map="trial.map" -Wl,--gc-sections -static --specs=nano.specs -mfpu=fpv4-sp-d16 -mfloat-abi=hard -mthumb -Wl,--start-group -lc -lm -Wl,--end-group
Finished building target: trial.elf
 
arm-none-eabi-objdump -h -S  trial.elf  > "trial.list"
arm-none-eabi-objcopy  -O binary  trial.elf  "trial.bin"
arm-none-eabi-size   trial.elf 
   text	   data	    bss	    dec	    hex	filename
   2940	     16	   1568	   4524	   11ac	trial.elf
Finished building: default.size.stdout
 
Finished building: trial.bin
Finished building: trial.list
 
 
11:17:09 **** Incremental Build of configuration Debug for project viewer ****
make -j8 all 
arm-none-eabi-size   viewer.elf 
   text	   data	    bss	    dec	    hex	filename
  11176	     12	   1828	  13016	   32d8	viewer.elf
Finished building: default.size.stdout
 
11:17:18 **** Incremental Build of configuration Debug for project trial ****
make -j8 all 
arm-none-eabi-size   trial.elf 
   text	   data	    bss	    dec	    hex	filename
   2940	     16	   1568	   4524	   11ac	trial.elf
Finished building: default.size.stdout
 
11:23:40 **** Incremental Build of configuration Debug for project trial ****
make -j8 all 
arm-none-eabi-gcc "../Core/Src/main.c" -mcpu=cortex-m4 -std=gnu11 -g3 '-DLSI_VALUE=32000' -DSTM32F401xE '-DHSE_STARTUP_TIMEOUT=100' '-DHSI_VALUE=16000000' -DDEBUG '-DLSE_STARTUP_TIMEOUT=5000' '-DLSE_VALUE=32768' '-DDATA_CACHE_ENABLE=1' '-DEXTERNAL_CLOCK_VALUE=12288000' '-DVDD_VALUE=3300' '-DINSTRUCTION_CACHE_ENABLE=1' '-DHSE_VALUE=25000000' -DUSE_FULL_LL_DRIVER '-DPREFETCH_ENABLE=1' -c -I../Drivers/CMSIS/Include -I../Drivers/STM32F4xx_HAL_Driver/Inc -I../Core/Inc -I../Drivers/CMSIS/Device/ST/STM32F4xx/Include -O0 -ffunction-sections -fdata-sections -Wall -fstack-usage -MMD -MP -MF"Core/Src/main.d" -MT"Core/Src/main.o" --specs=nano.specs -mfpu=fpv4-sp-d16 -mfloat-abi=hard -mthumb -o "Core/Src/main.o"
arm-none-eabi-gcc -o "trial.elf" @"objects.list"   -mcpu=cortex-m4 -T"D:\POLITO\3rd year\digital systema electronics\STM32\lab7_private\trial\STM32F401RETX_FLASH.ld" --specs=nosys.specs -Wl,-Map="trial.map" -Wl,--gc-sections -static --specs=nano.specs -mfpu=fpv4-sp-d16 -mfloat-abi=hard -mthumb -Wl,--start-group -lc -lm -Wl,--end-group
Finished building target: trial.elf
 
arm-none-eabi-objdump -h -S  trial.elf  > "trial.list"
arm-none-eabi-objcopy  -O binary  trial.elf  "trial.bin"
arm-none-eabi-size   trial.elf 
   text	   data	    bss	    dec	    hex	filename
   2940	     16	   1568	   4524	   11ac	trial.elf
Finished building: default.size.stdout
 
Finished building: trial.bin
Finished building: trial.list
 
 
11:23:42 **** Incremental Build of configuration Debug for project viewer ****
make -j8 all 
arm-none-eabi-size   viewer.elf 
   text	   data	    bss	    dec	    hex	filename
  11176	     12	   1828	  13016	   32d8	viewer.elf
Finished building: default.size.stdout
 
11:23:48 **** Incremental Build of configuration Debug for project trial ****
make -j8 all 
arm-none-eabi-size   trial.elf 
   text	   data	    bss	    dec	    hex	filename
   2940	     16	   1568	   4524	   11ac	trial.elf
Finished building: default.size.stdout
 
11:52:58 **** Incremental Build of configuration Debug for project trial ****
make -j8 all 
arm-none-eabi-size   trial.elf 
   text	   data	    bss	    dec	    hex	filename
   2940	     16	   1568	   4524	   11ac	trial.elf
Finished building: default.size.stdout
 
20:40:54 **** Clean-only build of configuration Debug for project lab7_ex1.3_project ****
make -j8 clean 
rm -rf *
 
20:40:56 **** Build of configuration Debug for project lab7_ex1.3_project ****
make -j8 all 
arm-none-eabi-gcc "../Drivers/STM32F4xx_HAL_Driver/Src/stm32f4xx_ll_exti.c" -mcpu=cortex-m4 -std=gnu11 -g3 '-DLSI_VALUE=32000' -DSTM32F401xE '-DHSE_STARTUP_TIMEOUT=100' '-DHSI_VALUE=16000000' '-DLSE_STARTUP_TIMEOUT=5000' -DDEBUG '-DLSE_VALUE=32768' '-DDATA_CACHE_ENABLE=1' '-DEXTERNAL_CLOCK_VALUE=12288000' '-DVDD_VALUE=3300' '-DINSTRUCTION_CACHE_ENABLE=1' '-DHSE_VALUE=25000000' -DUSE_FULL_LL_DRIVER '-DPREFETCH_ENABLE=1' -c -I../Drivers/CMSIS/Include -I../Drivers/STM32F4xx_HAL_Driver/Inc -I../Core/Inc -I../Drivers/CMSIS/Device/ST/STM32F4xx/Include -O0 -ffunction-sections -fdata-sections -Wall -fstack-usage -MMD -MP -MF"Drivers/STM32F4xx_HAL_Driver/Src/stm32f4xx_ll_exti.d" -MT"Drivers/STM32F4xx_HAL_Driver/Src/stm32f4xx_ll_exti.o" --specs=nano.specs -mfpu=fpv4-sp-d16 -mfloat-abi=hard -mthumb -o "Drivers/STM32F4xx_HAL_Driver/Src/stm32f4xx_ll_exti.o"
arm-none-eabi-gcc "../Drivers/STM32F4xx_HAL_Driver/Src/stm32f4xx_ll_gpio.c" -mcpu=cortex-m4 -std=gnu11 -g3 '-DLSI_VALUE=32000' -DSTM32F401xE '-DHSE_STARTUP_TIMEOUT=100' '-DHSI_VALUE=16000000' '-DLSE_STARTUP_TIMEOUT=5000' -DDEBUG '-DLSE_VALUE=32768' '-DDATA_CACHE_ENABLE=1' '-DEXTERNAL_CLOCK_VALUE=12288000' '-DVDD_VALUE=3300' '-DINSTRUCTION_CACHE_ENABLE=1' '-DHSE_VALUE=25000000' -DUSE_FULL_LL_DRIVER '-DPREFETCH_ENABLE=1' -c -I../Drivers/CMSIS/Include -I../Drivers/STM32F4xx_HAL_Driver/Inc -I../Core/Inc -I../Drivers/CMSIS/Device/ST/STM32F4xx/Include -O0 -ffunction-sections -fdata-sections -Wall -fstack-usage -MMD -MP -MF"Drivers/STM32F4xx_HAL_Driver/Src/stm32f4xx_ll_gpio.d" -MT"Drivers/STM32F4xx_HAL_Driver/Src/stm32f4xx_ll_gpio.o" --specs=nano.specs -mfpu=fpv4-sp-d16 -mfloat-abi=hard -mthumb -o "Drivers/STM32F4xx_HAL_Driver/Src/stm32f4xx_ll_gpio.o"
arm-none-eabi-gcc "../Drivers/STM32F4xx_HAL_Driver/Src/stm32f4xx_ll_rcc.c" -mcpu=cortex-m4 -std=gnu11 -g3 '-DLSI_VALUE=32000' -DSTM32F401xE '-DHSE_STARTUP_TIMEOUT=100' '-DHSI_VALUE=16000000' '-DLSE_STARTUP_TIMEOUT=5000' -DDEBUG '-DLSE_VALUE=32768' '-DDATA_CACHE_ENABLE=1' '-DEXTERNAL_CLOCK_VALUE=12288000' '-DVDD_VALUE=3300' '-DINSTRUCTION_CACHE_ENABLE=1' '-DHSE_VALUE=25000000' -DUSE_FULL_LL_DRIVER '-DPREFETCH_ENABLE=1' -c -I../Drivers/CMSIS/Include -I../Drivers/STM32F4xx_HAL_Driver/Inc -I../Core/Inc -I../Drivers/CMSIS/Device/ST/STM32F4xx/Include -O0 -ffunction-sections -fdata-sections -Wall -fstack-usage -MMD -MP -MF"Drivers/STM32F4xx_HAL_Driver/Src/stm32f4xx_ll_rcc.d" -MT"Drivers/STM32F4xx_HAL_Driver/Src/stm32f4xx_ll_rcc.o" --specs=nano.specs -mfpu=fpv4-sp-d16 -mfloat-abi=hard -mthumb -o "Drivers/STM32F4xx_HAL_Driver/Src/stm32f4xx_ll_rcc.o"
arm-none-eabi-gcc "../Drivers/STM32F4xx_HAL_Driver/Src/stm32f4xx_ll_utils.c" -mcpu=cortex-m4 -std=gnu11 -g3 '-DLSI_VALUE=32000' -DSTM32F401xE '-DHSE_STARTUP_TIMEOUT=100' '-DHSI_VALUE=16000000' '-DLSE_STARTUP_TIMEOUT=5000' -DDEBUG '-DLSE_VALUE=32768' '-DDATA_CACHE_ENABLE=1' '-DEXTERNAL_CLOCK_VALUE=12288000' '-DVDD_VALUE=3300' '-DINSTRUCTION_CACHE_ENABLE=1' '-DHSE_VALUE=25000000' -DUSE_FULL_LL_DRIVER '-DPREFETCH_ENABLE=1' -c -I../Drivers/CMSIS/Include -I../Drivers/STM32F4xx_HAL_Driver/Inc -I../Core/Inc -I../Drivers/CMSIS/Device/ST/STM32F4xx/Include -O0 -ffunction-sections -fdata-sections -Wall -fstack-usage -MMD -MP -MF"Drivers/STM32F4xx_HAL_Driver/Src/stm32f4xx_ll_utils.d" -MT"Drivers/STM32F4xx_HAL_Driver/Src/stm32f4xx_ll_utils.o" --specs=nano.specs -mfpu=fpv4-sp-d16 -mfloat-abi=hard -mthumb -o "Drivers/STM32F4xx_HAL_Driver/Src/stm32f4xx_ll_utils.o"
arm-none-eabi-gcc -mcpu=cortex-m4 -g3 -c -x assembler-with-cpp --specs=nano.specs -mfpu=fpv4-sp-d16 -mfloat-abi=hard -mthumb -o "Core/Startup/startup_stm32f401retx.o" "../Core/Startup/startup_stm32f401retx.s"
arm-none-eabi-gcc "../Core/Src/main.c" -mcpu=cortex-m4 -std=gnu11 -g3 '-DLSI_VALUE=32000' -DSTM32F401xE '-DHSE_STARTUP_TIMEOUT=100' '-DHSI_VALUE=16000000' '-DLSE_STARTUP_TIMEOUT=5000' -DDEBUG '-DLSE_VALUE=32768' '-DDATA_CACHE_ENABLE=1' '-DEXTERNAL_CLOCK_VALUE=12288000' '-DVDD_VALUE=3300' '-DINSTRUCTION_CACHE_ENABLE=1' '-DHSE_VALUE=25000000' -DUSE_FULL_LL_DRIVER '-DPREFETCH_ENABLE=1' -c -I../Drivers/CMSIS/Include -I../Drivers/STM32F4xx_HAL_Driver/Inc -I../Core/Inc -I../Drivers/CMSIS/Device/ST/STM32F4xx/Include -O0 -ffunction-sections -fdata-sections -Wall -fstack-usage -MMD -MP -MF"Core/Src/main.d" -MT"Core/Src/main.o" --specs=nano.specs -mfpu=fpv4-sp-d16 -mfloat-abi=hard -mthumb -o "Core/Src/main.o"
arm-none-eabi-gcc "../Core/Src/stm32f4xx_it.c" -mcpu=cortex-m4 -std=gnu11 -g3 '-DLSI_VALUE=32000' -DSTM32F401xE '-DHSE_STARTUP_TIMEOUT=100' '-DHSI_VALUE=16000000' '-DLSE_STARTUP_TIMEOUT=5000' -DDEBUG '-DLSE_VALUE=32768' '-DDATA_CACHE_ENABLE=1' '-DEXTERNAL_CLOCK_VALUE=12288000' '-DVDD_VALUE=3300' '-DINSTRUCTION_CACHE_ENABLE=1' '-DHSE_VALUE=25000000' -DUSE_FULL_LL_DRIVER '-DPREFETCH_ENABLE=1' -c -I../Drivers/CMSIS/Include -I../Drivers/STM32F4xx_HAL_Driver/Inc -I../Core/Inc -I../Drivers/CMSIS/Device/ST/STM32F4xx/Include -O0 -ffunction-sections -fdata-sections -Wall -fstack-usage -MMD -MP -MF"Core/Src/stm32f4xx_it.d" -MT"Core/Src/stm32f4xx_it.o" --specs=nano.specs -mfpu=fpv4-sp-d16 -mfloat-abi=hard -mthumb -o "Core/Src/stm32f4xx_it.o"
arm-none-eabi-gcc "../Core/Src/syscalls.c" -mcpu=cortex-m4 -std=gnu11 -g3 '-DLSI_VALUE=32000' -DSTM32F401xE '-DHSE_STARTUP_TIMEOUT=100' '-DHSI_VALUE=16000000' '-DLSE_STARTUP_TIMEOUT=5000' -DDEBUG '-DLSE_VALUE=32768' '-DDATA_CACHE_ENABLE=1' '-DEXTERNAL_CLOCK_VALUE=12288000' '-DVDD_VALUE=3300' '-DINSTRUCTION_CACHE_ENABLE=1' '-DHSE_VALUE=25000000' -DUSE_FULL_LL_DRIVER '-DPREFETCH_ENABLE=1' -c -I../Drivers/CMSIS/Include -I../Drivers/STM32F4xx_HAL_Driver/Inc -I../Core/Inc -I../Drivers/CMSIS/Device/ST/STM32F4xx/Include -O0 -ffunction-sections -fdata-sections -Wall -fstack-usage -MMD -MP -MF"Core/Src/syscalls.d" -MT"Core/Src/syscalls.o" --specs=nano.specs -mfpu=fpv4-sp-d16 -mfloat-abi=hard -mthumb -o "Core/Src/syscalls.o"
arm-none-eabi-gcc "../Core/Src/sysmem.c" -mcpu=cortex-m4 -std=gnu11 -g3 '-DLSI_VALUE=32000' -DSTM32F401xE '-DHSE_STARTUP_TIMEOUT=100' '-DHSI_VALUE=16000000' '-DLSE_STARTUP_TIMEOUT=5000' -DDEBUG '-DLSE_VALUE=32768' '-DDATA_CACHE_ENABLE=1' '-DEXTERNAL_CLOCK_VALUE=12288000' '-DVDD_VALUE=3300' '-DINSTRUCTION_CACHE_ENABLE=1' '-DHSE_VALUE=25000000' -DUSE_FULL_LL_DRIVER '-DPREFETCH_ENABLE=1' -c -I../Drivers/CMSIS/Include -I../Drivers/STM32F4xx_HAL_Driver/Inc -I../Core/Inc -I../Drivers/CMSIS/Device/ST/STM32F4xx/Include -O0 -ffunction-sections -fdata-sections -Wall -fstack-usage -MMD -MP -MF"Core/Src/sysmem.d" -MT"Core/Src/sysmem.o" --specs=nano.specs -mfpu=fpv4-sp-d16 -mfloat-abi=hard -mthumb -o "Core/Src/sysmem.o"
arm-none-eabi-gcc "../Core/Src/system_stm32f4xx.c" -mcpu=cortex-m4 -std=gnu11 -g3 '-DLSI_VALUE=32000' -DSTM32F401xE '-DHSE_STARTUP_TIMEOUT=100' '-DHSI_VALUE=16000000' '-DLSE_STARTUP_TIMEOUT=5000' -DDEBUG '-DLSE_VALUE=32768' '-DDATA_CACHE_ENABLE=1' '-DEXTERNAL_CLOCK_VALUE=12288000' '-DVDD_VALUE=3300' '-DINSTRUCTION_CACHE_ENABLE=1' '-DHSE_VALUE=25000000' -DUSE_FULL_LL_DRIVER '-DPREFETCH_ENABLE=1' -c -I../Drivers/CMSIS/Include -I../Drivers/STM32F4xx_HAL_Driver/Inc -I../Core/Inc -I../Drivers/CMSIS/Device/ST/STM32F4xx/Include -O0 -ffunction-sections -fdata-sections -Wall -fstack-usage -MMD -MP -MF"Core/Src/system_stm32f4xx.d" -MT"Core/Src/system_stm32f4xx.o" --specs=nano.specs -mfpu=fpv4-sp-d16 -mfloat-abi=hard -mthumb -o "Core/Src/system_stm32f4xx.o"
arm-none-eabi-gcc -o "lab7_ex1.3_project.elf" @"objects.list"   -mcpu=cortex-m4 -T"D:\POLITO\3rd year\digital systema electronics\STM32\lab7_ex1.3\lab7_ex1.3_project\STM32F401RETX_FLASH.ld" --specs=nosys.specs -Wl,-Map="lab7_ex1.3_project.map" -Wl,--gc-sections -static --specs=nano.specs -mfpu=fpv4-sp-d16 -mfloat-abi=hard -mthumb -Wl,--start-group -lc -lm -Wl,--end-group
Finished building target: lab7_ex1.3_project.elf
 
arm-none-eabi-size   lab7_ex1.3_project.elf 
arm-none-eabi-objdump -h -S  lab7_ex1.3_project.elf  > "lab7_ex1.3_project.list"
arm-none-eabi-objcopy  -O binary  lab7_ex1.3_project.elf  "lab7_ex1.3_project.bin"
   text	   data	    bss	    dec	    hex	filename
   2856	     12	   1564	   4432	   1150	lab7_ex1.3_project.elf
Finished building: default.size.stdout
 
Finished building: lab7_ex1.3_project.bin
 
Finished building: lab7_ex1.3_project.list
 
20:41:23 **** Incremental Build of configuration Debug for project lab7_ex1.3_project ****
make -j8 all 
arm-none-eabi-size   lab7_ex1.3_project.elf 
   text	   data	    bss	    dec	    hex	filename
   2856	     12	   1564	   4432	   1150	lab7_ex1.3_project.elf
Finished building: default.size.stdout
 
20:43:05 **** Incremental Build of configuration Debug for project lab7_ex1.3_project ****
make -j8 all 
arm-none-eabi-size   lab7_ex1.3_project.elf 
   text	   data	    bss	    dec	    hex	filename
   2856	     12	   1564	   4432	   1150	lab7_ex1.3_project.elf
Finished building: default.size.stdout
 
