11:30:08 **** Incremental Build of configuration Debug for project lab7_ex1.2_project ****
make -j8 all 
arm-none-eabi-gcc "../Core/Src/main.c" -mcpu=cortex-m4 -std=gnu11 -g3 '-DLSI_VALUE=32000' -DSTM32F401xE '-DHSE_STARTUP_TIMEOUT=100' '-DHSI_VALUE=16000000' -DDEBUG '-DLSE_STARTUP_TIMEOUT=5000' '-DLSE_VALUE=32768' '-DDATA_CACHE_ENABLE=1' '-DEXTERNAL_CLOCK_VALUE=12288000' '-DVDD_VALUE=3300' '-DINSTRUCTION_CACHE_ENABLE=1' '-DHSE_VALUE=25000000' -DUSE_FULL_LL_DRIVER '-DPREFETCH_ENABLE=1' -c -I../Drivers/CMSIS/Include -I../Drivers/STM32F4xx_HAL_Driver/Inc -I../Core/Inc -I../Drivers/CMSIS/Device/ST/STM32F4xx/Include -O0 -ffunction-sections -fdata-sections -Wall -fstack-usage -MMD -MP -MF"Core/Src/main.d" -MT"Core/Src/main.o" --specs=nano.specs -mfpu=fpv4-sp-d16 -mfloat-abi=hard -mthumb -o "Core/Src/main.o"
arm-none-eabi-gcc -o "lab7_ex1.2_project.elf" @"objects.list"   -mcpu=cortex-m4 -T"D:\POLITO\3rd year\digital systema electronics\STM32\lab7_ex1.2\lab7_ex1.2_project\STM32F401RETX_FLASH.ld" --specs=nosys.specs -Wl,-Map="lab7_ex1.2_project.map" -Wl,--gc-sections -static --specs=nano.specs -mfpu=fpv4-sp-d16 -mfloat-abi=hard -mthumb -Wl,--start-group -lc -lm -Wl,--end-group
Finished building target: lab7_ex1.2_project.elf
 
arm-none-eabi-size   lab7_ex1.2_project.elf 
arm-none-eabi-objdump -h -S  lab7_ex1.2_project.elf  > "lab7_ex1.2_project.list"
arm-none-eabi-objcopy  -O binary  lab7_ex1.2_project.elf  "lab7_ex1.2_project.bin"
   text	   data	    bss	    dec	    hex	filename
   2680	     12	   1564	   4256	   10a0	lab7_ex1.2_project.elf
Finished building: default.size.stdout
 
Finished building: lab7_ex1.2_project.bin
Finished building: lab7_ex1.2_project.list
 
 

11:30:10 Build Finished. 0 errors, 0 warnings. (took 2s.15ms)

